<html>
<body>
<pre>
<h1>µVision Build Log</h1>
<h2>Tool Versions:</h2>
IDE-Version: ¦ÌVision V5.20.0.0
Copyright (C) 2016 ARM Ltd and ARM Germany GmbH. All rights reserved.
License Information: henry Legends, HP Inc., LIC=BUURY-IMQUV-56IQ2-9HFB2-XHRE0-ZI8NF
 
Tool Versions:
Toolchain:       MDK-ARM Plus  Version: 5.20
Toolchain Path:  C:\Keil_v5\ARM\ARMCC\Bin
C Compiler:      Armcc.exe V5.06 update 2 (build 183)
Assembler:       Armasm.exe V5.06 update 2 (build 183)
Linker/Locator:  ArmLink.exe V5.06 update 2 (build 183)
Library Manager: ArmAr.exe V5.06 update 2 (build 183)
Hex Converter:   FromElf.exe V5.06 update 2 (build 183)
CPU DLL:         SARMCM3.DLL V5.20
Dialog DLL:      DCM.DLL V1.13.7.0
Target DLL:      Segger\JL2CM3.dll V2.99.20.0
Dialog DLL:      TCM.DLL V1.14.9.0
 
<h2>Project:</h2>
D:\LH\LH001\LH001-55\customer\EvalKit\Àý³Ì\examples\AIN_IsrcTia\gd32f330\KEIL\AIN_Isrc.uvprojx
Project File Date:  04/25/2022

<h2>Output:</h2>
*** Using Compiler 'V5.06 update 2 (build 183)', folder: 'C:\Keil_v5\ARM\ARMCC\Bin'
Build target 'Target 1'
compiling gd32f3x0_exti.c...
compiling gd32f3x0_gpio.c...
compiling gd32f3x0_spi.c...
compiling LH001_55.c...
compiling main.c...
compiling gd32f3x0_fmc.c...
compiling gd32f3x0_syscfg.c...
assembling startup_gd32f3x0.s...
compiling spi_port.c...
compiling gd32f3x0_misc.c...
compiling uart_print.c...
compiling gd32f3x0_timer.c...
compiling gd32f3x0_usart.c...
compiling gd32f3x0_rcu.c...
compiling system_gd32f3x0.c...
linking...
Program Size: Code=9412 RO-data=368 RW-data=120 ZI-data=512  
".\debug\AIN_Isource.axf" - 0 Error(s), 0 Warning(s).

<h2>Software Packages used:</h2>

Package Vendor: ARM
                http://www.keil.com/pack/ARM.CMSIS.4.5.0.pack
                ARM::CMSIS:CORE:4.3.0
                CMSIS (Cortex Microcontroller Software Interface Standard)
   * Component: CORE Version: 4.3.0

Package Vendor: GigaDevice
                http://gd32mcu.com/data/documents/pack/GigaDevice.GD32F3x0_DFP.2.0.0.pack
                GigaDevice::Device:GD32F3x0_libopt:2.0.0
                GigaDevice GD32F3x0 Series Device Support and Examples
   * Component: GD32F3x0_libopt Version: 2.0.0
   * Component: MISC Version: 2.0.0
   * Component: Startup Version: 2.0.0
   * Component: RCU Version: 2.0.0

<h2>Collection of Component include folders:</h2>
  D:\LH\LH001\LH001-55\customer\EvalKit\Àý³Ì\examples\AIN_IsrcTia\gd32f330\KEIL\RTE
  C:\Keil_v5\ARM\PACK\ARM\CMSIS\4.5.0\CMSIS\Include
  C:\Keil_v5\ARM\PACK\GigaDevice\GD32F3x0_DFP\2.0.0\Device\Firmware\Peripherals\inc
  C:\Keil_v5\ARM\PACK\GigaDevice\GD32F3x0_DFP\2.0.0\Device\Include

<h2>Collection of Component Files used:</h2>

   * Component: ARM::CMSIS:CORE:4.3.0

   * Component: GigaDevice::Device:GD32F3x0_libopt:2.0.0
      Include file:  Device\Include\gd32f3x0_libopt.h

   * Component: GigaDevice::Device:GD32F3x0_StdPeripherals:MISC:2.0.0
      Include file:  Device\Firmware\Peripherals\inc\gd32f3x0_misc.h
      Source file:   Device\Firmware\Peripherals\src\gd32f3x0_misc.c

   * Component: GigaDevice::Device:Startup:2.0.0
      Include file:  Device\Include\gd32f3x0.h
      Source file:   Device\Source\system_gd32f3x0.c
      Source file:   Device\Source\ARM\startup_gd32f3x0.s

   * Component: GigaDevice::Device:GD32F3x0_StdPeripherals:RCU:2.0.0
      Include file:  Device\Firmware\Peripherals\inc\gd32f3x0_rcu.h
      Source file:   Device\Firmware\Peripherals\src\gd32f3x0_rcu.c
Build Time Elapsed:  00:00:02
</pre>
</body>
</html>
