Component: Arm Compiler for Embedded 6.18 Tool: armlink [5e4cc100]

==============================================================================

Section Cross References

    main.o(.ARM.exidx.text.delay) refers to main.o(.text.delay) for [Anonymous Symbol]
    main.o(.text.LH001_55_init) refers to spi_port.o(.text.stm_lh_spi_init) for stm_lh_spi_init
    main.o(.text.LH001_55_init) refers to lh001_55.o(.text.LH001_55_sw_reset) for LH001_55_sw_reset
    main.o(.text.LH001_55_init) refers to lh001_55.o(.text.LH001_55_adc_stop) for LH001_55_adc_stop
    main.o(.text.LH001_55_init) refers to lh001_55.o(.text.LH001_55_rdatac_stop) for LH001_55_rdatac_stop
    main.o(.text.LH001_55_init) refers to main.o(.bss.pga_gain) for pga_gain
    main.o(.text.LH001_55_init) refers to lh001_55.o(.text.LH001_55_pga_init) for LH001_55_pga_init
    main.o(.text.LH001_55_init) refers to lh001_55.o(.text.LH001_55_adc_init) for LH001_55_adc_init
    main.o(.text.LH001_55_init) refers to lh001_55.o(.text.LH001_55_post_setup) for LH001_55_post_setup
    main.o(.text.LH001_55_init) refers to lh001_55.o(.text.LH001_55_read_regs) for LH001_55_read_regs
    main.o(.text.LH001_55_init) refers to lh001_55.o(.text.LH001_55_write_regs) for LH001_55_write_regs
    main.o(.text.LH001_55_init) refers to lh001_55.o(.text.LH001_55_adc_channel) for LH001_55_adc_channel
    main.o(.ARM.exidx.text.LH001_55_init) refers to main.o(.text.LH001_55_init) for [Anonymous Symbol]
    main.o(.text.main) refers to main.o(.bss.data_cnt) for data_cnt
    main.o(.text.main) refers to main.o(.bss.data_ready_flag) for data_ready_flag
    main.o(.text.main) refers to uart_print.o(.text.uart_print_init) for uart_print_init
    main.o(.text.main) refers to uart_print.o(.text.debug_pin_init) for debug_pin_init
    main.o(.text.main) refers to main.o(.rodata.str1.1) for .L.str
    main.o(.text.main) refers to printfa.o(i.__0printf) for printf
    main.o(.text.main) refers to main.o(.text.LH001_55_init) for LH001_55_init
    main.o(.text.main) refers to main.o(.data.reg) for reg
    main.o(.text.main) refers to lh001_55.o(.text.LH001_55_reg_dump) for LH001_55_reg_dump
    main.o(.text.main) refers to lh001_55.o(.text.LH001_55_adc_go) for LH001_55_adc_go
    main.o(.text.main) refers to lh001_55.o(.text.LH001_55_rdatac_start) for LH001_55_rdatac_start
    main.o(.text.main) refers to main.o(.bss.adc_data) for adc_data
    main.o(.text.main) refers to dflti.o(.text) for __aeabi_i2d
    main.o(.text.main) refers to dmul.o(.text) for __aeabi_dmul
    main.o(.text.main) refers to ddiv.o(.text) for __aeabi_ddiv
    main.o(.text.main) refers to main.o(.bss.pga_gain) for pga_gain
    main.o(.text.main) refers to dfltui.o(.text) for __aeabi_ui2d
    main.o(.ARM.exidx.text.main) refers to main.o(.text.main) for [Anonymous Symbol]
    main.o(.text.EXTI4_15_IRQHandler) refers to gd32f3x0_exti.o(.text.exti_interrupt_flag_get) for exti_interrupt_flag_get
    main.o(.text.EXTI4_15_IRQHandler) refers to gd32f3x0_exti.o(.text.exti_interrupt_flag_clear) for exti_interrupt_flag_clear
    main.o(.text.EXTI4_15_IRQHandler) refers to lh001_55.o(.text.LH001_55_read_data_nofifo) for LH001_55_read_data_nofifo
    main.o(.text.EXTI4_15_IRQHandler) refers to main.o(.bss.adc_data) for adc_data
    main.o(.text.EXTI4_15_IRQHandler) refers to main.o(.bss.data_cnt) for data_cnt
    main.o(.text.EXTI4_15_IRQHandler) refers to main.o(.bss.data_ready_flag) for data_ready_flag
    main.o(.ARM.exidx.text.EXTI4_15_IRQHandler) refers to main.o(.text.EXTI4_15_IRQHandler) for [Anonymous Symbol]
    lh001_55.o(.text.LH001_55_hw_reset) refers to spi_port.o(.text.stm_lh_delay_10us) for stm_lh_delay_10us
    lh001_55.o(.text.LH001_55_hw_reset) refers to lh001_55.o(.text.LH001_55_adc_stop) for LH001_55_adc_stop
    lh001_55.o(.text.LH001_55_hw_reset) refers to lh001_55.o(.text.LH001_55_rdatac_stop) for LH001_55_rdatac_stop
    lh001_55.o(.ARM.exidx.text.LH001_55_hw_reset) refers to lh001_55.o(.text.LH001_55_hw_reset) for [Anonymous Symbol]
    lh001_55.o(.text.LH001_55_adc_stop) refers to spi_port.o(.text.stm_lh_spi_txrx8bit) for stm_lh_spi_txrx8bit
    lh001_55.o(.ARM.exidx.text.LH001_55_adc_stop) refers to lh001_55.o(.text.LH001_55_adc_stop) for [Anonymous Symbol]
    lh001_55.o(.text.LH001_55_rdatac_stop) refers to spi_port.o(.text.stm_lh_spi_txrx8bit) for stm_lh_spi_txrx8bit
    lh001_55.o(.ARM.exidx.text.LH001_55_rdatac_stop) refers to lh001_55.o(.text.LH001_55_rdatac_stop) for [Anonymous Symbol]
    lh001_55.o(.text.LH001_55_adc_go) refers to spi_port.o(.text.stm_lh_spi_txrx8bit) for stm_lh_spi_txrx8bit
    lh001_55.o(.ARM.exidx.text.LH001_55_adc_go) refers to lh001_55.o(.text.LH001_55_adc_go) for [Anonymous Symbol]
    lh001_55.o(.text.LH001_55_sw_reset) refers to spi_port.o(.text.stm_lh_spi_txrx8bit) for stm_lh_spi_txrx8bit
    lh001_55.o(.ARM.exidx.text.LH001_55_sw_reset) refers to lh001_55.o(.text.LH001_55_sw_reset) for [Anonymous Symbol]
[...]
    Removing gd32f3x0_fmc.o(.ARM.exidx.text.fmc_halfword_program), (8 bytes).
    Removing gd32f3x0_fmc.o(.text.fmc_word_reprogram), (100 bytes).
    Removing gd32f3x0_fmc.o(.ARM.exidx.text.fmc_word_reprogram), (8 bytes).
    Removing gd32f3x0_fmc.o(.text.ob_unlock), (50 bytes).
    Removing gd32f3x0_fmc.o(.ARM.exidx.text.ob_unlock), (8 bytes).
    Removing gd32f3x0_fmc.o(.text.ob_lock), (18 bytes).
    Removing gd32f3x0_fmc.o(.ARM.exidx.text.ob_lock), (8 bytes).
    Removing gd32f3x0_fmc.o(.text.ob_reset), (18 bytes).
    Removing gd32f3x0_fmc.o(.ARM.exidx.text.ob_reset), (8 bytes).
    Removing gd32f3x0_fmc.o(.text.ob_erase), (254 bytes).
    Removing gd32f3x0_fmc.o(.ARM.exidx.text.ob_erase), (8 bytes).
    Removing gd32f3x0_fmc.o(.text.ob_obstat_plevel_get), (16 bytes).
    Removing gd32f3x0_fmc.o(.ARM.exidx.text.ob_obstat_plevel_get), (8 bytes).
    Removing gd32f3x0_fmc.o(.text.ob_write_protection_enable), (412 bytes).
    Removing gd32f3x0_fmc.o(.ARM.exidx.text.ob_write_protection_enable), (8 bytes).
    Removing gd32f3x0_fmc.o(.text.ob_parm_get), (92 bytes).
    Removing gd32f3x0_fmc.o(.ARM.exidx.text.ob_parm_get), (8 bytes).
    Removing gd32f3x0_fmc.o(.text.ob_value_modify), (340 bytes).
    Removing gd32f3x0_fmc.o(.ARM.exidx.text.ob_value_modify), (8 bytes).
    Removing gd32f3x0_fmc.o(.text.ob_security_protection_config), (222 bytes).
    Removing gd32f3x0_fmc.o(.ARM.exidx.text.ob_security_protection_config), (8 bytes).
    Removing gd32f3x0_fmc.o(.text.ob_user_write), (204 bytes).
    Removing gd32f3x0_fmc.o(.ARM.exidx.text.ob_user_write), (8 bytes).
    Removing gd32f3x0_fmc.o(.text.ob_data_program), (288 bytes).
    Removing gd32f3x0_fmc.o(.ARM.exidx.text.ob_data_program), (8 bytes).
    Removing gd32f3x0_fmc.o(.text.ob_user_get), (16 bytes).
    Removing gd32f3x0_fmc.o(.ARM.exidx.text.ob_user_get), (8 bytes).
    Removing gd32f3x0_fmc.o(.text.ob_data_get), (14 bytes).
    Removing gd32f3x0_fmc.o(.ARM.exidx.text.ob_data_get), (8 bytes).
    Removing gd32f3x0_fmc.o(.text.ob_write_protection_get), (14 bytes).
    Removing gd32f3x0_fmc.o(.ARM.exidx.text.ob_write_protection_get), (8 bytes).
    Removing gd32f3x0_fmc.o(.text.fmc_interrupt_enable), (24 bytes).
    Removing gd32f3x0_fmc.o(.ARM.exidx.text.fmc_interrupt_enable), (8 bytes).
    Removing gd32f3x0_fmc.o(.text.fmc_interrupt_disable), (24 bytes).
    Removing gd32f3x0_fmc.o(.ARM.exidx.text.fmc_interrupt_disable), (8 bytes).
    Removing gd32f3x0_fmc.o(.text.fmc_flag_get), (44 bytes).
    Removing gd32f3x0_fmc.o(.ARM.exidx.text.fmc_flag_get), (8 bytes).
    Removing gd32f3x0_fmc.o(.text.fmc_flag_clear), (20 bytes).
    Removing gd32f3x0_fmc.o(.ARM.exidx.text.fmc_flag_clear), (8 bytes).
    Removing gd32f3x0_fmc.o(.text.fmc_interrupt_flag_get), (44 bytes).
    Removing gd32f3x0_fmc.o(.ARM.exidx.text.fmc_interrupt_flag_get), (8 bytes).
    Removing gd32f3x0_fmc.o(.text.fmc_interrupt_flag_clear), (20 bytes).
    Removing gd32f3x0_fmc.o(.ARM.exidx.text.fmc_interrupt_flag_clear), (8 bytes).
    Removing gd32f3x0_fmc.o(.text.fmc_state_get), (96 bytes).
    Removing gd32f3x0_fmc.o(.ARM.exidx.text.fmc_state_get), (8 bytes).
    Removing gd32f3x0_gpio.o(.text), (0 bytes).
    Removing gd32f3x0_gpio.o(.text.gpio_deinit), (178 bytes).
    Removing gd32f3x0_gpio.o(.ARM.exidx.text.gpio_deinit), (8 bytes).
    Removing gd32f3x0_gpio.o(.ARM.exidx.text.gpio_mode_set), (8 bytes).
    Removing gd32f3x0_gpio.o(.ARM.exidx.text.gpio_output_options_set), (8 bytes).
    Removing gd32f3x0_gpio.o(.text.gpio_bit_set), (16 bytes).
    Removing gd32f3x0_gpio.o(.ARM.exidx.text.gpio_bit_set), (8 bytes).
    Removing gd32f3x0_gpio.o(.text.gpio_bit_reset), (16 bytes).
    Removing gd32f3x0_gpio.o(.ARM.exidx.text.gpio_bit_reset), (8 bytes).
    Removing gd32f3x0_gpio.o(.text.gpio_bit_write), (38 bytes).
    Removing gd32f3x0_gpio.o(.ARM.exidx.text.gpio_bit_write), (8 bytes).
    Removing gd32f3x0_gpio.o(.text.gpio_port_write), (20 bytes).
    Removing gd32f3x0_gpio.o(.ARM.exidx.text.gpio_port_write), (8 bytes).
    Removing gd32f3x0_gpio.o(.text.gpio_input_bit_get), (42 bytes).
    Removing gd32f3x0_gpio.o(.ARM.exidx.text.gpio_input_bit_get), (8 bytes).
    Removing gd32f3x0_gpio.o(.text.gpio_input_port_get), (14 bytes).
    Removing gd32f3x0_gpio.o(.ARM.exidx.text.gpio_input_port_get), (8 bytes).
    Removing gd32f3x0_gpio.o(.text.gpio_output_bit_get), (42 bytes).
    Removing gd32f3x0_gpio.o(.ARM.exidx.text.gpio_output_bit_get), (8 bytes).
    Removing gd32f3x0_gpio.o(.text.gpio_output_port_get), (14 bytes).
    Removing gd32f3x0_gpio.o(.ARM.exidx.text.gpio_output_port_get), (8 bytes).
    Removing gd32f3x0_gpio.o(.ARM.exidx.text.gpio_af_set), (8 bytes).
    Removing gd32f3x0_gpio.o(.text.gpio_pin_lock), (54 bytes).
    Removing gd32f3x0_gpio.o(.ARM.exidx.text.gpio_pin_lock), (8 bytes).
    Removing gd32f3x0_gpio.o(.text.gpio_bit_toggle), (16 bytes).
    Removing gd32f3x0_gpio.o(.ARM.exidx.text.gpio_bit_toggle), (8 bytes).
    Removing gd32f3x0_gpio.o(.text.gpio_port_toggle), (16 bytes).
    Removing gd32f3x0_gpio.o(.ARM.exidx.text.gpio_port_toggle), (8 bytes).
    Removing gd32f3x0_spi.o(.text), (0 bytes).
    Removing gd32f3x0_spi.o(.ARM.exidx.text.spi_i2s_deinit), (8 bytes).
    Removing gd32f3x0_spi.o(.ARM.exidx.text.spi_struct_para_init), (8 bytes).
    Removing gd32f3x0_spi.o(.ARM.exidx.text.spi_init), (8 bytes).
    Removing gd32f3x0_spi.o(.ARM.exidx.text.spi_enable), (8 bytes).
    Removing gd32f3x0_spi.o(.text.spi_disable), (18 bytes).
    Removing gd32f3x0_spi.o(.ARM.exidx.text.spi_disable), (8 bytes).
    Removing gd32f3x0_spi.o(.text.spi_nss_output_enable), (18 bytes).
    Removing gd32f3x0_spi.o(.ARM.exidx.text.spi_nss_output_enable), (8 bytes).
    Removing gd32f3x0_spi.o(.text.spi_nss_output_disable), (18 bytes).
    Removing gd32f3x0_spi.o(.ARM.exidx.text.spi_nss_output_disable), (8 bytes).
    Removing gd32f3x0_spi.o(.text.spi_nss_internal_high), (18 bytes).
    Removing gd32f3x0_spi.o(.ARM.exidx.text.spi_nss_internal_high), (8 bytes).
    Removing gd32f3x0_spi.o(.text.spi_nss_internal_low), (18 bytes).
    Removing gd32f3x0_spi.o(.ARM.exidx.text.spi_nss_internal_low), (8 bytes).
    Removing gd32f3x0_spi.o(.text.spi_dma_enable), (44 bytes).
    Removing gd32f3x0_spi.o(.ARM.exidx.text.spi_dma_enable), (8 bytes).
    Removing gd32f3x0_spi.o(.text.spi_dma_disable), (44 bytes).
    Removing gd32f3x0_spi.o(.ARM.exidx.text.spi_dma_disable), (8 bytes).
    Removing gd32f3x0_spi.o(.text.spi_i2s_data_frame_format_config), (34 bytes).
    Removing gd32f3x0_spi.o(.ARM.exidx.text.spi_i2s_data_frame_format_config), (8 bytes).
    Removing gd32f3x0_spi.o(.ARM.exidx.text.spi_i2s_data_transmit), (8 bytes).
    Removing gd32f3x0_spi.o(.ARM.exidx.text.spi_i2s_data_receive), (8 bytes).
    Removing gd32f3x0_spi.o(.text.spi_bidirectional_transfer_config), (44 bytes).
    Removing gd32f3x0_spi.o(.ARM.exidx.text.spi_bidirectional_transfer_config), (8 bytes).
    Removing gd32f3x0_spi.o(.text.spi_crc_polynomial_set), (30 bytes).
    Removing gd32f3x0_spi.o(.ARM.exidx.text.spi_crc_polynomial_set), (8 bytes).
    Removing gd32f3x0_spi.o(.text.spi_crc_polynomial_get), (14 bytes).
    Removing gd32f3x0_spi.o(.ARM.exidx.text.spi_crc_polynomial_get), (8 bytes).
    Removing gd32f3x0_spi.o(.text.spi_crc_on), (18 bytes).
    Removing gd32f3x0_spi.o(.ARM.exidx.text.spi_crc_on), (8 bytes).
    Removing gd32f3x0_spi.o(.text.spi_crc_off), (18 bytes).
    Removing gd32f3x0_spi.o(.ARM.exidx.text.spi_crc_off), (8 bytes).
    Removing gd32f3x0_spi.o(.text.spi_crc_next), (18 bytes).
    Removing gd32f3x0_spi.o(.ARM.exidx.text.spi_crc_next), (8 bytes).
    Removing gd32f3x0_spi.o(.text.spi_crc_get), (44 bytes).
    Removing gd32f3x0_spi.o(.ARM.exidx.text.spi_crc_get), (8 bytes).
    Removing gd32f3x0_spi.o(.text.spi_ti_mode_enable), (18 bytes).
    Removing gd32f3x0_spi.o(.ARM.exidx.text.spi_ti_mode_enable), (8 bytes).
    Removing gd32f3x0_spi.o(.text.spi_ti_mode_disable), (18 bytes).
    Removing gd32f3x0_spi.o(.ARM.exidx.text.spi_ti_mode_disable), (8 bytes).
    Removing gd32f3x0_spi.o(.text.spi_nssp_mode_enable), (18 bytes).
    Removing gd32f3x0_spi.o(.ARM.exidx.text.spi_nssp_mode_enable), (8 bytes).
    Removing gd32f3x0_spi.o(.text.spi_nssp_mode_disable), (18 bytes).
    Removing gd32f3x0_spi.o(.ARM.exidx.text.spi_nssp_mode_disable), (8 bytes).
    Removing gd32f3x0_spi.o(.text.qspi_enable), (22 bytes).
    Removing gd32f3x0_spi.o(.ARM.exidx.text.qspi_enable), (8 bytes).
    Removing gd32f3x0_spi.o(.text.qspi_disable), (22 bytes).
    Removing gd32f3x0_spi.o(.ARM.exidx.text.qspi_disable), (8 bytes).
    Removing gd32f3x0_spi.o(.text.qspi_write_enable), (22 bytes).
    Removing gd32f3x0_spi.o(.ARM.exidx.text.qspi_write_enable), (8 bytes).
    Removing gd32f3x0_spi.o(.text.qspi_read_enable), (22 bytes).
    Removing gd32f3x0_spi.o(.ARM.exidx.text.qspi_read_enable), (8 bytes).
    Removing gd32f3x0_spi.o(.text.qspi_io23_output_enable), (22 bytes).
    Removing gd32f3x0_spi.o(.ARM.exidx.text.qspi_io23_output_enable), (8 bytes).
    Removing gd32f3x0_spi.o(.text.qspi_io23_output_disable), (22 bytes).
    Removing gd32f3x0_spi.o(.ARM.exidx.text.qspi_io23_output_disable), (8 bytes).
    Removing gd32f3x0_spi.o(.text.spi_i2s_interrupt_enable), (78 bytes).
    Removing gd32f3x0_spi.o(.ARM.exidx.text.spi_i2s_interrupt_enable), (8 bytes).
    Removing gd32f3x0_spi.o(.text.spi_i2s_interrupt_disable), (78 bytes).
    Removing gd32f3x0_spi.o(.ARM.exidx.text.spi_i2s_interrupt_disable), (8 bytes).
    Removing gd32f3x0_spi.o(.text.spi_i2s_interrupt_flag_get), (210 bytes).
    Removing gd32f3x0_spi.o(.ARM.exidx.text.spi_i2s_interrupt_flag_get), (8 bytes).
    Removing gd32f3x0_spi.o(.ARM.exidx.text.spi_i2s_flag_get), (8 bytes).
    Removing gd32f3x0_spi.o(.text.spi_crc_error_clear), (18 bytes).
    Removing gd32f3x0_spi.o(.ARM.exidx.text.spi_crc_error_clear), (8 bytes).
    Removing gd32f3x0_syscfg.o(.text), (0 bytes).
    Removing gd32f3x0_syscfg.o(.text.syscfg_deinit), (24 bytes).
    Removing gd32f3x0_syscfg.o(.ARM.exidx.text.syscfg_deinit), (8 bytes).
    Removing gd32f3x0_syscfg.o(.text.syscfg_dma_remap_enable), (22 bytes).
    Removing gd32f3x0_syscfg.o(.ARM.exidx.text.syscfg_dma_remap_enable), (8 bytes).
    Removing gd32f3x0_syscfg.o(.text.syscfg_dma_remap_disable), (22 bytes).
    Removing gd32f3x0_syscfg.o(.ARM.exidx.text.syscfg_dma_remap_disable), (8 bytes).
    Removing gd32f3x0_syscfg.o(.text.syscfg_high_current_enable), (16 bytes).
    Removing gd32f3x0_syscfg.o(.ARM.exidx.text.syscfg_high_current_enable), (8 bytes).
    Removing gd32f3x0_syscfg.o(.text.syscfg_high_current_disable), (16 bytes).
    Removing gd32f3x0_syscfg.o(.ARM.exidx.text.syscfg_high_current_disable), (8 bytes).
    Removing gd32f3x0_syscfg.o(.ARM.exidx.text.syscfg_exti_line_config), (8 bytes).
    Removing gd32f3x0_syscfg.o(.text.syscfg_lock_config), (22 bytes).
    Removing gd32f3x0_syscfg.o(.ARM.exidx.text.syscfg_lock_config), (8 bytes).
    Removing gd32f3x0_syscfg.o(.text.syscfg_flag_get), (44 bytes).
    Removing gd32f3x0_syscfg.o(.ARM.exidx.text.syscfg_flag_get), (8 bytes).
    Removing gd32f3x0_syscfg.o(.text.syscfg_flag_clear), (22 bytes).
    Removing gd32f3x0_syscfg.o(.ARM.exidx.text.syscfg_flag_clear), (8 bytes).
    Removing gd32f3x0_syscfg.o(.text.syscfg_compensation_config), (34 bytes).
    Removing gd32f3x0_syscfg.o(.ARM.exidx.text.syscfg_compensation_config), (8 bytes).
    Removing gd32f3x0_syscfg.o(.text.syscfg_cps_rdy_flag_get), (42 bytes).
    Removing gd32f3x0_syscfg.o(.ARM.exidx.text.syscfg_cps_rdy_flag_get), (8 bytes).
    Removing gd32f3x0_timer.o(.text), (0 bytes).
    Removing gd32f3x0_timer.o(.text.timer_deinit), (246 bytes).
    Removing gd32f3x0_timer.o(.ARM.exidx.text.timer_deinit), (8 bytes).
    Removing gd32f3x0_timer.o(.text.timer_struct_para_init), (38 bytes).
    Removing gd32f3x0_timer.o(.ARM.exidx.text.timer_struct_para_init), (8 bytes).
    Removing gd32f3x0_timer.o(.text.timer_init), (318 bytes).
    Removing gd32f3x0_timer.o(.ARM.exidx.text.timer_init), (8 bytes).
    Removing gd32f3x0_timer.o(.text.timer_enable), (18 bytes).
    Removing gd32f3x0_timer.o(.ARM.exidx.text.timer_enable), (8 bytes).
    Removing gd32f3x0_timer.o(.text.timer_disable), (18 bytes).
    Removing gd32f3x0_timer.o(.ARM.exidx.text.timer_disable), (8 bytes).
    Removing gd32f3x0_timer.o(.text.timer_auto_reload_shadow_enable), (18 bytes).
    Removing gd32f3x0_timer.o(.ARM.exidx.text.timer_auto_reload_shadow_enable), (8 bytes).
    Removing gd32f3x0_timer.o(.text.timer_auto_reload_shadow_disable), (18 bytes).
    Removing gd32f3x0_timer.o(.ARM.exidx.text.timer_auto_reload_shadow_disable), (8 bytes).
    Removing gd32f3x0_timer.o(.text.timer_update_event_enable), (18 bytes).
    Removing gd32f3x0_timer.o(.ARM.exidx.text.timer_update_event_enable), (8 bytes).
    Removing gd32f3x0_timer.o(.text.timer_update_event_disable), (18 bytes).
    Removing gd32f3x0_timer.o(.ARM.exidx.text.timer_update_event_disable), (8 bytes).
    Removing gd32f3x0_timer.o(.text.timer_counter_alignment), (34 bytes).
    Removing gd32f3x0_timer.o(.ARM.exidx.text.timer_counter_alignment), (8 bytes).
    Removing gd32f3x0_timer.o(.text.timer_counter_up_direction), (18 bytes).
    Removing gd32f3x0_timer.o(.ARM.exidx.text.timer_counter_up_direction), (8 bytes).
    Removing gd32f3x0_timer.o(.text.timer_counter_down_direction), (18 bytes).
    Removing gd32f3x0_timer.o(.ARM.exidx.text.timer_counter_down_direction), (8 bytes).
    Removing gd32f3x0_timer.o(.text.timer_prescaler_config), (44 bytes).
    Removing gd32f3x0_timer.o(.ARM.exidx.text.timer_prescaler_config), (8 bytes).
    Removing gd32f3x0_timer.o(.text.timer_repetition_value_config), (20 bytes).
    Removing gd32f3x0_timer.o(.ARM.exidx.text.timer_repetition_value_config), (8 bytes).
    Removing gd32f3x0_timer.o(.text.timer_autoreload_value_config), (16 bytes).
    Removing gd32f3x0_timer.o(.ARM.exidx.text.timer_autoreload_value_config), (8 bytes).
    Removing gd32f3x0_timer.o(.text.timer_counter_value_config), (16 bytes).
    Removing gd32f3x0_timer.o(.ARM.exidx.text.timer_counter_value_config), (8 bytes).
    Removing gd32f3x0_timer.o(.text.timer_counter_read), (20 bytes).
    Removing gd32f3x0_timer.o(.ARM.exidx.text.timer_counter_read), (8 bytes).
    Removing gd32f3x0_timer.o(.text.timer_prescaler_read), (26 bytes).
    Removing gd32f3x0_timer.o(.ARM.exidx.text.timer_prescaler_read), (8 bytes).
    Removing gd32f3x0_timer.o(.text.timer_single_pulse_mode_config), (58 bytes).
    Removing gd32f3x0_timer.o(.ARM.exidx.text.timer_single_pulse_mode_config), (8 bytes).
    Removing gd32f3x0_timer.o(.text.timer_update_source_config), (58 bytes).
    Removing gd32f3x0_timer.o(.ARM.exidx.text.timer_update_source_config), (8 bytes).
    Removing gd32f3x0_timer.o(.text.timer_ocpre_clear_source_config), (58 bytes).
    Removing gd32f3x0_timer.o(.ARM.exidx.text.timer_ocpre_clear_source_config), (8 bytes).
    Removing gd32f3x0_timer.o(.text.timer_interrupt_enable), (20 bytes).
    Removing gd32f3x0_timer.o(.ARM.exidx.text.timer_interrupt_enable), (8 bytes).
    Removing gd32f3x0_timer.o(.text.timer_interrupt_disable), (20 bytes).
    Removing gd32f3x0_timer.o(.ARM.exidx.text.timer_interrupt_disable), (8 bytes).
    Removing gd32f3x0_timer.o(.text.timer_interrupt_flag_get), (58 bytes).
    Removing gd32f3x0_timer.o(.ARM.exidx.text.timer_interrupt_flag_get), (8 bytes).
    Removing gd32f3x0_timer.o(.text.timer_interrupt_flag_clear), (18 bytes).
    Removing gd32f3x0_timer.o(.ARM.exidx.text.timer_interrupt_flag_clear), (8 bytes).
    Removing gd32f3x0_timer.o(.text.timer_flag_get), (42 bytes).
    Removing gd32f3x0_timer.o(.ARM.exidx.text.timer_flag_get), (8 bytes).
    Removing gd32f3x0_timer.o(.text.timer_flag_clear), (18 bytes).
    Removing gd32f3x0_timer.o(.ARM.exidx.text.timer_flag_clear), (8 bytes).
    Removing gd32f3x0_timer.o(.text.timer_dma_enable), (24 bytes).
    Removing gd32f3x0_timer.o(.ARM.exidx.text.timer_dma_enable), (8 bytes).
    Removing gd32f3x0_timer.o(.text.timer_dma_disable), (24 bytes).
    Removing gd32f3x0_timer.o(.ARM.exidx.text.timer_dma_disable), (8 bytes).
    Removing gd32f3x0_timer.o(.text.timer_channel_dma_request_source_select), (58 bytes).
    Removing gd32f3x0_timer.o(.ARM.exidx.text.timer_channel_dma_request_source_select), (8 bytes).
    Removing gd32f3x0_timer.o(.text.timer_dma_transfer_config), (40 bytes).
    Removing gd32f3x0_timer.o(.ARM.exidx.text.timer_dma_transfer_config), (8 bytes).
    Removing gd32f3x0_timer.o(.text.timer_event_software_generate), (24 bytes).
    Removing gd32f3x0_timer.o(.ARM.exidx.text.timer_event_software_generate), (8 bytes).
    Removing gd32f3x0_timer.o(.text.timer_break_struct_para_init), (38 bytes).
    Removing gd32f3x0_timer.o(.ARM.exidx.text.timer_break_struct_para_init), (8 bytes).
    Removing gd32f3x0_timer.o(.text.timer_break_config), (54 bytes).
    Removing gd32f3x0_timer.o(.ARM.exidx.text.timer_break_config), (8 bytes).
    Removing gd32f3x0_timer.o(.text.timer_break_enable), (18 bytes).
    Removing gd32f3x0_timer.o(.ARM.exidx.text.timer_break_enable), (8 bytes).
    Removing gd32f3x0_timer.o(.text.timer_break_disable), (18 bytes).
    Removing gd32f3x0_timer.o(.ARM.exidx.text.timer_break_disable), (8 bytes).
    Removing gd32f3x0_timer.o(.text.timer_automatic_output_enable), (18 bytes).
    Removing gd32f3x0_timer.o(.ARM.exidx.text.timer_automatic_output_enable), (8 bytes).
    Removing gd32f3x0_timer.o(.text.timer_automatic_output_disable), (18 bytes).
    Removing gd32f3x0_timer.o(.ARM.exidx.text.timer_automatic_output_disable), (8 bytes).
    Removing gd32f3x0_timer.o(.text.timer_primary_output_config), (46 bytes).
    Removing gd32f3x0_timer.o(.ARM.exidx.text.timer_primary_output_config), (8 bytes).
    Removing gd32f3x0_timer.o(.text.timer_channel_control_shadow_config), (46 bytes).
    Removing gd32f3x0_timer.o(.ARM.exidx.text.timer_channel_control_shadow_config), (8 bytes).
    Removing gd32f3x0_timer.o(.text.timer_channel_control_shadow_update_config), (58 bytes).
    Removing gd32f3x0_timer.o(.ARM.exidx.text.timer_channel_control_shadow_update_config), (8 bytes).
    Removing gd32f3x0_timer.o(.text.timer_channel_output_struct_para_init), (34 bytes).
    Removing gd32f3x0_timer.o(.ARM.exidx.text.timer_channel_output_struct_para_init), (8 bytes).
    Removing gd32f3x0_timer.o(.text.timer_channel_output_config), (746 bytes).
    Removing gd32f3x0_timer.o(.ARM.exidx.text.timer_channel_output_config), (8 bytes).
    Removing gd32f3x0_timer.o(.text.timer_channel_output_mode_config), (140 bytes).
    Removing gd32f3x0_timer.o(.ARM.exidx.text.timer_channel_output_mode_config), (8 bytes).
    Removing gd32f3x0_timer.o(.text.timer_channel_output_pulse_value_config), (70 bytes).
    Removing gd32f3x0_timer.o(.ARM.exidx.text.timer_channel_output_pulse_value_config), (8 bytes).
    Removing gd32f3x0_timer.o(.text.timer_channel_output_shadow_config), (140 bytes).
    Removing gd32f3x0_timer.o(.ARM.exidx.text.timer_channel_output_shadow_config), (8 bytes).
    Removing gd32f3x0_timer.o(.text.timer_channel_output_fast_config), (140 bytes).
    Removing gd32f3x0_timer.o(.ARM.exidx.text.timer_channel_output_fast_config), (8 bytes).
    Removing gd32f3x0_timer.o(.text.timer_channel_output_clear_config), (140 bytes).
    Removing gd32f3x0_timer.o(.ARM.exidx.text.timer_channel_output_clear_config), (8 bytes).
    Removing gd32f3x0_timer.o(.text.timer_channel_output_polarity_config), (142 bytes).
    Removing gd32f3x0_timer.o(.ARM.exidx.text.timer_channel_output_polarity_config), (8 bytes).
    Removing gd32f3x0_timer.o(.text.timer_channel_complementary_output_polarity_config), (142 bytes).
    Removing gd32f3x0_timer.o(.ARM.exidx.text.timer_channel_complementary_output_polarity_config), (8 bytes).
    Removing gd32f3x0_timer.o(.text.timer_channel_output_state_config), (132 bytes).
    Removing gd32f3x0_timer.o(.ARM.exidx.text.timer_channel_output_state_config), (8 bytes).
    Removing gd32f3x0_timer.o(.text.timer_channel_complementary_output_state_config), (122 bytes).
    Removing gd32f3x0_timer.o(.ARM.exidx.text.timer_channel_complementary_output_state_config), (8 bytes).
    Removing gd32f3x0_timer.o(.text.timer_channel_input_struct_para_init), (28 bytes).
    Removing gd32f3x0_timer.o(.ARM.exidx.text.timer_channel_input_struct_para_init), (8 bytes).
    Removing gd32f3x0_timer.o(.text.timer_input_capture_config), (426 bytes).
    Removing gd32f3x0_timer.o(.ARM.exidx.text.timer_input_capture_config), (8 bytes).
    Removing gd32f3x0_timer.o(.text.timer_channel_input_capture_prescaler_config), (140 bytes).
    Removing gd32f3x0_timer.o(.ARM.exidx.text.timer_channel_input_capture_prescaler_config), (8 bytes).
    Removing gd32f3x0_timer.o(.text.timer_channel_capture_value_register_read), (74 bytes).
    Removing gd32f3x0_timer.o(.ARM.exidx.text.timer_channel_capture_value_register_read), (8 bytes).
    Removing gd32f3x0_timer.o(.text.timer_input_pwm_capture_config), (498 bytes).
    Removing gd32f3x0_timer.o(.ARM.exidx.text.timer_input_pwm_capture_config), (8 bytes).
    Removing gd32f3x0_timer.o(.text.timer_hall_mode_config), (58 bytes).
    Removing gd32f3x0_timer.o(.ARM.exidx.text.timer_hall_mode_config), (8 bytes).
    Removing gd32f3x0_timer.o(.text.timer_input_trigger_source_select), (30 bytes).
    Removing gd32f3x0_timer.o(.ARM.exidx.text.timer_input_trigger_source_select), (8 bytes).
    Removing gd32f3x0_timer.o(.text.timer_master_output_trigger_source_select), (30 bytes).
    Removing gd32f3x0_timer.o(.ARM.exidx.text.timer_master_output_trigger_source_select), (8 bytes).
    Removing gd32f3x0_timer.o(.text.timer_slave_mode_select), (30 bytes).
    Removing gd32f3x0_timer.o(.ARM.exidx.text.timer_slave_mode_select), (8 bytes).
    Removing gd32f3x0_timer.o(.text.timer_master_slave_mode_config), (58 bytes).
    Removing gd32f3x0_timer.o(.ARM.exidx.text.timer_master_slave_mode_config), (8 bytes).
    Removing gd32f3x0_timer.o(.text.timer_external_trigger_config), (52 bytes).
    Removing gd32f3x0_timer.o(.ARM.exidx.text.timer_external_trigger_config), (8 bytes).
    Removing gd32f3x0_timer.o(.text.timer_quadrature_decoder_mode_config), (102 bytes).
    Removing gd32f3x0_timer.o(.ARM.exidx.text.timer_quadrature_decoder_mode_config), (8 bytes).
    Removing gd32f3x0_timer.o(.text.timer_internal_clock_config), (18 bytes).
    Removing gd32f3x0_timer.o(.ARM.exidx.text.timer_internal_clock_config), (8 bytes).
    Removing gd32f3x0_timer.o(.text.timer_internal_trigger_as_external_clock_config), (40 bytes).
    Removing gd32f3x0_timer.o(.ARM.exidx.text.timer_internal_trigger_as_external_clock_config), (8 bytes).
    Removing gd32f3x0_timer.o(.text.timer_external_trigger_as_external_clock_config), (228 bytes).
    Removing gd32f3x0_timer.o(.ARM.exidx.text.timer_external_trigger_as_external_clock_config), (8 bytes).
    Removing gd32f3x0_timer.o(.text.timer_external_clock_mode0_config), (48 bytes).
    Removing gd32f3x0_timer.o(.ARM.exidx.text.timer_external_clock_mode0_config), (8 bytes).
    Removing gd32f3x0_timer.o(.text.timer_external_clock_mode1_config), (38 bytes).
    Removing gd32f3x0_timer.o(.ARM.exidx.text.timer_external_clock_mode1_config), (8 bytes).
    Removing gd32f3x0_timer.o(.text.timer_external_clock_mode1_disable), (18 bytes).
    Removing gd32f3x0_timer.o(.ARM.exidx.text.timer_external_clock_mode1_disable), (8 bytes).
    Removing gd32f3x0_timer.o(.text.timer_channel_remap_config), (16 bytes).
    Removing gd32f3x0_timer.o(.ARM.exidx.text.timer_channel_remap_config), (8 bytes).
    Removing gd32f3x0_timer.o(.text.timer_write_chxval_register_config), (66 bytes).
    Removing gd32f3x0_timer.o(.ARM.exidx.text.timer_write_chxval_register_config), (8 bytes).
    Removing gd32f3x0_timer.o(.text.timer_output_value_selection_config), (66 bytes).
    Removing gd32f3x0_timer.o(.ARM.exidx.text.timer_output_value_selection_config), (8 bytes).
    Removing gd32f3x0_usart.o(.text), (0 bytes).
    Removing gd32f3x0_usart.o(.ARM.exidx.text.usart_deinit), (8 bytes).
    Removing gd32f3x0_usart.o(.ARM.exidx.text.usart_baudrate_set), (8 bytes).
    Removing gd32f3x0_usart.o(.ARM.exidx.text.usart_parity_config), (8 bytes).
    Removing gd32f3x0_usart.o(.ARM.exidx.text.usart_word_length_set), (8 bytes).
    Removing gd32f3x0_usart.o(.ARM.exidx.text.usart_stop_bit_set), (8 bytes).
    Removing gd32f3x0_usart.o(.ARM.exidx.text.usart_enable), (8 bytes).
    Removing gd32f3x0_usart.o(.text.usart_disable), (18 bytes).
    Removing gd32f3x0_usart.o(.ARM.exidx.text.usart_disable), (8 bytes).
    Removing gd32f3x0_usart.o(.ARM.exidx.text.usart_transmit_config), (8 bytes).
    Removing gd32f3x0_usart.o(.ARM.exidx.text.usart_receive_config), (8 bytes).
    Removing gd32f3x0_usart.o(.text.usart_data_first_config), (44 bytes).
    Removing gd32f3x0_usart.o(.ARM.exidx.text.usart_data_first_config), (8 bytes).
    Removing gd32f3x0_usart.o(.text.usart_invert_config), (146 bytes).
    Removing gd32f3x0_usart.o(.ARM.exidx.text.usart_invert_config), (8 bytes).
    Removing gd32f3x0_usart.o(.text.usart_overrun_enable), (28 bytes).
    Removing gd32f3x0_usart.o(.ARM.exidx.text.usart_overrun_enable), (8 bytes).
    Removing gd32f3x0_usart.o(.text.usart_overrun_disable), (28 bytes).
    Removing gd32f3x0_usart.o(.ARM.exidx.text.usart_overrun_disable), (8 bytes).
    Removing gd32f3x0_usart.o(.text.usart_oversample_config), (40 bytes).
    Removing gd32f3x0_usart.o(.ARM.exidx.text.usart_oversample_config), (8 bytes).
    Removing gd32f3x0_usart.o(.text.usart_sample_bit_config), (40 bytes).
    Removing gd32f3x0_usart.o(.ARM.exidx.text.usart_sample_bit_config), (8 bytes).
    Removing gd32f3x0_usart.o(.text.usart_receiver_timeout_enable), (18 bytes).
    Removing gd32f3x0_usart.o(.ARM.exidx.text.usart_receiver_timeout_enable), (8 bytes).
    Removing gd32f3x0_usart.o(.text.usart_receiver_timeout_disable), (18 bytes).
    Removing gd32f3x0_usart.o(.ARM.exidx.text.usart_receiver_timeout_disable), (8 bytes).
    Removing gd32f3x0_usart.o(.text.usart_receiver_timeout_threshold_config), (30 bytes).
    Removing gd32f3x0_usart.o(.ARM.exidx.text.usart_receiver_timeout_threshold_config), (8 bytes).
    Removing gd32f3x0_usart.o(.ARM.exidx.text.usart_data_transmit), (8 bytes).
    Removing gd32f3x0_usart.o(.text.usart_data_receive), (16 bytes).
    Removing gd32f3x0_usart.o(.ARM.exidx.text.usart_data_receive), (8 bytes).
    Removing gd32f3x0_usart.o(.text.usart_autobaud_detection_enable), (18 bytes).
    Removing gd32f3x0_usart.o(.ARM.exidx.text.usart_autobaud_detection_enable), (8 bytes).
    Removing gd32f3x0_usart.o(.text.usart_autobaud_detection_disable), (18 bytes).
    Removing gd32f3x0_usart.o(.ARM.exidx.text.usart_autobaud_detection_disable), (8 bytes).
    Removing gd32f3x0_usart.o(.text.usart_autobaud_detection_mode_config), (30 bytes).
    Removing gd32f3x0_usart.o(.ARM.exidx.text.usart_autobaud_detection_mode_config), (8 bytes).
    Removing gd32f3x0_usart.o(.text.usart_address_config), (46 bytes).
    Removing gd32f3x0_usart.o(.ARM.exidx.text.usart_address_config), (8 bytes).
    Removing gd32f3x0_usart.o(.text.usart_address_detection_mode_config), (44 bytes).
    Removing gd32f3x0_usart.o(.ARM.exidx.text.usart_address_detection_mode_config), (8 bytes).
    Removing gd32f3x0_usart.o(.text.usart_mute_mode_enable), (18 bytes).
    Removing gd32f3x0_usart.o(.ARM.exidx.text.usart_mute_mode_enable), (8 bytes).
    Removing gd32f3x0_usart.o(.text.usart_mute_mode_disable), (18 bytes).
    Removing gd32f3x0_usart.o(.ARM.exidx.text.usart_mute_mode_disable), (8 bytes).
    Removing gd32f3x0_usart.o(.text.usart_mute_mode_wakeup_config), (40 bytes).
    Removing gd32f3x0_usart.o(.ARM.exidx.text.usart_mute_mode_wakeup_config), (8 bytes).
    Removing gd32f3x0_usart.o(.text.usart_lin_mode_enable), (28 bytes).
    Removing gd32f3x0_usart.o(.ARM.exidx.text.usart_lin_mode_enable), (8 bytes).
    Removing gd32f3x0_usart.o(.text.usart_lin_mode_disable), (28 bytes).
    Removing gd32f3x0_usart.o(.ARM.exidx.text.usart_lin_mode_disable), (8 bytes).
    Removing gd32f3x0_usart.o(.text.usart_lin_break_detection_length_config), (44 bytes).
    Removing gd32f3x0_usart.o(.ARM.exidx.text.usart_lin_break_detection_length_config), (8 bytes).
    Removing gd32f3x0_usart.o(.text.usart_halfduplex_enable), (28 bytes).
    Removing gd32f3x0_usart.o(.ARM.exidx.text.usart_halfduplex_enable), (8 bytes).
    Removing gd32f3x0_usart.o(.text.usart_halfduplex_disable), (28 bytes).
    Removing gd32f3x0_usart.o(.ARM.exidx.text.usart_halfduplex_disable), (8 bytes).
    Removing gd32f3x0_usart.o(.text.usart_clock_enable), (28 bytes).
    Removing gd32f3x0_usart.o(.ARM.exidx.text.usart_clock_enable), (8 bytes).
    Removing gd32f3x0_usart.o(.text.usart_clock_disable), (28 bytes).
    Removing gd32f3x0_usart.o(.ARM.exidx.text.usart_clock_disable), (8 bytes).
    Removing gd32f3x0_usart.o(.text.usart_synchronous_clock_config), (76 bytes).
    Removing gd32f3x0_usart.o(.ARM.exidx.text.usart_synchronous_clock_config), (8 bytes).
    Removing gd32f3x0_usart.o(.text.usart_guard_time_config), (44 bytes).
    Removing gd32f3x0_usart.o(.ARM.exidx.text.usart_guard_time_config), (8 bytes).
    Removing gd32f3x0_usart.o(.text.usart_smartcard_mode_enable), (28 bytes).
    Removing gd32f3x0_usart.o(.ARM.exidx.text.usart_smartcard_mode_enable), (8 bytes).
    Removing gd32f3x0_usart.o(.text.usart_smartcard_mode_disable), (28 bytes).
    Removing gd32f3x0_usart.o(.ARM.exidx.text.usart_smartcard_mode_disable), (8 bytes).
    Removing gd32f3x0_usart.o(.text.usart_smartcard_mode_nack_enable), (28 bytes).
    Removing gd32f3x0_usart.o(.ARM.exidx.text.usart_smartcard_mode_nack_enable), (8 bytes).
    Removing gd32f3x0_usart.o(.text.usart_smartcard_mode_nack_disable), (28 bytes).
    Removing gd32f3x0_usart.o(.ARM.exidx.text.usart_smartcard_mode_nack_disable), (8 bytes).
    Removing gd32f3x0_usart.o(.text.usart_smartcard_mode_early_nack_enable), (22 bytes).
    Removing gd32f3x0_usart.o(.ARM.exidx.text.usart_smartcard_mode_early_nack_enable), (8 bytes).
    Removing gd32f3x0_usart.o(.text.usart_smartcard_mode_early_nack_disable), (22 bytes).
    Removing gd32f3x0_usart.o(.ARM.exidx.text.usart_smartcard_mode_early_nack_disable), (8 bytes).
    Removing gd32f3x0_usart.o(.text.usart_smartcard_autoretry_config), (46 bytes).
    Removing gd32f3x0_usart.o(.ARM.exidx.text.usart_smartcard_autoretry_config), (8 bytes).
    Removing gd32f3x0_usart.o(.text.usart_block_length_config), (32 bytes).
    Removing gd32f3x0_usart.o(.ARM.exidx.text.usart_block_length_config), (8 bytes).
    Removing gd32f3x0_usart.o(.text.usart_irda_mode_enable), (28 bytes).
    Removing gd32f3x0_usart.o(.ARM.exidx.text.usart_irda_mode_enable), (8 bytes).
    Removing gd32f3x0_usart.o(.text.usart_irda_mode_disable), (28 bytes).
    Removing gd32f3x0_usart.o(.ARM.exidx.text.usart_irda_mode_disable), (8 bytes).
    Removing gd32f3x0_usart.o(.text.usart_prescaler_config), (40 bytes).
    Removing gd32f3x0_usart.o(.ARM.exidx.text.usart_prescaler_config), (8 bytes).
    Removing gd32f3x0_usart.o(.text.usart_irda_lowpower_config), (44 bytes).
    Removing gd32f3x0_usart.o(.ARM.exidx.text.usart_irda_lowpower_config), (8 bytes).
    Removing gd32f3x0_usart.o(.text.usart_hardware_flow_rts_config), (40 bytes).
    Removing gd32f3x0_usart.o(.ARM.exidx.text.usart_hardware_flow_rts_config), (8 bytes).
    Removing gd32f3x0_usart.o(.text.usart_hardware_flow_cts_config), (40 bytes).
    Removing gd32f3x0_usart.o(.ARM.exidx.text.usart_hardware_flow_cts_config), (8 bytes).
    Removing gd32f3x0_usart.o(.text.usart_rs485_driver_enable), (28 bytes).
    Removing gd32f3x0_usart.o(.ARM.exidx.text.usart_rs485_driver_enable), (8 bytes).
    Removing gd32f3x0_usart.o(.text.usart_rs485_driver_disable), (28 bytes).
    Removing gd32f3x0_usart.o(.ARM.exidx.text.usart_rs485_driver_disable), (8 bytes).
    Removing gd32f3x0_usart.o(.text.usart_driver_assertime_config), (46 bytes).
    Removing gd32f3x0_usart.o(.ARM.exidx.text.usart_driver_assertime_config), (8 bytes).
    Removing gd32f3x0_usart.o(.text.usart_driver_deassertime_config), (46 bytes).
    Removing gd32f3x0_usart.o(.ARM.exidx.text.usart_driver_deassertime_config), (8 bytes).
    Removing gd32f3x0_usart.o(.text.usart_depolarity_config), (44 bytes).
    Removing gd32f3x0_usart.o(.ARM.exidx.text.usart_depolarity_config), (8 bytes).
    Removing gd32f3x0_usart.o(.text.usart_dma_receive_config), (30 bytes).
    Removing gd32f3x0_usart.o(.ARM.exidx.text.usart_dma_receive_config), (8 bytes).
    Removing gd32f3x0_usart.o(.text.usart_dma_transmit_config), (30 bytes).
    Removing gd32f3x0_usart.o(.ARM.exidx.text.usart_dma_transmit_config), (8 bytes).
    Removing gd32f3x0_usart.o(.text.usart_reception_error_dma_disable), (28 bytes).
    Removing gd32f3x0_usart.o(.ARM.exidx.text.usart_reception_error_dma_disable), (8 bytes).
    Removing gd32f3x0_usart.o(.text.usart_reception_error_dma_enable), (28 bytes).
    Removing gd32f3x0_usart.o(.ARM.exidx.text.usart_reception_error_dma_enable), (8 bytes).
    Removing gd32f3x0_usart.o(.text.usart_wakeup_enable), (18 bytes).
    Removing gd32f3x0_usart.o(.ARM.exidx.text.usart_wakeup_enable), (8 bytes).
    Removing gd32f3x0_usart.o(.text.usart_wakeup_disable), (18 bytes).
    Removing gd32f3x0_usart.o(.ARM.exidx.text.usart_wakeup_disable), (8 bytes).
    Removing gd32f3x0_usart.o(.text.usart_wakeup_mode_config), (44 bytes).
    Removing gd32f3x0_usart.o(.ARM.exidx.text.usart_wakeup_mode_config), (8 bytes).
    Removing gd32f3x0_usart.o(.text.usart_command_enable), (20 bytes).
    Removing gd32f3x0_usart.o(.ARM.exidx.text.usart_command_enable), (8 bytes).
    Removing gd32f3x0_usart.o(.text.usart_receive_fifo_enable), (22 bytes).
    Removing gd32f3x0_usart.o(.ARM.exidx.text.usart_receive_fifo_enable), (8 bytes).
    Removing gd32f3x0_usart.o(.text.usart_receive_fifo_disable), (22 bytes).
    Removing gd32f3x0_usart.o(.ARM.exidx.text.usart_receive_fifo_disable), (8 bytes).
    Removing gd32f3x0_usart.o(.text.usart_receive_fifo_counter_number), (18 bytes).
    Removing gd32f3x0_usart.o(.ARM.exidx.text.usart_receive_fifo_counter_number), (8 bytes).
    Removing gd32f3x0_usart.o(.ARM.exidx.text.usart_flag_get), (8 bytes).
    Removing gd32f3x0_usart.o(.text.usart_flag_clear), (34 bytes).
    Removing gd32f3x0_usart.o(.ARM.exidx.text.usart_flag_clear), (8 bytes).
    Removing gd32f3x0_usart.o(.text.usart_interrupt_enable), (36 bytes).
    Removing gd32f3x0_usart.o(.ARM.exidx.text.usart_interrupt_enable), (8 bytes).
    Removing gd32f3x0_usart.o(.text.usart_interrupt_disable), (36 bytes).
    Removing gd32f3x0_usart.o(.ARM.exidx.text.usart_interrupt_disable), (8 bytes).
    Removing gd32f3x0_usart.o(.text.usart_interrupt_flag_get), (94 bytes).
    Removing gd32f3x0_usart.o(.ARM.exidx.text.usart_interrupt_flag_get), (8 bytes).
    Removing gd32f3x0_usart.o(.text.usart_interrupt_flag_clear), (64 bytes).
    Removing gd32f3x0_usart.o(.ARM.exidx.text.usart_interrupt_flag_clear), (8 bytes).
    Removing spi_port.o(.text), (0 bytes).
    Removing spi_port.o(.ARM.exidx.text.stm_lh_spi_init), (8 bytes).
    Removing spi_port.o(.ARM.exidx.text.stm_lh_spi_txrx8bit), (8 bytes).
    Removing spi_port.o(.ARM.exidx.text.stm_lh_delay_10us), (8 bytes).
    Removing uart_print.o(.text), (0 bytes).
    Removing uart_print.o(.ARM.exidx.text.debug_pin_init), (8 bytes).
    Removing uart_print.o(.text.debug_pin_set), (12 bytes).
    Removing uart_print.o(.ARM.exidx.text.debug_pin_set), (8 bytes).
    Removing uart_print.o(.text.debug_pin_clr), (12 bytes).
    Removing uart_print.o(.ARM.exidx.text.debug_pin_clr), (8 bytes).
    Removing uart_print.o(.text.debug_pin_toggle), (12 bytes).
    Removing uart_print.o(.ARM.exidx.text.debug_pin_toggle), (8 bytes).
    Removing uart_print.o(.ARM.exidx.text.uart_print_init), (8 bytes).
    Removing uart_print.o(.ARM.exidx.text.fputc), (8 bytes).
    Removing gd32f3x0_misc.o(.text), (0 bytes).
    Removing gd32f3x0_misc.o(.ARM.exidx.text.nvic_priority_group_set), (8 bytes).
    Removing gd32f3x0_misc.o(.ARM.exidx.text.nvic_irq_enable), (8 bytes).
    Removing gd32f3x0_misc.o(.text.nvic_irq_disable), (40 bytes).
    Removing gd32f3x0_misc.o(.ARM.exidx.text.nvic_irq_disable), (8 bytes).
    Removing gd32f3x0_misc.o(.ARM.exidx.text.nvic_vector_table_set), (8 bytes).
    Removing gd32f3x0_misc.o(.text.system_lowpower_set), (28 bytes).
    Removing gd32f3x0_misc.o(.ARM.exidx.text.system_lowpower_set), (8 bytes).
    Removing gd32f3x0_misc.o(.text.system_lowpower_reset), (28 bytes).
    Removing gd32f3x0_misc.o(.ARM.exidx.text.system_lowpower_reset), (8 bytes).
    Removing gd32f3x0_misc.o(.text.systick_clksource_set), (52 bytes).
    Removing gd32f3x0_misc.o(.ARM.exidx.text.systick_clksource_set), (8 bytes).
    Removing gd32f3x0_rcu.o(.text), (0 bytes).
    Removing gd32f3x0_rcu.o(.text.rcu_deinit), (206 bytes).
    Removing gd32f3x0_rcu.o(.ARM.exidx.text.rcu_deinit), (8 bytes).
    Removing gd32f3x0_rcu.o(.ARM.exidx.text.rcu_periph_clock_enable), (8 bytes).
    Removing gd32f3x0_rcu.o(.text.rcu_periph_clock_disable), (40 bytes).
    Removing gd32f3x0_rcu.o(.ARM.exidx.text.rcu_periph_clock_disable), (8 bytes).
    Removing gd32f3x0_rcu.o(.text.rcu_periph_clock_sleep_enable), (40 bytes).
    Removing gd32f3x0_rcu.o(.ARM.exidx.text.rcu_periph_clock_sleep_enable), (8 bytes).
    Removing gd32f3x0_rcu.o(.text.rcu_periph_clock_sleep_disable), (40 bytes).
    Removing gd32f3x0_rcu.o(.ARM.exidx.text.rcu_periph_clock_sleep_disable), (8 bytes).
    Removing gd32f3x0_rcu.o(.ARM.exidx.text.rcu_periph_reset_enable), (8 bytes).
    Removing gd32f3x0_rcu.o(.ARM.exidx.text.rcu_periph_reset_disable), (8 bytes).
    Removing gd32f3x0_rcu.o(.text.rcu_bkp_reset_enable), (18 bytes).
    Removing gd32f3x0_rcu.o(.ARM.exidx.text.rcu_bkp_reset_enable), (8 bytes).
    Removing gd32f3x0_rcu.o(.text.rcu_bkp_reset_disable), (18 bytes).
    Removing gd32f3x0_rcu.o(.ARM.exidx.text.rcu_bkp_reset_disable), (8 bytes).
    Removing gd32f3x0_rcu.o(.text.rcu_system_clock_source_config), (40 bytes).
    Removing gd32f3x0_rcu.o(.ARM.exidx.text.rcu_system_clock_source_config), (8 bytes).
    Removing gd32f3x0_rcu.o(.text.rcu_system_clock_source_get), (16 bytes).
    Removing gd32f3x0_rcu.o(.ARM.exidx.text.rcu_system_clock_source_get), (8 bytes).
    Removing gd32f3x0_rcu.o(.text.rcu_ahb_clock_config), (40 bytes).
    Removing gd32f3x0_rcu.o(.ARM.exidx.text.rcu_ahb_clock_config), (8 bytes).
    Removing gd32f3x0_rcu.o(.text.rcu_apb1_clock_config), (40 bytes).
    Removing gd32f3x0_rcu.o(.ARM.exidx.text.rcu_apb1_clock_config), (8 bytes).
    Removing gd32f3x0_rcu.o(.text.rcu_apb2_clock_config), (40 bytes).
    Removing gd32f3x0_rcu.o(.ARM.exidx.text.rcu_apb2_clock_config), (8 bytes).
    Removing gd32f3x0_rcu.o(.text.rcu_adc_clock_config), (428 bytes).
    Removing gd32f3x0_rcu.o(.ARM.exidx.text.rcu_adc_clock_config), (8 bytes).
    Removing gd32f3x0_rcu.o(.text.rcu_usbfs_clock_config), (64 bytes).
    Removing gd32f3x0_rcu.o(.ARM.exidx.text.rcu_usbfs_clock_config), (8 bytes).
    Removing gd32f3x0_rcu.o(.text.rcu_ckout_config), (46 bytes).
    Removing gd32f3x0_rcu.o(.ARM.exidx.text.rcu_ckout_config), (8 bytes).
    Removing gd32f3x0_rcu.o(.text.rcu_pll_preselection_config), (32 bytes).
    Removing gd32f3x0_rcu.o(.ARM.exidx.text.rcu_pll_preselection_config), (8 bytes).
    Removing gd32f3x0_rcu.o(.text.rcu_pll_config), (76 bytes).
    Removing gd32f3x0_rcu.o(.ARM.exidx.text.rcu_pll_config), (8 bytes).
    Removing gd32f3x0_rcu.o(.text.rcu_usart_clock_config), (32 bytes).
    Removing gd32f3x0_rcu.o(.ARM.exidx.text.rcu_usart_clock_config), (8 bytes).
    Removing gd32f3x0_rcu.o(.text.rcu_cec_clock_config), (32 bytes).
    Removing gd32f3x0_rcu.o(.ARM.exidx.text.rcu_cec_clock_config), (8 bytes).
    Removing gd32f3x0_rcu.o(.text.rcu_rtc_clock_config), (32 bytes).
    Removing gd32f3x0_rcu.o(.ARM.exidx.text.rcu_rtc_clock_config), (8 bytes).
    Removing gd32f3x0_rcu.o(.text.rcu_ck48m_clock_config), (36 bytes).
    Removing gd32f3x0_rcu.o(.ARM.exidx.text.rcu_ck48m_clock_config), (8 bytes).
    Removing gd32f3x0_rcu.o(.text.rcu_hxtal_prediv_config), (40 bytes).
    Removing gd32f3x0_rcu.o(.ARM.exidx.text.rcu_hxtal_prediv_config), (8 bytes).
    Removing gd32f3x0_rcu.o(.text.rcu_lxtal_drive_capability_config), (32 bytes).
    Removing gd32f3x0_rcu.o(.ARM.exidx.text.rcu_lxtal_drive_capability_config), (8 bytes).
    Removing gd32f3x0_rcu.o(.text.rcu_flag_get), (62 bytes).
    Removing gd32f3x0_rcu.o(.ARM.exidx.text.rcu_flag_get), (8 bytes).
    Removing gd32f3x0_rcu.o(.text.rcu_all_reset_flag_clear), (18 bytes).
    Removing gd32f3x0_rcu.o(.ARM.exidx.text.rcu_all_reset_flag_clear), (8 bytes).
    Removing gd32f3x0_rcu.o(.text.rcu_interrupt_flag_get), (62 bytes).
    Removing gd32f3x0_rcu.o(.ARM.exidx.text.rcu_interrupt_flag_get), (8 bytes).
    Removing gd32f3x0_rcu.o(.text.rcu_interrupt_flag_clear), (40 bytes).
    Removing gd32f3x0_rcu.o(.ARM.exidx.text.rcu_interrupt_flag_clear), (8 bytes).
    Removing gd32f3x0_rcu.o(.text.rcu_interrupt_enable), (40 bytes).
    Removing gd32f3x0_rcu.o(.ARM.exidx.text.rcu_interrupt_enable), (8 bytes).
    Removing gd32f3x0_rcu.o(.text.rcu_interrupt_disable), (40 bytes).
    Removing gd32f3x0_rcu.o(.ARM.exidx.text.rcu_interrupt_disable), (8 bytes).
    Removing gd32f3x0_rcu.o(.text.rcu_osci_stab_wait), (668 bytes).
    Removing gd32f3x0_rcu.o(.ARM.exidx.text.rcu_osci_stab_wait), (8 bytes).
    Removing gd32f3x0_rcu.o(.text.rcu_osci_on), (40 bytes).
    Removing gd32f3x0_rcu.o(.ARM.exidx.text.rcu_osci_on), (8 bytes).
    Removing gd32f3x0_rcu.o(.text.rcu_osci_off), (40 bytes).
    Removing gd32f3x0_rcu.o(.ARM.exidx.text.rcu_osci_off), (8 bytes).
    Removing gd32f3x0_rcu.o(.text.rcu_osci_bypass_mode_enable), (144 bytes).
    Removing gd32f3x0_rcu.o(.ARM.exidx.text.rcu_osci_bypass_mode_enable), (8 bytes).
    Removing gd32f3x0_rcu.o(.text.rcu_osci_bypass_mode_disable), (144 bytes).
    Removing gd32f3x0_rcu.o(.ARM.exidx.text.rcu_osci_bypass_mode_disable), (8 bytes).
    Removing gd32f3x0_rcu.o(.text.rcu_hxtal_clock_monitor_enable), (18 bytes).
    Removing gd32f3x0_rcu.o(.ARM.exidx.text.rcu_hxtal_clock_monitor_enable), (8 bytes).
    Removing gd32f3x0_rcu.o(.text.rcu_hxtal_clock_monitor_disable), (18 bytes).
    Removing gd32f3x0_rcu.o(.ARM.exidx.text.rcu_hxtal_clock_monitor_disable), (8 bytes).
    Removing gd32f3x0_rcu.o(.text.rcu_irc8m_adjust_value_set), (46 bytes).
    Removing gd32f3x0_rcu.o(.ARM.exidx.text.rcu_irc8m_adjust_value_set), (8 bytes).
    Removing gd32f3x0_rcu.o(.text.rcu_irc28m_adjust_value_set), (46 bytes).
    Removing gd32f3x0_rcu.o(.ARM.exidx.text.rcu_irc28m_adjust_value_set), (8 bytes).
    Removing gd32f3x0_rcu.o(.text.rcu_voltage_key_unlock), (30 bytes).
    Removing gd32f3x0_rcu.o(.ARM.exidx.text.rcu_voltage_key_unlock), (8 bytes).
    Removing gd32f3x0_rcu.o(.text.rcu_deepsleep_voltage_set), (32 bytes).
    Removing gd32f3x0_rcu.o(.ARM.exidx.text.rcu_deepsleep_voltage_set), (8 bytes).
    Removing gd32f3x0_rcu.o(.ARM.exidx.text.rcu_clock_freq_get), (8 bytes).
    Removing gd32f3x0_rcu.o(.rodata.cst16), (16 bytes).
    Removing gd32f3x0_rcu.o(.rodata.cst8), (16 bytes).
    Removing startup_gd32f3x0.o(HEAP), (16 bytes).
    Removing system_gd32f3x0.o(.text), (0 bytes).
    Removing system_gd32f3x0.o(.ARM.exidx.text.SystemInit), (8 bytes).
    Removing system_gd32f3x0.o(.ARM.exidx.text.system_clock_config), (8 bytes).
    Removing system_gd32f3x0.o(.text.SystemCoreClockUpdate), (404 bytes).
    Removing system_gd32f3x0.o(.ARM.exidx.text.SystemCoreClockUpdate), (8 bytes).
    Removing system_gd32f3x0.o(.ARM.exidx.text.system_clock_84m_irc8m), (8 bytes).
    Removing system_gd32f3x0.o(.data.SystemCoreClock), (4 bytes).
    Removing system_gd32f3x0.o(.rodata.cst16), (16 bytes).
    Removing dfixui.o(.text), (50 bytes).
    Removing d2f.o(.text), (56 bytes).
    Removing fepilogue.o(.text), (110 bytes).

665 unused section(s) (total 21342 bytes) removed from the image.

==============================================================================

Image Symbol Table

    Local Symbols

    Symbol Name                              Value     Ov Type        Size  Object(Section)

    ../clib/division.s                       0x00000000   Number         0  aeabi_sdiv.o ABSOLUTE
    ../clib/microlib/division.c              0x00000000   Number         0  uidiv.o ABSOLUTE
    ../clib/microlib/division.c              0x00000000   Number         0  uldiv.o ABSOLUTE
    ../clib/microlib/init/entry.s            0x00000000   Number         0  entry.o ABSOLUTE
    ../clib/microlib/init/entry.s            0x00000000   Number         0  entry2.o ABSOLUTE
    ../clib/microlib/init/entry.s            0x00000000   Number         0  entry5.o ABSOLUTE
    ../clib/microlib/init/entry.s            0x00000000   Number         0  entry7a.o ABSOLUTE
    ../clib/microlib/init/entry.s            0x00000000   Number         0  entry7b.o ABSOLUTE
    ../clib/microlib/init/entry.s            0x00000000   Number         0  entry8a.o ABSOLUTE
    ../clib/microlib/init/entry.s            0x00000000   Number         0  entry8b.o ABSOLUTE
    ../clib/microlib/init/entry.s            0x00000000   Number         0  entry9a.o ABSOLUTE
    ../clib/microlib/init/entry.s            0x00000000   Number         0  entry9b.o ABSOLUTE
    ../clib/microlib/init/entry.s            0x00000000   Number         0  entry10a.o ABSOLUTE
    ../clib/microlib/init/entry.s            0x00000000   Number         0  entry10b.o ABSOLUTE
    ../clib/microlib/init/entry.s            0x00000000   Number         0  entry11a.o ABSOLUTE
    ../clib/microlib/init/entry.s            0x00000000   Number         0  entry11b.o ABSOLUTE
    ../clib/microlib/longlong.c              0x00000000   Number         0  llshl.o ABSOLUTE
    ../clib/microlib/longlong.c              0x00000000   Number         0  llushr.o ABSOLUTE
    ../clib/microlib/longlong.c              0x00000000   Number         0  llsshr.o ABSOLUTE
    ../clib/microlib/printf/printf.c         0x00000000   Number         0  printfa.o ABSOLUTE
    ../clib/microlib/stdio/streams.c         0x00000000   Number         0  stdout.o ABSOLUTE
    ../clib/microlib/stubs.s                 0x00000000   Number         0  iusefp.o ABSOLUTE
    ../fplib/microlib/d2f.c                  0x00000000   Number         0  d2f.o ABSOLUTE
    ../fplib/microlib/fpadd.c                0x00000000   Number         0  dadd.o ABSOLUTE
    ../fplib/microlib/fpdiv.c                0x00000000   Number         0  ddiv.o ABSOLUTE
    ../fplib/microlib/fpepilogue.c           0x00000000   Number         0  fepilogue.o ABSOLUTE
    ../fplib/microlib/fpepilogue.c           0x00000000   Number         0  depilogue.o ABSOLUTE
    ../fplib/microlib/fpfix.c                0x00000000   Number         0  dfixui.o ABSOLUTE
    ../fplib/microlib/fpfix.c                0x00000000   Number         0  dfixul.o ABSOLUTE
    ../fplib/microlib/fpflt.c                0x00000000   Number         0  dflti.o ABSOLUTE
    ../fplib/microlib/fpflt.c                0x00000000   Number         0  dfltui.o ABSOLUTE
    ../fplib/microlib/fpmul.c                0x00000000   Number         0  dmul.o ABSOLUTE
    LH001_55.c                               0x00000000   Number         0  lh001_55.o ABSOLUTE
    RTE/Device/GD32F330F8/startup_gd32f3x0.s 0x00000000   Number         0  startup_gd32f3x0.o ABSOLUTE
    cdrcmple.s                               0x00000000   Number         0  cdrcmple.o ABSOLUTE
    dc.s                                     0x00000000   Number         0  dc.o ABSOLUTE
    gd32f3x0_exti.c                          0x00000000   Number         0  gd32f3x0_exti.o ABSOLUTE
    gd32f3x0_fmc.c                           0x00000000   Number         0  gd32f3x0_fmc.o ABSOLUTE
    gd32f3x0_gpio.c                          0x00000000   Number         0  gd32f3x0_gpio.o ABSOLUTE
    gd32f3x0_misc.c                          0x00000000   Number         0  gd32f3x0_misc.o ABSOLUTE
    gd32f3x0_rcu.c                           0x00000000   Number         0  gd32f3x0_rcu.o ABSOLUTE
    gd32f3x0_spi.c                           0x00000000   Number         0  gd32f3x0_spi.o ABSOLUTE
    gd32f3x0_syscfg.c                        0x00000000   Number         0  gd32f3x0_syscfg.o ABSOLUTE
    gd32f3x0_timer.c                         0x00000000   Number         0  gd32f3x0_timer.o ABSOLUTE
    gd32f3x0_usart.c                         0x00000000   Number         0  gd32f3x0_usart.o ABSOLUTE
    handlers.s                               0x00000000   Number         0  handlers.o ABSOLUTE
    init.s                                   0x00000000   Number         0  init.o ABSOLUTE
    main.c                                   0x00000000   Number         0  main.o ABSOLUTE
    spi_port.c                               0x00000000   Number         0  spi_port.o ABSOLUTE
    system_gd32f3x0.c                        0x00000000   Number         0  system_gd32f3x0.o ABSOLUTE
    uart_print.c                             0x00000000   Number         0  uart_print.o ABSOLUTE
    RESET                                    0x08000000   Section      336  startup_gd32f3x0.o(RESET)
    .ARM.Collect$$$$00000000                 0x08000150   Section        0  entry.o(.ARM.Collect$$$$00000000)
    .ARM.Collect$$$$00000001                 0x08000150   Section        4  entry2.o(.ARM.Collect$$$$00000001)
    .ARM.Collect$$$$00000004                 0x08000154   Section        4  entry5.o(.ARM.Collect$$$$00000004)
    .ARM.Collect$$$$00000008                 0x08000158   Section        0  entry7b.o(.ARM.Collect$$$$00000008)
    .ARM.Collect$$$$0000000A                 0x08000158   Section        0  entry8b.o(.ARM.Collect$$$$0000000A)
    .ARM.Collect$$$$0000000B                 0x08000158   Section        8  entry9a.o(.ARM.Collect$$$$0000000B)
    __lit__00000000                          0x08000160   Data           4  entry2.o(.ARM.Collect$$$$00002712)
    .ARM.Collect$$$$0000000D                 0x08000160   Section        0  entry10a.o(.ARM.Collect$$$$0000000D)
    .ARM.Collect$$$$0000000F                 0x08000160   Section        0  entry11a.o(.ARM.Collect$$$$0000000F)
    .ARM.Collect$$$$00002712                 0x08000160   Section        4  entry2.o(.ARM.Collect$$$$00002712)
    $v0                                      0x08000164   Number         0  startup_gd32f3x0.o(.text)
    .text                                    0x08000164   Section       36  startup_gd32f3x0.o(.text)
    .text                                    0x08000188   Section        0  dadd.o(.text)
    .text                                    0x080002d6   Section        0  dmul.o(.text)
    .text                                    0x080003ba   Section        0  ddiv.o(.text)
    .text                                    0x08000498   Section        0  dflti.o(.text)
    .text                                    0x080004ba   Section        0  dfltui.o(.text)
    .text                                    0x080004d4   Section        0  uidiv.o(.text)
    .text                                    0x08000500   Section        0  uldiv.o(.text)
    .text                                    0x08000562   Section        0  llshl.o(.text)
    .text                                    0x08000580   Section        0  llushr.o(.text)
    .text                                    0x080005a0   Section        0  llsshr.o(.text)
    .text                                    0x080005c4   Section        0  iusefp.o(.text)
    .text                                    0x080005c4   Section        0  depilogue.o(.text)
    .text                                    0x0800067e   Section        0  dfixul.o(.text)
    .text                                    0x080006b0   Section       48  cdrcmple.o(.text)
    .text                                    0x080006e0   Section       36  init.o(.text)
    [Anonymous Symbol]                       0x08000704   Section        0  main.o(.text.EXTI4_15_IRQHandler)
    [Anonymous Symbol]                       0x0800075c   Section        0  lh001_55.o(.text.LH001_55_adc_channel)
    [Anonymous Symbol]                       0x08000780   Section        0  lh001_55.o(.text.LH001_55_adc_go)
    [Anonymous Symbol]                       0x080007a4   Section        0  lh001_55.o(.text.LH001_55_adc_init)
    [Anonymous Symbol]                       0x080008ac   Section        0  lh001_55.o(.text.LH001_55_adc_stop)
    [Anonymous Symbol]                       0x080008d0   Section        0  main.o(.text.LH001_55_init)
    [Anonymous Symbol]                       0x0800097c   Section        0  lh001_55.o(.text.LH001_55_pga_init)
    [Anonymous Symbol]                       0x08000a08   Section        0  lh001_55.o(.text.LH001_55_post_setup)
    [Anonymous Symbol]                       0x08000ac0   Section        0  lh001_55.o(.text.LH001_55_rdatac_start)
    [Anonymous Symbol]                       0x08000ae4   Section        0  lh001_55.o(.text.LH001_55_rdatac_stop)
    [Anonymous Symbol]                       0x08000b08   Section        0  lh001_55.o(.text.LH001_55_read_data_nofifo)
    [Anonymous Symbol]                       0x08000c08   Section        0  lh001_55.o(.text.LH001_55_read_regs)
    [Anonymous Symbol]                       0x08000dd8   Section        0  lh001_55.o(.text.LH001_55_reg_dump)
    [Anonymous Symbol]                       0x08000e18   Section        0  lh001_55.o(.text.LH001_55_sw_reset)
    [Anonymous Symbol]                       0x08000e3c   Section        0  lh001_55.o(.text.LH001_55_write_regs)
    [Anonymous Symbol]                       0x08001098   Section        0  system_gd32f3x0.o(.text.SystemInit)
    [Anonymous Symbol]                       0x0800118c   Section        0  uart_print.o(.text.debug_pin_init)
    [Anonymous Symbol]                       0x080011bc   Section        0  gd32f3x0_exti.o(.text.exti_init)
    [Anonymous Symbol]                       0x080012c8   Section        0  gd32f3x0_exti.o(.text.exti_interrupt_flag_clear)
    [Anonymous Symbol]                       0x080012dc   Section        0  gd32f3x0_exti.o(.text.exti_interrupt_flag_get)
    [Anonymous Symbol]                       0x08001324   Section        0  uart_print.o(.text.fputc)
    [Anonymous Symbol]                       0x08001358   Section        0  gd32f3x0_gpio.o(.text.gpio_af_set)
    [Anonymous Symbol]                       0x0800142c   Section        0  gd32f3x0_gpio.o(.text.gpio_mode_set)
    [Anonymous Symbol]                       0x080014c8   Section        0  gd32f3x0_gpio.o(.text.gpio_output_options_set)
    [Anonymous Symbol]                       0x080015d0   Section        0  main.o(.text.main)
    [Anonymous Symbol]                       0x08001748   Section        0  gd32f3x0_misc.o(.text.nvic_irq_enable)
    [Anonymous Symbol]                       0x08001840   Section        0  gd32f3x0_misc.o(.text.nvic_priority_group_set)
    [Anonymous Symbol]                       0x0800185c   Section        0  gd32f3x0_misc.o(.text.nvic_vector_table_set)
    [Anonymous Symbol]                       0x08001880   Section        0  gd32f3x0_rcu.o(.text.rcu_clock_freq_get)
    [Anonymous Symbol]                       0x08001c4c   Section        0  gd32f3x0_rcu.o(.text.rcu_periph_clock_enable)
    [Anonymous Symbol]                       0x08001c74   Section        0  gd32f3x0_rcu.o(.text.rcu_periph_reset_disable)
    [Anonymous Symbol]                       0x08001c9c   Section        0  gd32f3x0_rcu.o(.text.rcu_periph_reset_enable)
    [Anonymous Symbol]                       0x08001cc4   Section        0  gd32f3x0_spi.o(.text.spi_enable)
    [Anonymous Symbol]                       0x08001cd8   Section        0  gd32f3x0_spi.o(.text.spi_i2s_data_receive)
    [Anonymous Symbol]                       0x08001ce8   Section        0  gd32f3x0_spi.o(.text.spi_i2s_data_transmit)
    [Anonymous Symbol]                       0x08001cfc   Section        0  gd32f3x0_spi.o(.text.spi_i2s_deinit)
    [Anonymous Symbol]                       0x08001d50   Section        0  gd32f3x0_spi.o(.text.spi_i2s_flag_get)
    [Anonymous Symbol]                       0x08001d7c   Section        0  gd32f3x0_spi.o(.text.spi_init)
    [Anonymous Symbol]                       0x08001df0   Section        0  gd32f3x0_spi.o(.text.spi_struct_para_init)
    [Anonymous Symbol]                       0x08001e14   Section        0  spi_port.o(.text.stm_lh_delay_10us)
    [Anonymous Symbol]                       0x08001e34   Section        0  spi_port.o(.text.stm_lh_spi_init)
    [Anonymous Symbol]                       0x08001f80   Section        0  spi_port.o(.text.stm_lh_spi_txrx8bit)
    [Anonymous Symbol]                       0x08001fd8   Section        0  gd32f3x0_syscfg.o(.text.syscfg_exti_line_config)
    system_clock_84m_irc8m                   0x08002085   Thumb Code   142  system_gd32f3x0.o(.text.system_clock_84m_irc8m)
    [Anonymous Symbol]                       0x08002084   Section        0  system_gd32f3x0.o(.text.system_clock_84m_irc8m)
    system_clock_config                      0x08002115   Thumb Code     8  system_gd32f3x0.o(.text.system_clock_config)
    [Anonymous Symbol]                       0x08002114   Section        0  system_gd32f3x0.o(.text.system_clock_config)
    [Anonymous Symbol]                       0x0800211c   Section        0  uart_print.o(.text.uart_print_init)
    [Anonymous Symbol]                       0x080021d0   Section        0  gd32f3x0_usart.o(.text.usart_baudrate_set)
    [Anonymous Symbol]                       0x0800228c   Section        0  gd32f3x0_usart.o(.text.usart_data_transmit)
    [Anonymous Symbol]                       0x080022a0   Section        0  gd32f3x0_usart.o(.text.usart_deinit)
    [Anonymous Symbol]                       0x080022f4   Section        0  gd32f3x0_usart.o(.text.usart_enable)
    [Anonymous Symbol]                       0x08002308   Section        0  gd32f3x0_usart.o(.text.usart_flag_get)
    [Anonymous Symbol]                       0x08002344   Section        0  gd32f3x0_usart.o(.text.usart_parity_config)
    [Anonymous Symbol]                       0x0800236c   Section        0  gd32f3x0_usart.o(.text.usart_receive_config)
    [Anonymous Symbol]                       0x0800238c   Section        0  gd32f3x0_usart.o(.text.usart_stop_bit_set)
    [Anonymous Symbol]                       0x080023b4   Section        0  gd32f3x0_usart.o(.text.usart_transmit_config)
    [Anonymous Symbol]                       0x080023d4   Section        0  gd32f3x0_usart.o(.text.usart_word_length_set)
    i.__0printf                              0x080023fc   Section        0  printfa.o(i.__0printf)
    i.__scatterload_copy                     0x0800241c   Section       14  handlers.o(i.__scatterload_copy)
    i.__scatterload_null                     0x0800242a   Section        2  handlers.o(i.__scatterload_null)
    i.__scatterload_zeroinit                 0x0800242c   Section       14  handlers.o(i.__scatterload_zeroinit)
    _fp_digits                               0x0800243d   Thumb Code   366  printfa.o(i._fp_digits)
    i._fp_digits                             0x0800243c   Section        0  printfa.o(i._fp_digits)
    _printf_core                             0x080025c1   Thumb Code  1744  printfa.o(i._printf_core)
    i._printf_core                           0x080025c0   Section        0  printfa.o(i._printf_core)
    _printf_post_padding                     0x08002c9d   Thumb Code    36  printfa.o(i._printf_post_padding)
    i._printf_post_padding                   0x08002c9c   Section        0  printfa.o(i._printf_post_padding)
    _printf_pre_padding                      0x08002cc1   Thumb Code    46  printfa.o(i._printf_pre_padding)
    i._printf_pre_padding                    0x08002cc0   Section        0  printfa.o(i._printf_pre_padding)
    .L.str.3                                 0x08002cee   Data          14  main.o(.rodata.str1.1)
    [Anonymous Symbol]                       0x08002cee   Section        0  main.o(.rodata.str1.1)
    .L.str.2                                 0x08002cfc   Data          12  main.o(.rodata.str1.1)
    .L.str.1                                 0x08002d08   Data          10  main.o(.rodata.str1.1)
    .L.str                                   0x08002d12   Data          12  main.o(.rodata.str1.1)
    .data                                    0x20000000   Section        4  stdout.o(.data)
    STACK                                    0x20000078   Section      512  startup_gd32f3x0.o(STACK)

    Global Symbols

    Symbol Name                              Value     Ov Type        Size  Object(Section)

    BuildAttributes$$THM_ISAv4$E$P$D$K$B$S$7EM$VFPi3$EXTD16$VFPS$VFMA$PE$A:L22UL41UL21$X:L11$S22US41US21$IEEE1$IW$~IW$USESV6$~STKCKD$USESV7$~SHL$OTIME$ROPI$EBA8$MICROLIB$REQ8$PRES8$EABIv2 0x00000000   Number         0  anon$$obj.o ABSOLUTE
    __cpp_initialize__aeabi_                  - Undefined Weak Reference
    __cxa_finalize                            - Undefined Weak Reference
    __decompress                              - Undefined Weak Reference
    _clock_init                               - Undefined Weak Reference
    _microlib_exit                            - Undefined Weak Reference
    __Vectors_Size                           0x00000150   Number         0  startup_gd32f3x0.o ABSOLUTE
    __Vectors                                0x08000000   Data           4  startup_gd32f3x0.o(RESET)
    __Vectors_End                            0x08000150   Data           0  startup_gd32f3x0.o(RESET)
    __main                                   0x08000151   Thumb Code     0  entry.o(.ARM.Collect$$$$00000000)
    _main_stk                                0x08000151   Thumb Code     0  entry2.o(.ARM.Collect$$$$00000001)
    _main_scatterload                        0x08000155   Thumb Code     0  entry5.o(.ARM.Collect$$$$00000004)
    __main_after_scatterload                 0x08000159   Thumb Code     0  entry5.o(.ARM.Collect$$$$00000004)
    _main_clock                              0x08000159   Thumb Code     0  entry7b.o(.ARM.Collect$$$$00000008)
    _main_cpp_init                           0x08000159   Thumb Code     0  entry8b.o(.ARM.Collect$$$$0000000A)
    _main_init                               0x08000159   Thumb Code     0  entry9a.o(.ARM.Collect$$$$0000000B)
    __rt_final_cpp                           0x08000161   Thumb Code     0  entry10a.o(.ARM.Collect$$$$0000000D)
    __rt_final_exit                          0x08000161   Thumb Code     0  entry11a.o(.ARM.Collect$$$$0000000F)
    Reset_Handler                            0x08000165   Thumb Code     8  startup_gd32f3x0.o(.text)
    NMI_Handler                              0x0800016d   Thumb Code     2  startup_gd32f3x0.o(.text)
    HardFault_Handler                        0x0800016f   Thumb Code     2  startup_gd32f3x0.o(.text)
    MemManage_Handler                        0x08000171   Thumb Code     2  startup_gd32f3x0.o(.text)
    BusFault_Handler                         0x08000173   Thumb Code     2  startup_gd32f3x0.o(.text)
    UsageFault_Handler                       0x08000175   Thumb Code     2  startup_gd32f3x0.o(.text)
    SVC_Handler                              0x08000177   Thumb Code     2  startup_gd32f3x0.o(.text)
    DebugMon_Handler                         0x08000179   Thumb Code     2  startup_gd32f3x0.o(.text)
    PendSV_Handler                           0x0800017b   Thumb Code     2  startup_gd32f3x0.o(.text)
    SysTick_Handler                          0x0800017d   Thumb Code     2  startup_gd32f3x0.o(.text)
    ADC_CMP_IRQHandler                       0x0800017f   Thumb Code     0  startup_gd32f3x0.o(.text)
    CEC_IRQHandler                           0x0800017f   Thumb Code     0  startup_gd32f3x0.o(.text)
    DMA_Channel0_IRQHandler                  0x0800017f   Thumb Code     0  startup_gd32f3x0.o(.text)
    DMA_Channel1_2_IRQHandler                0x0800017f   Thumb Code     0  startup_gd32f3x0.o(.text)
    DMA_Channel3_4_IRQHandler                0x0800017f   Thumb Code     0  startup_gd32f3x0.o(.text)
    DMA_Channel5_6_IRQHandler                0x0800017f   Thumb Code     0  startup_gd32f3x0.o(.text)
    EXTI0_1_IRQHandler                       0x0800017f   Thumb Code     0  startup_gd32f3x0.o(.text)
    EXTI2_3_IRQHandler                       0x0800017f   Thumb Code     0  startup_gd32f3x0.o(.text)
    FMC_IRQHandler                           0x0800017f   Thumb Code     0  startup_gd32f3x0.o(.text)
    I2C0_ER_IRQHandler                       0x0800017f   Thumb Code     0  startup_gd32f3x0.o(.text)
    I2C0_EV_IRQHandler                       0x0800017f   Thumb Code     0  startup_gd32f3x0.o(.text)
    I2C1_ER_IRQHandler                       0x0800017f   Thumb Code     0  startup_gd32f3x0.o(.text)
    I2C1_EV_IRQHandler                       0x0800017f   Thumb Code     0  startup_gd32f3x0.o(.text)
    LVD_IRQHandler                           0x0800017f   Thumb Code     0  startup_gd32f3x0.o(.text)
    RCU_CTC_IRQHandler                       0x0800017f   Thumb Code     0  startup_gd32f3x0.o(.text)
    RTC_IRQHandler                           0x0800017f   Thumb Code     0  startup_gd32f3x0.o(.text)
    SPI0_IRQHandler                          0x0800017f   Thumb Code     0  startup_gd32f3x0.o(.text)
    SPI1_IRQHandler                          0x0800017f   Thumb Code     0  startup_gd32f3x0.o(.text)
    TIMER0_BRK_UP_TRG_COM_IRQHandler         0x0800017f   Thumb Code     0  startup_gd32f3x0.o(.text)
    TIMER0_Channel_IRQHandler                0x0800017f   Thumb Code     0  startup_gd32f3x0.o(.text)
    TIMER13_IRQHandler                       0x0800017f   Thumb Code     0  startup_gd32f3x0.o(.text)
    TIMER14_IRQHandler                       0x0800017f   Thumb Code     0  startup_gd32f3x0.o(.text)
    TIMER15_IRQHandler                       0x0800017f   Thumb Code     0  startup_gd32f3x0.o(.text)
    TIMER16_IRQHandler                       0x0800017f   Thumb Code     0  startup_gd32f3x0.o(.text)
    TIMER1_IRQHandler                        0x0800017f   Thumb Code     0  startup_gd32f3x0.o(.text)
    TIMER2_IRQHandler                        0x0800017f   Thumb Code     0  startup_gd32f3x0.o(.text)
    TIMER5_DAC_IRQHandler                    0x0800017f   Thumb Code     0  startup_gd32f3x0.o(.text)
    TSI_IRQHandler                           0x0800017f   Thumb Code     0  startup_gd32f3x0.o(.text)
    USART0_IRQHandler                        0x0800017f   Thumb Code     0  startup_gd32f3x0.o(.text)
    USART1_IRQHandler                        0x0800017f   Thumb Code     0  startup_gd32f3x0.o(.text)
    USBFS_IRQHandler                         0x0800017f   Thumb Code     0  startup_gd32f3x0.o(.text)
    USBFS_WKUP_IRQHandler                    0x0800017f   Thumb Code     0  startup_gd32f3x0.o(.text)
    WWDGT_IRQHandler                         0x0800017f   Thumb Code     0  startup_gd32f3x0.o(.text)
    __aeabi_dadd                             0x08000189   Thumb Code   322  dadd.o(.text)
    __aeabi_dsub                             0x080002cb   Thumb Code     6  dadd.o(.text)
    __aeabi_drsub                            0x080002d1   Thumb Code     6  dadd.o(.text)
    __aeabi_dmul                             0x080002d7   Thumb Code   228  dmul.o(.text)
    __aeabi_ddiv                             0x080003bb   Thumb Code   222  ddiv.o(.text)
    __aeabi_i2d                              0x08000499   Thumb Code    34  dflti.o(.text)
    __aeabi_ui2d                             0x080004bb   Thumb Code    26  dfltui.o(.text)
    __aeabi_uidiv                            0x080004d5   Thumb Code     0  uidiv.o(.text)
    __aeabi_uidivmod                         0x080004d5   Thumb Code    44  uidiv.o(.text)
    __aeabi_uldivmod                         0x08000501   Thumb Code    98  uldiv.o(.text)
    __aeabi_llsl                             0x08000563   Thumb Code    30  llshl.o(.text)
    _ll_shift_l                              0x08000563   Thumb Code     0  llshl.o(.text)
    __aeabi_llsr                             0x08000581   Thumb Code    32  llushr.o(.text)
    _ll_ushift_r                             0x08000581   Thumb Code     0  llushr.o(.text)
    __aeabi_lasr                             0x080005a1   Thumb Code    36  llsshr.o(.text)
    _ll_sshift_r                             0x080005a1   Thumb Code     0  llsshr.o(.text)
    __I$use$fp                               0x080005c5   Thumb Code     0  iusefp.o(.text)
    _double_round                            0x080005c5   Thumb Code    30  depilogue.o(.text)
    _double_epilogue                         0x080005e3   Thumb Code   156  depilogue.o(.text)
    __aeabi_d2ulz                            0x0800067f   Thumb Code    48  dfixul.o(.text)
    __aeabi_cdrcmple                         0x080006b1   Thumb Code    48  cdrcmple.o(.text)
    __scatterload                            0x080006e1   Thumb Code    28  init.o(.text)
    __scatterload_rt2                        0x080006e1   Thumb Code     0  init.o(.text)
    EXTI4_15_IRQHandler                      0x08000705   Thumb Code    88  main.o(.text.EXTI4_15_IRQHandler)
    LH001_55_adc_channel                     0x0800075d   Thumb Code    36  lh001_55.o(.text.LH001_55_adc_channel)
    LH001_55_adc_go                          0x08000781   Thumb Code    36  lh001_55.o(.text.LH001_55_adc_go)
    LH001_55_adc_init                        0x080007a5   Thumb Code   262  lh001_55.o(.text.LH001_55_adc_init)
    LH001_55_adc_stop                        0x080008ad   Thumb Code    36  lh001_55.o(.text.LH001_55_adc_stop)
    LH001_55_init                            0x080008d1   Thumb Code   172  main.o(.text.LH001_55_init)
    LH001_55_pga_init                        0x0800097d   Thumb Code   138  lh001_55.o(.text.LH001_55_pga_init)
    LH001_55_post_setup                      0x08000a09   Thumb Code   182  lh001_55.o(.text.LH001_55_post_setup)
    LH001_55_rdatac_start                    0x08000ac1   Thumb Code    34  lh001_55.o(.text.LH001_55_rdatac_start)
    LH001_55_rdatac_stop                     0x08000ae5   Thumb Code    36  lh001_55.o(.text.LH001_55_rdatac_stop)
    LH001_55_read_data_nofifo                0x08000b09   Thumb Code   256  lh001_55.o(.text.LH001_55_read_data_nofifo)
    LH001_55_read_regs                       0x08000c09   Thumb Code   464  lh001_55.o(.text.LH001_55_read_regs)
    LH001_55_reg_dump                        0x08000dd9   Thumb Code    62  lh001_55.o(.text.LH001_55_reg_dump)
    LH001_55_sw_reset                        0x08000e19   Thumb Code    36  lh001_55.o(.text.LH001_55_sw_reset)
    LH001_55_write_regs                      0x08000e3d   Thumb Code   602  lh001_55.o(.text.LH001_55_write_regs)
    SystemInit                               0x08001099   Thumb Code   244  system_gd32f3x0.o(.text.SystemInit)
    debug_pin_init                           0x0800118d   Thumb Code    48  uart_print.o(.text.debug_pin_init)
    exti_init                                0x080011bd   Thumb Code   266  gd32f3x0_exti.o(.text.exti_init)
    exti_interrupt_flag_clear                0x080012c9   Thumb Code    20  gd32f3x0_exti.o(.text.exti_interrupt_flag_clear)
    exti_interrupt_flag_get                  0x080012dd   Thumb Code    72  gd32f3x0_exti.o(.text.exti_interrupt_flag_get)
    fputc                                    0x08001325   Thumb Code    52  uart_print.o(.text.fputc)
    gpio_af_set                              0x08001359   Thumb Code   212  gd32f3x0_gpio.o(.text.gpio_af_set)
    gpio_mode_set                            0x0800142d   Thumb Code   156  gd32f3x0_gpio.o(.text.gpio_mode_set)
    gpio_output_options_set                  0x080014c9   Thumb Code   262  gd32f3x0_gpio.o(.text.gpio_output_options_set)
    main                                     0x080015d1   Thumb Code   376  main.o(.text.main)
    nvic_irq_enable                          0x08001749   Thumb Code   246  gd32f3x0_misc.o(.text.nvic_irq_enable)
    nvic_priority_group_set                  0x08001841   Thumb Code    28  gd32f3x0_misc.o(.text.nvic_priority_group_set)
    nvic_vector_table_set                    0x0800185d   Thumb Code    36  gd32f3x0_misc.o(.text.nvic_vector_table_set)
    rcu_clock_freq_get                       0x08001881   Thumb Code   972  gd32f3x0_rcu.o(.text.rcu_clock_freq_get)
    rcu_periph_clock_enable                  0x08001c4d   Thumb Code    40  gd32f3x0_rcu.o(.text.rcu_periph_clock_enable)
    rcu_periph_reset_disable                 0x08001c75   Thumb Code    40  gd32f3x0_rcu.o(.text.rcu_periph_reset_disable)
    rcu_periph_reset_enable                  0x08001c9d   Thumb Code    40  gd32f3x0_rcu.o(.text.rcu_periph_reset_enable)
    spi_enable                               0x08001cc5   Thumb Code    18  gd32f3x0_spi.o(.text.spi_enable)
    spi_i2s_data_receive                     0x08001cd9   Thumb Code    14  gd32f3x0_spi.o(.text.spi_i2s_data_receive)
    spi_i2s_data_transmit                    0x08001ce9   Thumb Code    20  gd32f3x0_spi.o(.text.spi_i2s_data_transmit)
    spi_i2s_deinit                           0x08001cfd   Thumb Code    82  gd32f3x0_spi.o(.text.spi_i2s_deinit)
    spi_i2s_flag_get                         0x08001d51   Thumb Code    42  gd32f3x0_spi.o(.text.spi_i2s_flag_get)
    spi_init                                 0x08001d7d   Thumb Code   114  gd32f3x0_spi.o(.text.spi_init)
    spi_struct_para_init                     0x08001df1   Thumb Code    34  gd32f3x0_spi.o(.text.spi_struct_para_init)
    stm_lh_delay_10us                        0x08001e15   Thumb Code    30  spi_port.o(.text.stm_lh_delay_10us)
    stm_lh_spi_init                          0x08001e35   Thumb Code   330  spi_port.o(.text.stm_lh_spi_init)
    stm_lh_spi_txrx8bit                      0x08001f81   Thumb Code    86  spi_port.o(.text.stm_lh_spi_txrx8bit)
    syscfg_exti_line_config                  0x08001fd9   Thumb Code   172  gd32f3x0_syscfg.o(.text.syscfg_exti_line_config)
    uart_print_init                          0x0800211d   Thumb Code   180  uart_print.o(.text.uart_print_init)
    usart_baudrate_set                       0x080021d1   Thumb Code   188  gd32f3x0_usart.o(.text.usart_baudrate_set)
    usart_data_transmit                      0x0800228d   Thumb Code    20  gd32f3x0_usart.o(.text.usart_data_transmit)
    usart_deinit                             0x080022a1   Thumb Code    82  gd32f3x0_usart.o(.text.usart_deinit)
    usart_enable                             0x080022f5   Thumb Code    18  gd32f3x0_usart.o(.text.usart_enable)
    usart_flag_get                           0x08002309   Thumb Code    58  gd32f3x0_usart.o(.text.usart_flag_get)
    usart_parity_config                      0x08002345   Thumb Code    40  gd32f3x0_usart.o(.text.usart_parity_config)
    usart_receive_config                     0x0800236d   Thumb Code    30  gd32f3x0_usart.o(.text.usart_receive_config)
    usart_stop_bit_set                       0x0800238d   Thumb Code    40  gd32f3x0_usart.o(.text.usart_stop_bit_set)
    usart_transmit_config                    0x080023b5   Thumb Code    30  gd32f3x0_usart.o(.text.usart_transmit_config)
    usart_word_length_set                    0x080023d5   Thumb Code    40  gd32f3x0_usart.o(.text.usart_word_length_set)
    __0printf                                0x080023fd   Thumb Code    22  printfa.o(i.__0printf)
    __1printf                                0x080023fd   Thumb Code     0  printfa.o(i.__0printf)
    __2printf                                0x080023fd   Thumb Code     0  printfa.o(i.__0printf)
    __c89printf                              0x080023fd   Thumb Code     0  printfa.o(i.__0printf)
    printf                                   0x080023fd   Thumb Code     0  printfa.o(i.__0printf)
    __scatterload_copy                       0x0800241d   Thumb Code    14  handlers.o(i.__scatterload_copy)
    __scatterload_null                       0x0800242b   Thumb Code     2  handlers.o(i.__scatterload_null)
    __scatterload_zeroinit                   0x0800242d   Thumb Code    14  handlers.o(i.__scatterload_zeroinit)
    Region$$Table$$Base                      0x08002d20   Number         0  anon$$obj.o(Region$$Table)
    Region$$Table$$Limit                     0x08002d40   Number         0  anon$$obj.o(Region$$Table)
    __stdout                                 0x20000000   Data           4  stdout.o(.data)
    reg                                      0x20000004   Data         100  main.o(.data.reg)
    adc_data                                 0x20000068   Data           4  main.o(.bss.adc_data)
    data_cnt                                 0x2000006c   Data           4  main.o(.bss.data_cnt)
    data_ready_flag                          0x20000070   Data           4  main.o(.bss.data_ready_flag)
    pga_gain                                 0x20000074   Data           4  main.o(.bss.pga_gain)
    __initial_sp                             0x20000278   Data           0  startup_gd32f3x0.o(STACK)



==============================================================================

Memory Map of the image

  Image Entry point : 0x08000151

  Load Region LR_IROM1 (Base: 0x08000000, Size: 0x00002da8, Max: 0x00010000, ABSOLUTE)

    Execution Region ER_IROM1 (Exec base: 0x08000000, Load base: 0x08000000, Size: 0x00002d40, Max: 0x00010000, ABSOLUTE)

    Exec Addr    Load Addr    Size         Type   Attr      Idx    E Section Name        Object

    0x08000000   0x08000000   0x00000150   Data   RO          793    RESET               startup_gd32f3x0.o
    0x08000150   0x08000150   0x00000000   Code   RO          817  * .ARM.Collect$$$$00000000  mc_w.l(entry.o)
    0x08000150   0x08000150   0x00000004   Code   RO          862    .ARM.Collect$$$$00000001  mc_w.l(entry2.o)
    0x08000154   0x08000154   0x00000004   Code   RO          865    .ARM.Collect$$$$00000004  mc_w.l(entry5.o)
    0x08000158   0x08000158   0x00000000   Code   RO          867    .ARM.Collect$$$$00000008  mc_w.l(entry7b.o)
    0x08000158   0x08000158   0x00000000   Code   RO          869    .ARM.Collect$$$$0000000A  mc_w.l(entry8b.o)
    0x08000158   0x08000158   0x00000008   Code   RO          870    .ARM.Collect$$$$0000000B  mc_w.l(entry9a.o)
    0x08000160   0x08000160   0x00000000   Code   RO          872    .ARM.Collect$$$$0000000D  mc_w.l(entry10a.o)
    0x08000160   0x08000160   0x00000000   Code   RO          874    .ARM.Collect$$$$0000000F  mc_w.l(entry11a.o)
    0x08000160   0x08000160   0x00000004   Code   RO          863    .ARM.Collect$$$$00002712  mc_w.l(entry2.o)
    0x08000164   0x08000164   0x00000024   Code   RO          794    .text               startup_gd32f3x0.o
    0x08000188   0x08000188   0x0000014e   Code   RO          848    .text               mf_w.l(dadd.o)
    0x080002d6   0x080002d6   0x000000e4   Code   RO          850    .text               mf_w.l(dmul.o)
    0x080003ba   0x080003ba   0x000000de   Code   RO          852    .text               mf_w.l(ddiv.o)
    0x08000498   0x08000498   0x00000022   Code   RO          854    .text               mf_w.l(dflti.o)
    0x080004ba   0x080004ba   0x0000001a   Code   RO          856    .text               mf_w.l(dfltui.o)
    0x080004d4   0x080004d4   0x0000002c   Code   RO          886    .text               mc_w.l(uidiv.o)
    0x08000500   0x08000500   0x00000062   Code   RO          888    .text               mc_w.l(uldiv.o)
    0x08000562   0x08000562   0x0000001e   Code   RO          890    .text               mc_w.l(llshl.o)
    0x08000580   0x08000580   0x00000020   Code   RO          892    .text               mc_w.l(llushr.o)
    0x080005a0   0x080005a0   0x00000024   Code   RO          894    .text               mc_w.l(llsshr.o)
    0x080005c4   0x080005c4   0x00000000   Code   RO          896    .text               mc_w.l(iusefp.o)
    0x080005c4   0x080005c4   0x000000ba   Code   RO          899    .text               mf_w.l(depilogue.o)
    0x0800067e   0x0800067e   0x00000030   Code   RO          901    .text               mf_w.l(dfixul.o)
    0x080006ae   0x080006ae   0x00000002   PAD
    0x080006b0   0x080006b0   0x00000030   Code   RO          903    .text               mf_w.l(cdrcmple.o)
    0x080006e0   0x080006e0   0x00000024   Code   RO          905    .text               mc_w.l(init.o)
    0x08000704   0x08000704   0x00000058   Code   RO            8    .text.EXTI4_15_IRQHandler  main.o
    0x0800075c   0x0800075c   0x00000024   Code   RO           56    .text.LH001_55_adc_channel  lh001_55.o
    0x08000780   0x08000780   0x00000024   Code   RO           30    .text.LH001_55_adc_go  lh001_55.o
    0x080007a4   0x080007a4   0x00000106   Code   RO           48    .text.LH001_55_adc_init  lh001_55.o
    0x080008aa   0x080008aa   0x00000002   PAD
    0x080008ac   0x080008ac   0x00000024   Code   RO           26    .text.LH001_55_adc_stop  lh001_55.o
    0x080008d0   0x080008d0   0x000000ac   Code   RO            4    .text.LH001_55_init  main.o
    0x0800097c   0x0800097c   0x0000008a   Code   RO           52    .text.LH001_55_pga_init  lh001_55.o
    0x08000a06   0x08000a06   0x00000002   PAD
    0x08000a08   0x08000a08   0x000000b6   Code   RO           50    .text.LH001_55_post_setup  lh001_55.o
    0x08000abe   0x08000abe   0x00000002   PAD
    0x08000ac0   0x08000ac0   0x00000022   Code   RO           36    .text.LH001_55_rdatac_start  lh001_55.o
    0x08000ae2   0x08000ae2   0x00000002   PAD
    0x08000ae4   0x08000ae4   0x00000024   Code   RO           28    .text.LH001_55_rdatac_stop  lh001_55.o
    0x08000b08   0x08000b08   0x00000100   Code   RO           44    .text.LH001_55_read_data_nofifo  lh001_55.o
    0x08000c08   0x08000c08   0x000001d0   Code   RO           40    .text.LH001_55_read_regs  lh001_55.o
    0x08000dd8   0x08000dd8   0x0000003e   Code   RO           70    .text.LH001_55_reg_dump  lh001_55.o
    0x08000e16   0x08000e16   0x00000002   PAD
    0x08000e18   0x08000e18   0x00000024   Code   RO           32    .text.LH001_55_sw_reset  lh001_55.o
    0x08000e3c   0x08000e3c   0x0000025a   Code   RO           38    .text.LH001_55_write_regs  lh001_55.o
    0x08001096   0x08001096   0x00000002   PAD
    0x08001098   0x08001098   0x000000f4   Code   RO          801    .text.SystemInit    system_gd32f3x0.o
    0x0800118c   0x0800118c   0x00000030   Code   RO          657    .text.debug_pin_init  uart_print.o
    0x080011bc   0x080011bc   0x0000010a   Code   RO           93    .text.exti_init     gd32f3x0_exti.o
    0x080012c6   0x080012c6   0x00000002   PAD
    0x080012c8   0x080012c8   0x00000014   Code   RO          113    .text.exti_interrupt_flag_clear  gd32f3x0_exti.o
    0x080012dc   0x080012dc   0x00000048   Code   RO          111    .text.exti_interrupt_flag_get  gd32f3x0_exti.o
    0x08001324   0x08001324   0x00000034   Code   RO          667    .text.fputc         uart_print.o
    0x08001358   0x08001358   0x000000d4   Code   RO          215    .text.gpio_af_set   gd32f3x0_gpio.o
    0x0800142c   0x0800142c   0x0000009c   Code   RO          195    .text.gpio_mode_set  gd32f3x0_gpio.o
    0x080014c8   0x080014c8   0x00000106   Code   RO          197    .text.gpio_output_options_set  gd32f3x0_gpio.o
    0x080015ce   0x080015ce   0x00000002   PAD
    0x080015d0   0x080015d0   0x00000178   Code   RO            6    .text.main          main.o
    0x08001748   0x08001748   0x000000f6   Code   RO          678    .text.nvic_irq_enable  gd32f3x0_misc.o
    0x0800183e   0x0800183e   0x00000002   PAD
    0x08001840   0x08001840   0x0000001c   Code   RO          676    .text.nvic_priority_group_set  gd32f3x0_misc.o
    0x0800185c   0x0800185c   0x00000024   Code   RO          682    .text.nvic_vector_table_set  gd32f3x0_misc.o
    0x08001880   0x08001880   0x000003cc   Code   RO          781    .text.rcu_clock_freq_get  gd32f3x0_rcu.o
    0x08001c4c   0x08001c4c   0x00000028   Code   RO          699    .text.rcu_periph_clock_enable  gd32f3x0_rcu.o
    0x08001c74   0x08001c74   0x00000028   Code   RO          709    .text.rcu_periph_reset_disable  gd32f3x0_rcu.o
    0x08001c9c   0x08001c9c   0x00000028   Code   RO          707    .text.rcu_periph_reset_enable  gd32f3x0_rcu.o
    0x08001cc4   0x08001cc4   0x00000012   Code   RO          236    .text.spi_enable    gd32f3x0_spi.o
    0x08001cd6   0x08001cd6   0x00000002   PAD
    0x08001cd8   0x08001cd8   0x0000000e   Code   RO          256    .text.spi_i2s_data_receive  gd32f3x0_spi.o
    0x08001ce6   0x08001ce6   0x00000002   PAD
    0x08001ce8   0x08001ce8   0x00000014   Code   RO          254    .text.spi_i2s_data_transmit  gd32f3x0_spi.o
    0x08001cfc   0x08001cfc   0x00000052   Code   RO          230    .text.spi_i2s_deinit  gd32f3x0_spi.o
    0x08001d4e   0x08001d4e   0x00000002   PAD
    0x08001d50   0x08001d50   0x0000002a   Code   RO          298    .text.spi_i2s_flag_get  gd32f3x0_spi.o
    0x08001d7a   0x08001d7a   0x00000002   PAD
    0x08001d7c   0x08001d7c   0x00000072   Code   RO          234    .text.spi_init      gd32f3x0_spi.o
    0x08001dee   0x08001dee   0x00000002   PAD
    0x08001df0   0x08001df0   0x00000022   Code   RO          232    .text.spi_struct_para_init  gd32f3x0_spi.o
    0x08001e12   0x08001e12   0x00000002   PAD
    0x08001e14   0x08001e14   0x0000001e   Code   RO          648    .text.stm_lh_delay_10us  spi_port.o
    0x08001e32   0x08001e32   0x00000002   PAD
    0x08001e34   0x08001e34   0x0000014a   Code   RO          644    .text.stm_lh_spi_init  spi_port.o
    0x08001f7e   0x08001f7e   0x00000002   PAD
    0x08001f80   0x08001f80   0x00000056   Code   RO          646    .text.stm_lh_spi_txrx8bit  spi_port.o
    0x08001fd6   0x08001fd6   0x00000002   PAD
    0x08001fd8   0x08001fd8   0x000000ac   Code   RO          319    .text.syscfg_exti_line_config  gd32f3x0_syscfg.o
    0x08002084   0x08002084   0x0000008e   Code   RO          807    .text.system_clock_84m_irc8m  system_gd32f3x0.o
    0x08002112   0x08002112   0x00000002   PAD
    0x08002114   0x08002114   0x00000008   Code   RO          803    .text.system_clock_config  system_gd32f3x0.o
    0x0800211c   0x0800211c   0x000000b4   Code   RO          665    .text.uart_print_init  uart_print.o
    0x080021d0   0x080021d0   0x000000bc   Code   RO          493    .text.usart_baudrate_set  gd32f3x0_usart.o
    0x0800228c   0x0800228c   0x00000014   Code   RO          527    .text.usart_data_transmit  gd32f3x0_usart.o
    0x080022a0   0x080022a0   0x00000052   Code   RO          491    .text.usart_deinit  gd32f3x0_usart.o
    0x080022f2   0x080022f2   0x00000002   PAD
    0x080022f4   0x080022f4   0x00000012   Code   RO          501    .text.usart_enable  gd32f3x0_usart.o
    0x08002306   0x08002306   0x00000002   PAD
    0x08002308   0x08002308   0x0000003a   Code   RO          625    .text.usart_flag_get  gd32f3x0_usart.o
    0x08002342   0x08002342   0x00000002   PAD
    0x08002344   0x08002344   0x00000028   Code   RO          495    .text.usart_parity_config  gd32f3x0_usart.o
    0x0800236c   0x0800236c   0x0000001e   Code   RO          507    .text.usart_receive_config  gd32f3x0_usart.o
    0x0800238a   0x0800238a   0x00000002   PAD
    0x0800238c   0x0800238c   0x00000028   Code   RO          499    .text.usart_stop_bit_set  gd32f3x0_usart.o
    0x080023b4   0x080023b4   0x0000001e   Code   RO          505    .text.usart_transmit_config  gd32f3x0_usart.o
    0x080023d2   0x080023d2   0x00000002   PAD
    0x080023d4   0x080023d4   0x00000028   Code   RO          497    .text.usart_word_length_set  gd32f3x0_usart.o
    0x080023fc   0x080023fc   0x00000020   Code   RO          821    i.__0printf         mc_w.l(printfa.o)
    0x0800241c   0x0800241c   0x0000000e   Code   RO          909    i.__scatterload_copy  mc_w.l(handlers.o)
    0x0800242a   0x0800242a   0x00000002   Code   RO          910    i.__scatterload_null  mc_w.l(handlers.o)
    0x0800242c   0x0800242c   0x0000000e   Code   RO          911    i.__scatterload_zeroinit  mc_w.l(handlers.o)
    0x0800243a   0x0800243a   0x00000002   PAD
    0x0800243c   0x0800243c   0x00000184   Code   RO          828    i._fp_digits        mc_w.l(printfa.o)
    0x080025c0   0x080025c0   0x000006dc   Code   RO          829    i._printf_core      mc_w.l(printfa.o)
    0x08002c9c   0x08002c9c   0x00000024   Code   RO          830    i._printf_post_padding  mc_w.l(printfa.o)
    0x08002cc0   0x08002cc0   0x0000002e   Code   RO          831    i._printf_pre_padding  mc_w.l(printfa.o)
    0x08002cee   0x08002cee   0x00000030   Data   RO           14    .rodata.str1.1      main.o
    0x08002d1e   0x08002d1e   0x00000002   PAD
    0x08002d20   0x08002d20   0x00000020   Data   RO          908    Region$$Table       anon$$obj.o


    Execution Region RW_IRAM1 (Exec base: 0x20000000, Load base: 0x08002d40, Size: 0x00000278, Max: 0x00002000, ABSOLUTE)

    Exec Addr    Load Addr    Size         Type   Attr      Idx    E Section Name        Object

    0x20000000   0x08002d40   0x00000004   Data   RW          876    .data               mc_w.l(stdout.o)
    0x20000004   0x08002d44   0x00000064   Data   RW           11    .data.reg           main.o
    0x20000068        -       0x00000004   Zero   RW           15    .bss.adc_data       main.o
    0x2000006c        -       0x00000004   Zero   RW           12    .bss.data_cnt       main.o
    0x20000070        -       0x00000004   Zero   RW           13    .bss.data_ready_flag  main.o
    0x20000074        -       0x00000004   Zero   RW           10    .bss.pga_gain       main.o
    0x20000078        -       0x00000200   Zero   RW          791    STACK               startup_gd32f3x0.o


==============================================================================

Image component sizes


      Code (inc. data)   RO Data    RW Data    ZI Data      Debug   Object Name

       358          4          0          0          0       3054   gd32f3x0_exti.o
       630          0          0          0          0       4221   gd32f3x0_gpio.o
       310          0          0          0          0       2996   gd32f3x0_misc.o
      1092         12          0          0          0      12013   gd32f3x0_rcu.o
       324          0          0          0          0       6524   gd32f3x0_spi.o
       172          4          0          0          0       2843   gd32f3x0_syscfg.o
       546          0          0          0          0      13822   gd32f3x0_usart.o
      2180          0          0          0          0       8444   lh001_55.o
       636         16         48        100         16       2844   main.o
       446          0          0          0          0       3362   spi_port.o
        36          8        336          0        512        900   startup_gd32f3x0.o
       394          0          0          0          0       2332   system_gd32f3x0.o
       280          0          0          0          0       2627   uart_print.o

    ----------------------------------------------------------------------
      7452         44        418        100        528      65982   Object Totals
         0          0         32          0          0          0   (incl. Generated)
        48          0          2          0          0          0   (incl. Padding)

    ----------------------------------------------------------------------

      Code (inc. data)   RO Data    RW Data    ZI Data      Debug   Library Member Name

         0          0          0          0          0          0   entry.o
         0          0          0          0          0          0   entry10a.o
         0          0          0          0          0          0   entry11a.o
         8          4          0          0          0          0   entry2.o
         4          0          0          0          0          0   entry5.o
         0          0          0          0          0          0   entry7b.o
         0          0          0          0          0          0   entry8b.o
         8          4          0          0          0          0   entry9a.o
        30          0          0          0          0          0   handlers.o
        36          8          0          0          0         68   init.o
         0          0          0          0          0          0   iusefp.o
        30          0          0          0          0         68   llshl.o
        36          0          0          0          0         68   llsshr.o
        32          0          0          0          0         68   llushr.o
      2258         90          0          0          0        452   printfa.o
         0          0          0          4          0          0   stdout.o
        44          0          0          0          0         80   uidiv.o
        98          0          0          0          0         92   uldiv.o
        48          0          0          0          0         68   cdrcmple.o
       334          0          0          0          0        148   dadd.o
       222          0          0          0          0        100   ddiv.o
       186          0          0          0          0        176   depilogue.o
        48          0          0          0          0         68   dfixul.o
        34          0          0          0          0         76   dflti.o
        26          0          0          0          0         76   dfltui.o
       228          0          0          0          0         96   dmul.o

    ----------------------------------------------------------------------
      3714        106          0          4          0       1704   Library Totals
         4          0          0          0          0          0   (incl. Padding)

    ----------------------------------------------------------------------

      Code (inc. data)   RO Data    RW Data    ZI Data      Debug   Library Name

      2584        106          0          4          0        896   mc_w.l
      1126          0          0          0          0        808   mf_w.l

    ----------------------------------------------------------------------
      3714        106          0          4          0       1704   Library Totals

    ----------------------------------------------------------------------

==============================================================================


      Code (inc. data)   RO Data    RW Data    ZI Data      Debug   

     11166        150        418        104        528      66786   Grand Totals
     11166        150        418        104        528      66786   ELF Image Totals
     11166        150        418        104          0          0   ROM Totals

==============================================================================

    Total RO  Size (Code + RO Data)                11584 (  11.31kB)
    Total RW  Size (RW Data + ZI Data)               632 (   0.62kB)
    Total ROM Size (Code + RO Data + RW Data)      11688 (  11.41kB)

==============================================================================

