<html>
<body>
<pre>
<h1>礦ision Build Log</h1>
<h2>Tool Versions:</h2>
IDE-Version: μVision V5.37.0.0
Copyright (C) 2022 ARM Ltd and ARM Germany GmbH. All rights reserved.
License Information: vincent yang, lhlx, LIC=VGXG8-39QZB-HLXCL-0J32Q-6EJBM-1FH9P
 
Tool Versions:
Toolchain:       MDK-ARM Plus  Version: 5.37.0.0
Toolchain Path:  C:\Keil_v5\ARM\ARMCLANG\Bin
C Compiler:      ArmClang.exe V6.18
Assembler:       Armasm.exe V6.18
Linker/Locator:  ArmLink.exe V6.18
Library Manager: ArmAr.exe V6.18
Hex Converter:   FromElf.exe V6.18
CPU DLL:         SARMCM3.DLL V5.37.0.0
Dialog DLL:      DCM.DLL V1.17.5.0
Target DLL:      Segger\JL2CM3.dll V2.99.42.0
Dialog DLL:      TCM.DLL V1.56.1.0
 
<h2>Project:</h2>
E:\FAE\长城开发\LH001-91_DemoCode2.0\examples\ECG_UART\gd32f330\KEIL\ECG.uvprojx
Project File Date:  03/21/2023

<h2>Output:</h2>
*** Using Compiler 'V6.18', folder: 'C:\Keil_v5\ARM\ARMCLANG\Bin'
Rebuild target 'Target 1'
compiling main.c...
compiling gd32f3x0_syscfg.c...
compiling gd32f3x0_spi.c...
compiling gd32f3x0_exti.c...
compiling spi_port.c...
compiling uart_print.c...
compiling gd32f3x0_usart.c...
compiling gd32f3x0_timer.c...
compiling gd32f3x0_misc.c...
compiling system_gd32f3x0.c...
compiling gd32f3x0_rcu.c...
compiling gd32f3x0_fmc.c...
../../../../lh_lib/LH001_91.c(144): warning: for loop has empty body [-Wempty-body]
                for(uint32_t t=0;t<5;t++);
                                         ^
../../../../lh_lib/LH001_91.c(144): note: put the semicolon on a separate line to silence this warning
../../../../lh_lib/LH001_91.c(150): warning: for loop has empty body [-Wempty-body]
                for(uint32_t t=0;t<5;t++);
                                         ^
../../../../lh_lib/LH001_91.c(150): note: put the semicolon on a separate line to silence this warning
../../../../lh_lib/LH001_91.c(169): warning: for loop has empty body [-Wempty-body]
                for(uint32_t t=0;t<5;t++);
                                         ^
../../../../lh_lib/LH001_91.c(169): note: put the semicolon on a separate line to silence this warning
../../../../lh_lib/LH001_91.c(177): warning: for loop has empty body [-Wempty-body]
                for(uint32_t t=0;t<5;t++);
                                         ^
../../../../lh_lib/LH001_91.c(177): note: put the semicolon on a separate line to silence this warning
../../../../lh_lib/LH001_91.c(105): warning: for loop has empty body [-Wempty-body]
        for(uint32_t t=0;t<5;t++);
                                 ^
../../../../lh_lib/LH001_91.c(105): note: put the semicolon on a separate line to silence this warning
../../../../lh_lib/LH001_91.c(188): warning: for loop has empty body [-Wempty-body]
        for(uint32_t t=0;t<5;t++);
                                 ^
../../../../lh_lib/LH001_91.c(188): note: put the semicolon on a separate line to silence this warning
../../../../lh_lib/LH001_91.c(736): warning: for loop has empty body [-Wempty-body]
    for(uint32_t i=0;i<100;i++);
                               ^
../../../../lh_lib/LH001_91.c(736): note: put the semicolon on a separate line to silence this warning
7 warnings generated.
compiling LH001_91.c...
assembling startup_gd32f3x0.s...
compiling gd32f3x0_gpio.c...
linking...
Program Size: Code=11422 RO-data=402 RW-data=556 ZI-data=1052  
".\ECG.axf" - 0 Error(s), 7 Warning(s).

<h2>Software Packages used:</h2>

Package Vendor: ARM
                http://www.keil.com/pack/ARM.CMSIS.5.9.0.pack
                ARM.CMSIS.5.9.0
                CMSIS (Common Microcontroller Software Interface Standard)
   * Component: CORE Version: 5.6.0

Package Vendor: GigaDevice
                https://gd32mcu.com/data/documents/pack/GigaDevice.GD32F3x0_DFP.3.0.2.pack
                GigaDevice.GD32F3x0_DFP.3.0.2
                GigaDevice GD32F3x0 Series Device Support and Examples
   * Component: MISC Version: 2.2.0
   * Component: RCU Version: 2.2.0
   * Component: GD32F3x0_libopt Version: 2.2.0
   * Component: Startup Version: 2.2.0

<h2>Collection of Component include folders:</h2>
  ./RTE/_Target_1
  C:/Users/yangwenbin/AppData/Local/Arm/Packs/ARM/CMSIS/5.9.0/CMSIS/Core/Include
  C:/Users/yangwenbin/AppData/Local/Arm/Packs/GigaDevice/GD32F3x0_DFP/3.0.2/Device/Firmware/Peripherals/inc
  C:/Users/yangwenbin/AppData/Local/Arm/Packs/GigaDevice/GD32F3x0_DFP/3.0.2/Device/Include

<h2>Collection of Component Files used:</h2>

   * Component: ARM::CMSIS:CORE:5.6.0

   * Component: GigaDevice::Device:GD32F3x0_StdPeripherals:MISC:2.2.0
      Source file:   Device/Firmware/Peripherals/src/gd32f3x0_misc.c
      Include file:  Device/Firmware/Peripherals/inc/gd32f3x0_misc.h

   * Component: GigaDevice::Device:GD32F3x0_StdPeripherals:RCU:2.2.0
      Include file:  Device/Firmware/Peripherals/inc/gd32f3x0_rcu.h
      Source file:   Device/Firmware/Peripherals/src/gd32f3x0_rcu.c

   * Component: GigaDevice::Device:GD32F3x0_libopt:2.2.0
      Include file:  Device/Include/gd32f3x0_libopt.h

   * Component: GigaDevice::Device:Startup:2.2.0
      Include file:  Device/Include/gd32f3x0.h
      Source file:   Device/Source/system_gd32f3x0.c
      Source file:   Device/Source/ARM/startup_gd32f3x0.s
Build Time Elapsed:  00:00:05
</pre>
</body>
</html>
