Component: ARM Compiler 5.06 update 2 (build 183) Tool: armlink [4d35b7]

==============================================================================

Section Cross References

    main.o(i.EXTI4_15_IRQHandler) refers to gd32f3x0_exti.o(i.exti_interrupt_flag_get) for exti_interrupt_flag_get
    main.o(i.EXTI4_15_IRQHandler) refers to gd32f3x0_exti.o(i.exti_interrupt_flag_clear) for exti_interrupt_flag_clear
    main.o(i.EXTI4_15_IRQHandler) refers to lh001_55.o(i.LH001_55_read_data_nofifo) for LH001_55_read_data_nofifo
    main.o(i.EXTI4_15_IRQHandler) refers to lh001_55.o(i.LH001_55_read_regs) for LH001_55_read_regs
    main.o(i.EXTI4_15_IRQHandler) refers to lh001_55.o(i.LH001_55_write_regs) for LH001_55_write_regs
    main.o(i.EXTI4_15_IRQHandler) refers to lh001_55.o(i.LH001_55_adc_channel) for LH001_55_adc_channel
    main.o(i.EXTI4_15_IRQHandler) refers to main.o(.data) for .data
    main.o(i.LH001_55_init) refers to spi_port.o(i.stm_lh_spi_init) for stm_lh_spi_init
    main.o(i.LH001_55_init) refers to lh001_55.o(i.LH001_55_sw_reset) for LH001_55_sw_reset
    main.o(i.LH001_55_init) refers to lh001_55.o(i.LH001_55_adc_stop) for LH001_55_adc_stop
    main.o(i.LH001_55_init) refers to lh001_55.o(i.LH001_55_rdatac_stop) for LH001_55_rdatac_stop
    main.o(i.LH001_55_init) refers to lh001_55.o(i.LH001_55_pga_init) for LH001_55_pga_init
    main.o(i.LH001_55_init) refers to lh001_55.o(i.LH001_55_adc_init) for LH001_55_adc_init
    main.o(i.LH001_55_init) refers to lh001_55.o(i.LH001_55_post_setup) for LH001_55_post_setup
    main.o(i.LH001_55_init) refers to lh001_55.o(i.LH001_55_read_regs) for LH001_55_read_regs
    main.o(i.LH001_55_init) refers to lh001_55.o(i.LH001_55_write_regs) for LH001_55_write_regs
    main.o(i.LH001_55_init) refers to lh001_55.o(i.LH001_55_adc_channel) for LH001_55_adc_channel
    main.o(i.LH001_55_init) refers to main.o(.data) for .data
    main.o(i.main) refers to uart_print.o(i.uart_print_init) for uart_print_init
    main.o(i.main) refers to uart_print.o(i.debug_pin_init) for debug_pin_init
    main.o(i.main) refers to printfa.o(i.__0printf) for __2printf
    main.o(i.main) refers to main.o(i.LH001_55_init) for LH001_55_init
    main.o(i.main) refers to lh001_55.o(i.LH001_55_reg_dump) for LH001_55_reg_dump
    main.o(i.main) refers to lh001_55.o(i.LH001_55_adc_go) for LH001_55_adc_go
    main.o(i.main) refers to lh001_55.o(i.LH001_55_rdatac_start) for LH001_55_rdatac_start
    main.o(i.main) refers to lh001_55.o(i.LH001_55_adc_code2mv) for LH001_55_adc_code2mv
    main.o(i.main) refers to f2d.o(.text) for __aeabi_f2d
    main.o(i.main) refers to main.o(.data) for .data
    lh001_55.o(i.LH001_55_Isource_cfg) refers to lh001_55.o(i.LH001_55_read_regs) for LH001_55_read_regs
    lh001_55.o(i.LH001_55_Isource_cfg) refers to lh001_55.o(i.LH001_55_write_regs) for LH001_55_write_regs
    lh001_55.o(i.LH001_55_adc_channel) refers to lh001_55.o(i.LH001_55_write_regs) for LH001_55_write_regs
    lh001_55.o(i.LH001_55_adc_code2mv) refers to dfltui.o(.text) for __aeabi_ui2d
    lh001_55.o(i.LH001_55_adc_code2mv) refers to dflti.o(.text) for __aeabi_i2d
    lh001_55.o(i.LH001_55_adc_code2mv) refers to dmul.o(.text) for __aeabi_dmul
    lh001_55.o(i.LH001_55_adc_code2mv) refers to ddiv.o(.text) for __aeabi_ddiv
    lh001_55.o(i.LH001_55_adc_code2mv) refers to d2f.o(.text) for __aeabi_d2f
    lh001_55.o(i.LH001_55_adc_go) refers to spi_port.o(i.stm_lh_spi_txrx8bit) for stm_lh_spi_txrx8bit
    lh001_55.o(i.LH001_55_adc_init) refers to lh001_55.o(i.LH001_55_post_setup) for LH001_55_post_setup
    lh001_55.o(i.LH001_55_adc_init) refers to lh001_55.o(i.LH001_55_write_regs) for LH001_55_write_regs
    lh001_55.o(i.LH001_55_adc_init) refers to lh001_55.o(i.LH001_55_read_regs) for LH001_55_read_regs
    lh001_55.o(i.LH001_55_adc_stop) refers to spi_port.o(i.stm_lh_spi_txrx8bit) for stm_lh_spi_txrx8bit
    lh001_55.o(i.LH001_55_dac_code) refers to lh001_55.o(i.LH001_55_write_regs) for LH001_55_write_regs
    lh001_55.o(i.LH001_55_dac_config) refers to lh001_55.o(i.LH001_55_read_regs) for LH001_55_read_regs
    lh001_55.o(i.LH001_55_dac_config) refers to lh001_55.o(i.LH001_55_write_regs) for LH001_55_write_regs
    lh001_55.o(i.LH001_55_dac_disable) refers to lh001_55.o(i.LH001_55_userkey_unlock) for LH001_55_userkey_unlock
    lh001_55.o(i.LH001_55_dac_disable) refers to lh001_55.o(i.LH001_55_write_regs) for LH001_55_write_regs
    lh001_55.o(i.LH001_55_dac_enable) refers to lh001_55.o(i.LH001_55_userkey_unlock) for LH001_55_userkey_unlock
    lh001_55.o(i.LH001_55_dac_enable) refers to lh001_55.o(i.LH001_55_write_regs) for LH001_55_write_regs
    lh001_55.o(i.LH001_55_dac_enable) refers to lh001_55.o(i.LH001_55_read_regs) for LH001_55_read_regs
    lh001_55.o(i.LH001_55_dac_mv2code) refers to dfltui.o(.text) for __aeabi_ui2d
    lh001_55.o(i.LH001_55_dac_mv2code) refers to dmul.o(.text) for __aeabi_dmul
    lh001_55.o(i.LH001_55_dac_mv2code) refers to dfixui.o(.text) for __aeabi_d2uiz
[...]
    printf1.o(i.__0printf$1) refers to uart_print.o(i.fputc) for fputc
    printf1.o(i.__0printf$1) refers to stdout.o(.data) for __stdout
    printf1.o(i.__0snprintf$1) refers to printf1.o(i._printf_core) for _printf_core
    printf1.o(i.__0snprintf$1) refers to printf1.o(i._snputc) for _snputc
    printf1.o(i.__0sprintf$1) refers to printf1.o(i._printf_core) for _printf_core
    printf1.o(i.__0sprintf$1) refers to printf1.o(i._sputc) for _sputc
    printf1.o(i.__0vfprintf$1) refers to printf1.o(i._printf_core) for _printf_core
    printf1.o(i.__0vfprintf$1) refers to uart_print.o(i.fputc) for fputc
    printf1.o(i.__0vprintf$1) refers to printf1.o(i._printf_core) for _printf_core
    printf1.o(i.__0vprintf$1) refers to uart_print.o(i.fputc) for fputc
    printf1.o(i.__0vprintf$1) refers to stdout.o(.data) for __stdout
    printf1.o(i.__0vsnprintf$1) refers to printf1.o(i._printf_core) for _printf_core
    printf1.o(i.__0vsnprintf$1) refers to printf1.o(i._snputc) for _snputc
    printf1.o(i.__0vsprintf$1) refers to printf1.o(i._printf_core) for _printf_core
    printf1.o(i.__0vsprintf$1) refers to printf1.o(i._sputc) for _sputc
    printf1.o(i._printf_core) refers to uidiv.o(.text) for __aeabi_uidivmod
    printf2.o(i.__0fprintf$2) refers to printf2.o(i._printf_core) for _printf_core
    printf2.o(i.__0fprintf$2) refers to uart_print.o(i.fputc) for fputc
    printf2.o(i.__0printf$2) refers to printf2.o(i._printf_core) for _printf_core
    printf2.o(i.__0printf$2) refers to uart_print.o(i.fputc) for fputc
    printf2.o(i.__0printf$2) refers to stdout.o(.data) for __stdout
    printf2.o(i.__0snprintf$2) refers to printf2.o(i._printf_core) for _printf_core
    printf2.o(i.__0snprintf$2) refers to printf2.o(i._snputc) for _snputc
    printf2.o(i.__0sprintf$2) refers to printf2.o(i._printf_core) for _printf_core
    printf2.o(i.__0sprintf$2) refers to printf2.o(i._sputc) for _sputc
    printf2.o(i.__0vfprintf$2) refers to printf2.o(i._printf_core) for _printf_core
    printf2.o(i.__0vfprintf$2) refers to uart_print.o(i.fputc) for fputc
    printf2.o(i.__0vprintf$2) refers to printf2.o(i._printf_core) for _printf_core
    printf2.o(i.__0vprintf$2) refers to uart_print.o(i.fputc) for fputc
    printf2.o(i.__0vprintf$2) refers to stdout.o(.data) for __stdout
    printf2.o(i.__0vsnprintf$2) refers to printf2.o(i._printf_core) for _printf_core
    printf2.o(i.__0vsnprintf$2) refers to printf2.o(i._snputc) for _snputc
    printf2.o(i.__0vsprintf$2) refers to printf2.o(i._printf_core) for _printf_core
    printf2.o(i.__0vsprintf$2) refers to printf2.o(i._sputc) for _sputc
    printf3.o(i.__0fprintf$3) refers to printf3.o(i._printf_core) for _printf_core
    printf3.o(i.__0fprintf$3) refers to uart_print.o(i.fputc) for fputc
    printf3.o(i.__0printf$3) refers to printf3.o(i._printf_core) for _printf_core
    printf3.o(i.__0printf$3) refers to uart_print.o(i.fputc) for fputc
    printf3.o(i.__0printf$3) refers to stdout.o(.data) for __stdout
    printf3.o(i.__0snprintf$3) refers to printf3.o(i._printf_core) for _printf_core
    printf3.o(i.__0snprintf$3) refers to printf3.o(i._snputc) for _snputc
    printf3.o(i.__0sprintf$3) refers to printf3.o(i._printf_core) for _printf_core
    printf3.o(i.__0sprintf$3) refers to printf3.o(i._sputc) for _sputc
    printf3.o(i.__0vfprintf$3) refers to printf3.o(i._printf_core) for _printf_core
    printf3.o(i.__0vfprintf$3) refers to uart_print.o(i.fputc) for fputc
    printf3.o(i.__0vprintf$3) refers to printf3.o(i._printf_core) for _printf_core
    printf3.o(i.__0vprintf$3) refers to uart_print.o(i.fputc) for fputc
    printf3.o(i.__0vprintf$3) refers to stdout.o(.data) for __stdout
    printf3.o(i.__0vsnprintf$3) refers to printf3.o(i._printf_core) for _printf_core
    printf3.o(i.__0vsnprintf$3) refers to printf3.o(i._snputc) for _snputc
    printf3.o(i.__0vsprintf$3) refers to printf3.o(i._printf_core) for _printf_core
    printf3.o(i.__0vsprintf$3) refers to printf3.o(i._sputc) for _sputc
    printf3.o(i._printf_core) refers to uidiv.o(.text) for __aeabi_uidivmod
    printf4.o(i.__0fprintf$4) refers to printf4.o(i._printf_core) for _printf_core
    printf4.o(i.__0fprintf$4) refers to uart_print.o(i.fputc) for fputc
    printf4.o(i.__0printf$4) refers to printf4.o(i._printf_core) for _printf_core
    printf4.o(i.__0printf$4) refers to uart_print.o(i.fputc) for fputc
    printf4.o(i.__0printf$4) refers to stdout.o(.data) for __stdout
    printf4.o(i.__0snprintf$4) refers to printf4.o(i._printf_core) for _printf_core
    printf4.o(i.__0snprintf$4) refers to printf4.o(i._snputc) for _snputc
    printf4.o(i.__0sprintf$4) refers to printf4.o(i._printf_core) for _printf_core
    printf4.o(i.__0sprintf$4) refers to printf4.o(i._sputc) for _sputc
    printf4.o(i.__0vfprintf$4) refers to printf4.o(i._printf_core) for _printf_core
    printf4.o(i.__0vfprintf$4) refers to uart_print.o(i.fputc) for fputc
    printf4.o(i.__0vprintf$4) refers to printf4.o(i._printf_core) for _printf_core
    printf4.o(i.__0vprintf$4) refers to uart_print.o(i.fputc) for fputc
    printf4.o(i.__0vprintf$4) refers to stdout.o(.data) for __stdout
    printf4.o(i.__0vsnprintf$4) refers to printf4.o(i._printf_core) for _printf_core
    printf4.o(i.__0vsnprintf$4) refers to printf4.o(i._snputc) for _snputc
    printf4.o(i.__0vsprintf$4) refers to printf4.o(i._printf_core) for _printf_core
    printf4.o(i.__0vsprintf$4) refers to printf4.o(i._sputc) for _sputc
    printf4.o(i._printf_core) refers to uldiv.o(.text) for __aeabi_uldivmod
    printf5.o(i.__0fprintf$5) refers to printf5.o(i._printf_core) for _printf_core
    printf5.o(i.__0fprintf$5) refers to uart_print.o(i.fputc) for fputc
    printf5.o(i.__0printf$5) refers to printf5.o(i._printf_core) for _printf_core
    printf5.o(i.__0printf$5) refers to uart_print.o(i.fputc) for fputc
    printf5.o(i.__0printf$5) refers to stdout.o(.data) for __stdout
    printf5.o(i.__0snprintf$5) refers to printf5.o(i._printf_core) for _printf_core
    printf5.o(i.__0snprintf$5) refers to printf5.o(i._snputc) for _snputc
    printf5.o(i.__0sprintf$5) refers to printf5.o(i._printf_core) for _printf_core
    printf5.o(i.__0sprintf$5) refers to printf5.o(i._sputc) for _sputc
    printf5.o(i.__0vfprintf$5) refers to printf5.o(i._printf_core) for _printf_core
    printf5.o(i.__0vfprintf$5) refers to uart_print.o(i.fputc) for fputc
    printf5.o(i.__0vprintf$5) refers to printf5.o(i._printf_core) for _printf_core
    printf5.o(i.__0vprintf$5) refers to uart_print.o(i.fputc) for fputc
    printf5.o(i.__0vprintf$5) refers to stdout.o(.data) for __stdout
    printf5.o(i.__0vsnprintf$5) refers to printf5.o(i._printf_core) for _printf_core
    printf5.o(i.__0vsnprintf$5) refers to printf5.o(i._snputc) for _snputc
    printf5.o(i.__0vsprintf$5) refers to printf5.o(i._printf_core) for _printf_core
    printf5.o(i.__0vsprintf$5) refers to printf5.o(i._sputc) for _sputc
    printf5.o(i._printf_core) refers to uldiv.o(.text) for __aeabi_uldivmod
    printf6.o(i.__0fprintf$6) refers to printf6.o(i._printf_core) for _printf_core
    printf6.o(i.__0fprintf$6) refers to uart_print.o(i.fputc) for fputc
    printf6.o(i.__0printf$6) refers to printf6.o(i._printf_core) for _printf_core
    printf6.o(i.__0printf$6) refers to uart_print.o(i.fputc) for fputc
    printf6.o(i.__0printf$6) refers to stdout.o(.data) for __stdout
    printf6.o(i.__0snprintf$6) refers to printf6.o(i._printf_core) for _printf_core
    printf6.o(i.__0snprintf$6) refers to printf6.o(i._snputc) for _snputc
    printf6.o(i.__0sprintf$6) refers to printf6.o(i._printf_core) for _printf_core
    printf6.o(i.__0sprintf$6) refers to printf6.o(i._sputc) for _sputc
    printf6.o(i.__0vfprintf$6) refers to printf6.o(i._printf_core) for _printf_core
    printf6.o(i.__0vfprintf$6) refers to uart_print.o(i.fputc) for fputc
    printf6.o(i.__0vprintf$6) refers to printf6.o(i._printf_core) for _printf_core
    printf6.o(i.__0vprintf$6) refers to uart_print.o(i.fputc) for fputc
    printf6.o(i.__0vprintf$6) refers to stdout.o(.data) for __stdout
    printf6.o(i.__0vsnprintf$6) refers to printf6.o(i._printf_core) for _printf_core
    printf6.o(i.__0vsnprintf$6) refers to printf6.o(i._snputc) for _snputc
    printf6.o(i.__0vsprintf$6) refers to printf6.o(i._printf_core) for _printf_core
    printf6.o(i.__0vsprintf$6) refers to printf6.o(i._sputc) for _sputc
    printf6.o(i._printf_core) refers to printf6.o(i._printf_pre_padding) for _printf_pre_padding
    printf6.o(i._printf_core) refers to uidiv.o(.text) for __aeabi_uidivmod
    printf6.o(i._printf_core) refers to printf6.o(i._printf_post_padding) for _printf_post_padding
    printf7.o(i.__0fprintf$7) refers to printf7.o(i._printf_core) for _printf_core
    printf7.o(i.__0fprintf$7) refers to uart_print.o(i.fputc) for fputc
    printf7.o(i.__0printf$7) refers to printf7.o(i._printf_core) for _printf_core
    printf7.o(i.__0printf$7) refers to uart_print.o(i.fputc) for fputc
    printf7.o(i.__0printf$7) refers to stdout.o(.data) for __stdout
    printf7.o(i.__0snprintf$7) refers to printf7.o(i._printf_core) for _printf_core
    printf7.o(i.__0snprintf$7) refers to printf7.o(i._snputc) for _snputc
    printf7.o(i.__0sprintf$7) refers to printf7.o(i._printf_core) for _printf_core
    printf7.o(i.__0sprintf$7) refers to printf7.o(i._sputc) for _sputc
    printf7.o(i.__0vfprintf$7) refers to printf7.o(i._printf_core) for _printf_core
    printf7.o(i.__0vfprintf$7) refers to uart_print.o(i.fputc) for fputc
    printf7.o(i.__0vprintf$7) refers to printf7.o(i._printf_core) for _printf_core
    printf7.o(i.__0vprintf$7) refers to uart_print.o(i.fputc) for fputc
    printf7.o(i.__0vprintf$7) refers to stdout.o(.data) for __stdout
    printf7.o(i.__0vsnprintf$7) refers to printf7.o(i._printf_core) for _printf_core
    printf7.o(i.__0vsnprintf$7) refers to printf7.o(i._snputc) for _snputc
    printf7.o(i.__0vsprintf$7) refers to printf7.o(i._printf_core) for _printf_core
    printf7.o(i.__0vsprintf$7) refers to printf7.o(i._sputc) for _sputc
    printf7.o(i._printf_core) refers to printf7.o(i._printf_pre_padding) for _printf_pre_padding
    printf7.o(i._printf_core) refers to uldiv.o(.text) for __aeabi_uldivmod
    printf7.o(i._printf_core) refers to printf7.o(i._printf_post_padding) for _printf_post_padding
    printf8.o(i.__0fprintf$8) refers to printf8.o(i._printf_core) for _printf_core
    printf8.o(i.__0fprintf$8) refers to uart_print.o(i.fputc) for fputc
    printf8.o(i.__0printf$8) refers to printf8.o(i._printf_core) for _printf_core
    printf8.o(i.__0printf$8) refers to uart_print.o(i.fputc) for fputc
    printf8.o(i.__0printf$8) refers to stdout.o(.data) for __stdout
    printf8.o(i.__0snprintf$8) refers to printf8.o(i._printf_core) for _printf_core
    printf8.o(i.__0snprintf$8) refers to printf8.o(i._snputc) for _snputc
    printf8.o(i.__0sprintf$8) refers to printf8.o(i._printf_core) for _printf_core
    printf8.o(i.__0sprintf$8) refers to printf8.o(i._sputc) for _sputc
    printf8.o(i.__0vfprintf$8) refers to printf8.o(i._printf_core) for _printf_core
    printf8.o(i.__0vfprintf$8) refers to uart_print.o(i.fputc) for fputc
    printf8.o(i.__0vprintf$8) refers to printf8.o(i._printf_core) for _printf_core
    printf8.o(i.__0vprintf$8) refers to uart_print.o(i.fputc) for fputc
    printf8.o(i.__0vprintf$8) refers to stdout.o(.data) for __stdout
    printf8.o(i.__0vsnprintf$8) refers to printf8.o(i._printf_core) for _printf_core
    printf8.o(i.__0vsnprintf$8) refers to printf8.o(i._snputc) for _snputc
    printf8.o(i.__0vsprintf$8) refers to printf8.o(i._printf_core) for _printf_core
    printf8.o(i.__0vsprintf$8) refers to printf8.o(i._sputc) for _sputc
    printf8.o(i._printf_core) refers to printf8.o(i._printf_pre_padding) for _printf_pre_padding
    printf8.o(i._printf_core) refers to uldiv.o(.text) for __aeabi_uldivmod
    printf8.o(i._printf_core) refers to printf8.o(i._printf_post_padding) for _printf_post_padding
    printfa.o(i.__0fprintf) refers (Special) to iusefp.o(.text) for __I$use$fp
    printfa.o(i.__0fprintf) refers to printfa.o(i._printf_core) for _printf_core
    printfa.o(i.__0fprintf) refers to uart_print.o(i.fputc) for fputc
    printfa.o(i.__0printf) refers (Special) to iusefp.o(.text) for __I$use$fp
    printfa.o(i.__0printf) refers to printfa.o(i._printf_core) for _printf_core
    printfa.o(i.__0printf) refers to uart_print.o(i.fputc) for fputc
    printfa.o(i.__0printf) refers to stdout.o(.data) for __stdout
    printfa.o(i.__0snprintf) refers (Special) to iusefp.o(.text) for __I$use$fp
    printfa.o(i.__0snprintf) refers to printfa.o(i._printf_core) for _printf_core
    printfa.o(i.__0snprintf) refers to printfa.o(i._snputc) for _snputc
    printfa.o(i.__0sprintf) refers (Special) to iusefp.o(.text) for __I$use$fp
    printfa.o(i.__0sprintf) refers to printfa.o(i._printf_core) for _printf_core
    printfa.o(i.__0sprintf) refers to printfa.o(i._sputc) for _sputc
    printfa.o(i.__0vfprintf) refers (Special) to iusefp.o(.text) for __I$use$fp
    printfa.o(i.__0vfprintf) refers to printfa.o(i._printf_core) for _printf_core
    printfa.o(i.__0vfprintf) refers to uart_print.o(i.fputc) for fputc
    printfa.o(i.__0vprintf) refers (Special) to iusefp.o(.text) for __I$use$fp
    printfa.o(i.__0vprintf) refers to printfa.o(i._printf_core) for _printf_core
    printfa.o(i.__0vprintf) refers to uart_print.o(i.fputc) for fputc
    printfa.o(i.__0vprintf) refers to stdout.o(.data) for __stdout
    printfa.o(i.__0vsnprintf) refers (Special) to iusefp.o(.text) for __I$use$fp
    printfa.o(i.__0vsnprintf) refers to printfa.o(i._printf_core) for _printf_core
    printfa.o(i.__0vsnprintf) refers to printfa.o(i._snputc) for _snputc
    printfa.o(i.__0vsprintf) refers (Special) to iusefp.o(.text) for __I$use$fp
    printfa.o(i.__0vsprintf) refers to printfa.o(i._printf_core) for _printf_core
    printfa.o(i.__0vsprintf) refers to printfa.o(i._sputc) for _sputc
    printfa.o(i._fp_digits) refers (Special) to iusefp.o(.text) for __I$use$fp
    printfa.o(i._fp_digits) refers to dmul.o(.text) for __aeabi_dmul
    printfa.o(i._fp_digits) refers to ddiv.o(.text) for __aeabi_ddiv
    printfa.o(i._fp_digits) refers to cdrcmple.o(.text) for __aeabi_cdrcmple
    printfa.o(i._fp_digits) refers to dadd.o(.text) for __aeabi_dadd
    printfa.o(i._fp_digits) refers to dfixul.o(.text) for __aeabi_d2ulz
    printfa.o(i._fp_digits) refers to uldiv.o(.text) for __aeabi_uldivmod
    printfa.o(i._printf_core) refers (Special) to iusefp.o(.text) for __I$use$fp
    printfa.o(i._printf_core) refers to printfa.o(i._printf_pre_padding) for _printf_pre_padding
    printfa.o(i._printf_core) refers to uldiv.o(.text) for __aeabi_uldivmod
    printfa.o(i._printf_core) refers to printfa.o(i._printf_post_padding) for _printf_post_padding
    printfa.o(i._printf_core) refers to printfa.o(i._fp_digits) for _fp_digits
    printfa.o(i._printf_core) refers to uidiv.o(.text) for __aeabi_uidivmod
    printfa.o(i._printf_post_padding) refers (Special) to iusefp.o(.text) for __I$use$fp
    printfa.o(i._printf_pre_padding) refers (Special) to iusefp.o(.text) for __I$use$fp
    printfa.o(i._snputc) refers (Special) to iusefp.o(.text) for __I$use$fp
    printfa.o(i._sputc) refers (Special) to iusefp.o(.text) for __I$use$fp
    dmul.o(.text) refers (Special) to iusefp.o(.text) for __I$use$fp
    dmul.o(.text) refers to depilogue.o(.text) for _double_epilogue
    ddiv.o(.text) refers (Special) to iusefp.o(.text) for __I$use$fp
    ddiv.o(.text) refers to depilogue.o(.text) for _double_round
    dflti.o(.text) refers (Special) to iusefp.o(.text) for __I$use$fp
    dflti.o(.text) refers to depilogue.o(.text) for _double_epilogue
    dfltui.o(.text) refers (Special) to iusefp.o(.text) for __I$use$fp
    dfltui.o(.text) refers to depilogue.o(.text) for _double_epilogue
    dfixui.o(.text) refers (Special) to iusefp.o(.text) for __I$use$fp
    dfixui.o(.text) refers to llushr.o(.text) for __aeabi_llsr
    f2d.o(.text) refers (Special) to iusefp.o(.text) for __I$use$fp
    d2f.o(.text) refers (Special) to iusefp.o(.text) for __I$use$fp
    d2f.o(.text) refers to fepilogue.o(.text) for _float_round
    entry2.o(.ARM.Collect$$$$00000001) refers to entry2.o(.ARM.Collect$$$$00002712) for __lit__00000000
    entry2.o(.ARM.Collect$$$$00002712) refers to startup_gd32f3x0.o(STACK) for __initial_sp
    entry2.o(__vectab_stack_and_reset_area) refers to startup_gd32f3x0.o(STACK) for __initial_sp
    entry2.o(__vectab_stack_and_reset_area) refers to entry.o(.ARM.Collect$$$$00000000) for __main
    entry5.o(.ARM.Collect$$$$00000004) refers to init.o(.text) for __scatterload
    entry9a.o(.ARM.Collect$$$$0000000B) refers to main.o(i.main) for main
    entry9b.o(.ARM.Collect$$$$0000000C) refers to main.o(i.main) for main
    uldiv.o(.text) refers to llushr.o(.text) for __aeabi_llsr
    uldiv.o(.text) refers to llshl.o(.text) for __aeabi_llsl
    depilogue.o(.text) refers to llshl.o(.text) for __aeabi_llsl
    depilogue.o(.text) refers to llushr.o(.text) for __aeabi_llsr
    dadd.o(.text) refers to llshl.o(.text) for __aeabi_llsl
    dadd.o(.text) refers to llsshr.o(.text) for __aeabi_lasr
    dadd.o(.text) refers to depilogue.o(.text) for _double_epilogue
    dfixul.o(.text) refers to llushr.o(.text) for __aeabi_llsr
    dfixul.o(.text) refers to llshl.o(.text) for __aeabi_llsl
    init.o(.text) refers to entry5.o(.ARM.Collect$$$$00000004) for __main_after_scatterload


==============================================================================

Removing Unused input sections from the image.

    Removing main.o(.rev16_text), (4 bytes).
    Removing main.o(.revsh_text), (4 bytes).
    Removing main.o(.rrx_text), (6 bytes).
    Removing main.o(i.delay), (12 bytes).
    Removing lh001_55.o(.rev16_text), (4 bytes).
    Removing lh001_55.o(.revsh_text), (4 bytes).
    Removing lh001_55.o(.rrx_text), (6 bytes).
    Removing lh001_55.o(i.LH001_55_Isource_cfg), (122 bytes).
    Removing lh001_55.o(i.LH001_55_dac_code), (36 bytes).
    Removing lh001_55.o(i.LH001_55_dac_config), (36 bytes).
    Removing lh001_55.o(i.LH001_55_dac_disable), (24 bytes).
    Removing lh001_55.o(i.LH001_55_dac_enable), (56 bytes).
    Removing lh001_55.o(i.LH001_55_dac_mv2code), (48 bytes).
    Removing lh001_55.o(i.LH001_55_hw_reset), (80 bytes).
    Removing lh001_55.o(i.LH001_55_output_clk), (22 bytes).
    Removing lh001_55.o(i.LH001_55_read_data), (52 bytes).
    Removing lh001_55.o(i.LH001_55_read_data_fifo), (150 bytes).
    Removing lh001_55.o(i.LH001_55_reset_fifo), (20 bytes).
    Removing lh001_55.o(i.LH001_55_spi_daisy_mode), (110 bytes).
    Removing lh001_55.o(i.LH001_55_standby), (212 bytes).
    Removing lh001_55.o(i.LH001_55_userkey_unlock), (20 bytes).
    Removing lh001_55.o(i.LH001_55_wakeup), (56 bytes).
    Removing gd32f3x0_exti.o(.rev16_text), (4 bytes).
    Removing gd32f3x0_exti.o(.revsh_text), (4 bytes).
    Removing gd32f3x0_exti.o(.rrx_text), (6 bytes).
    Removing gd32f3x0_exti.o(i.exti_deinit), (36 bytes).
    Removing gd32f3x0_exti.o(i.exti_event_disable), (16 bytes).
    Removing gd32f3x0_exti.o(i.exti_event_enable), (16 bytes).
    Removing gd32f3x0_exti.o(i.exti_flag_clear), (12 bytes).
    Removing gd32f3x0_exti.o(i.exti_flag_get), (20 bytes).
    Removing gd32f3x0_exti.o(i.exti_interrupt_disable), (16 bytes).
    Removing gd32f3x0_exti.o(i.exti_interrupt_enable), (16 bytes).
    Removing gd32f3x0_exti.o(i.exti_software_interrupt_disable), (16 bytes).
    Removing gd32f3x0_exti.o(i.exti_software_interrupt_enable), (16 bytes).
    Removing gd32f3x0_fmc.o(.rev16_text), (4 bytes).
    Removing gd32f3x0_fmc.o(.revsh_text), (4 bytes).
    Removing gd32f3x0_fmc.o(.rrx_text), (6 bytes).
    Removing gd32f3x0_fmc.o(i.fmc_flag_clear), (12 bytes).
    Removing gd32f3x0_fmc.o(i.fmc_flag_get), (20 bytes).
    Removing gd32f3x0_fmc.o(i.fmc_halfword_program), (52 bytes).
    Removing gd32f3x0_fmc.o(i.fmc_interrupt_disable), (16 bytes).
    Removing gd32f3x0_fmc.o(i.fmc_interrupt_enable), (16 bytes).
    Removing gd32f3x0_fmc.o(i.fmc_interrupt_flag_clear), (12 bytes).
    Removing gd32f3x0_fmc.o(i.fmc_interrupt_flag_get), (20 bytes).
    Removing gd32f3x0_fmc.o(i.fmc_lock), (16 bytes).
    Removing gd32f3x0_fmc.o(i.fmc_mass_erase), (56 bytes).
    Removing gd32f3x0_fmc.o(i.fmc_page_erase), (60 bytes).
    Removing gd32f3x0_fmc.o(i.fmc_ready_wait), (22 bytes).
    Removing gd32f3x0_fmc.o(i.fmc_state_get), (40 bytes).
    Removing gd32f3x0_fmc.o(i.fmc_unlock), (32 bytes).
    Removing gd32f3x0_fmc.o(i.fmc_wait_state_disable), (32 bytes).
    Removing gd32f3x0_fmc.o(i.fmc_wait_state_enable), (32 bytes).
    Removing gd32f3x0_fmc.o(i.fmc_word_program), (52 bytes).
    Removing gd32f3x0_fmc.o(i.fmc_word_reprogram), (64 bytes).
    Removing gd32f3x0_fmc.o(i.fmc_wscnt_set), (20 bytes).
    Removing gd32f3x0_fmc.o(i.ob_data_get), (12 bytes).
    Removing gd32f3x0_fmc.o(i.ob_data_program), (144 bytes).
    Removing gd32f3x0_fmc.o(i.ob_erase), (120 bytes).
    Removing gd32f3x0_fmc.o(i.ob_lock), (16 bytes).
    Removing gd32f3x0_fmc.o(i.ob_obstat_plevel_get), (16 bytes).
    Removing gd32f3x0_fmc.o(i.ob_parm_get), (52 bytes).
    Removing gd32f3x0_fmc.o(i.ob_reset), (16 bytes).
    Removing gd32f3x0_fmc.o(i.ob_security_protection_config), (136 bytes).
    Removing gd32f3x0_fmc.o(i.ob_unlock), (32 bytes).
    Removing gd32f3x0_fmc.o(i.ob_user_get), (16 bytes).
    Removing gd32f3x0_fmc.o(i.ob_user_write), (112 bytes).
    Removing gd32f3x0_fmc.o(i.ob_value_modify), (124 bytes).
    Removing gd32f3x0_fmc.o(i.ob_write_protection_enable), (204 bytes).
    Removing gd32f3x0_fmc.o(i.ob_write_protection_get), (12 bytes).
    Removing gd32f3x0_gpio.o(.rev16_text), (4 bytes).
    Removing gd32f3x0_gpio.o(.revsh_text), (4 bytes).
    Removing gd32f3x0_gpio.o(.rrx_text), (6 bytes).
    Removing gd32f3x0_gpio.o(i.gpio_bit_reset), (4 bytes).
    Removing gd32f3x0_gpio.o(i.gpio_bit_set), (4 bytes).
    Removing gd32f3x0_gpio.o(i.gpio_bit_toggle), (4 bytes).
    Removing gd32f3x0_gpio.o(i.gpio_bit_write), (10 bytes).
    Removing gd32f3x0_gpio.o(i.gpio_deinit), (92 bytes).
    Removing gd32f3x0_gpio.o(i.gpio_input_bit_get), (10 bytes).
    Removing gd32f3x0_gpio.o(i.gpio_input_port_get), (6 bytes).
    Removing gd32f3x0_gpio.o(i.gpio_output_bit_get), (10 bytes).
    Removing gd32f3x0_gpio.o(i.gpio_output_port_get), (6 bytes).
    Removing gd32f3x0_gpio.o(i.gpio_pin_lock), (16 bytes).
    Removing gd32f3x0_gpio.o(i.gpio_port_toggle), (8 bytes).
    Removing gd32f3x0_gpio.o(i.gpio_port_write), (4 bytes).
    Removing gd32f3x0_spi.o(.rev16_text), (4 bytes).
    Removing gd32f3x0_spi.o(.revsh_text), (4 bytes).
    Removing gd32f3x0_spi.o(.rrx_text), (6 bytes).
    Removing gd32f3x0_spi.o(i.qspi_disable), (12 bytes).
    Removing gd32f3x0_spi.o(i.qspi_enable), (12 bytes).
    Removing gd32f3x0_spi.o(i.qspi_io23_output_disable), (12 bytes).
    Removing gd32f3x0_spi.o(i.qspi_io23_output_enable), (12 bytes).
    Removing gd32f3x0_spi.o(i.qspi_read_enable), (12 bytes).
    Removing gd32f3x0_spi.o(i.qspi_write_enable), (12 bytes).
    Removing gd32f3x0_spi.o(i.spi_bidirectional_transfer_config), (22 bytes).
    Removing gd32f3x0_spi.o(i.spi_crc_error_clear), (10 bytes).
    Removing gd32f3x0_spi.o(i.spi_crc_get), (12 bytes).
    Removing gd32f3x0_spi.o(i.spi_crc_next), (10 bytes).
    Removing gd32f3x0_spi.o(i.spi_crc_off), (10 bytes).
    Removing gd32f3x0_spi.o(i.spi_crc_on), (10 bytes).
    Removing gd32f3x0_spi.o(i.spi_crc_polynomial_get), (6 bytes).
    Removing gd32f3x0_spi.o(i.spi_crc_polynomial_set), (12 bytes).
    Removing gd32f3x0_spi.o(i.spi_disable), (10 bytes).
    Removing gd32f3x0_spi.o(i.spi_dma_disable), (20 bytes).
    Removing gd32f3x0_spi.o(i.spi_dma_enable), (20 bytes).
    Removing gd32f3x0_spi.o(i.spi_i2s_data_frame_format_config), (16 bytes).
    Removing gd32f3x0_spi.o(i.spi_i2s_interrupt_disable), (36 bytes).
    Removing gd32f3x0_spi.o(i.spi_i2s_interrupt_enable), (36 bytes).
    Removing gd32f3x0_spi.o(i.spi_i2s_interrupt_flag_get), (84 bytes).
    Removing gd32f3x0_spi.o(i.spi_nss_internal_high), (10 bytes).
    Removing gd32f3x0_spi.o(i.spi_nss_internal_low), (10 bytes).
    Removing gd32f3x0_spi.o(i.spi_nss_output_disable), (10 bytes).
    Removing gd32f3x0_spi.o(i.spi_nss_output_enable), (10 bytes).
    Removing gd32f3x0_spi.o(i.spi_nssp_mode_disable), (10 bytes).
    Removing gd32f3x0_spi.o(i.spi_nssp_mode_enable), (10 bytes).
    Removing gd32f3x0_spi.o(i.spi_ti_mode_disable), (10 bytes).
    Removing gd32f3x0_spi.o(i.spi_ti_mode_enable), (10 bytes).
    Removing gd32f3x0_syscfg.o(.rev16_text), (4 bytes).
    Removing gd32f3x0_syscfg.o(.revsh_text), (4 bytes).
    Removing gd32f3x0_syscfg.o(.rrx_text), (6 bytes).
    Removing gd32f3x0_syscfg.o(i.syscfg_compensation_config), (20 bytes).
    Removing gd32f3x0_syscfg.o(i.syscfg_cps_rdy_flag_get), (20 bytes).
    Removing gd32f3x0_syscfg.o(i.syscfg_deinit), (22 bytes).
    Removing gd32f3x0_syscfg.o(i.syscfg_dma_remap_disable), (16 bytes).
    Removing gd32f3x0_syscfg.o(i.syscfg_dma_remap_enable), (16 bytes).
    Removing gd32f3x0_syscfg.o(i.syscfg_flag_clear), (16 bytes).
    Removing gd32f3x0_syscfg.o(i.syscfg_flag_get), (20 bytes).
    Removing gd32f3x0_syscfg.o(i.syscfg_high_current_disable), (16 bytes).
    Removing gd32f3x0_syscfg.o(i.syscfg_high_current_enable), (16 bytes).
    Removing gd32f3x0_syscfg.o(i.syscfg_lock_config), (16 bytes).
    Removing gd32f3x0_timer.o(.rev16_text), (4 bytes).
    Removing gd32f3x0_timer.o(.revsh_text), (4 bytes).
    Removing gd32f3x0_timer.o(.rrx_text), (6 bytes).
    Removing gd32f3x0_timer.o(i.timer_auto_reload_shadow_disable), (10 bytes).
    Removing gd32f3x0_timer.o(i.timer_auto_reload_shadow_enable), (10 bytes).
    Removing gd32f3x0_timer.o(i.timer_automatic_output_disable), (10 bytes).
    Removing gd32f3x0_timer.o(i.timer_automatic_output_enable), (10 bytes).
    Removing gd32f3x0_timer.o(i.timer_autoreload_value_config), (4 bytes).
    Removing gd32f3x0_timer.o(i.timer_break_config), (32 bytes).
    Removing gd32f3x0_timer.o(i.timer_break_disable), (10 bytes).
    Removing gd32f3x0_timer.o(i.timer_break_enable), (10 bytes).
    Removing gd32f3x0_timer.o(i.timer_break_struct_para_init), (18 bytes).
    Removing gd32f3x0_timer.o(i.timer_channel_capture_value_register_read), (34 bytes).
    Removing gd32f3x0_timer.o(i.timer_channel_complementary_output_polarity_config), (78 bytes).
    Removing gd32f3x0_timer.o(i.timer_channel_complementary_output_state_config), (58 bytes).
    Removing gd32f3x0_timer.o(i.timer_channel_control_shadow_config), (20 bytes).
    Removing gd32f3x0_timer.o(i.timer_channel_control_shadow_update_config), (24 bytes).
    Removing gd32f3x0_timer.o(i.timer_channel_dma_request_source_select), (24 bytes).
    Removing gd32f3x0_timer.o(i.timer_channel_input_capture_prescaler_config), (78 bytes).
    Removing gd32f3x0_timer.o(i.timer_channel_input_struct_para_init), (14 bytes).
    Removing gd32f3x0_timer.o(i.timer_channel_output_clear_config), (78 bytes).
    Removing gd32f3x0_timer.o(i.timer_channel_output_config), (496 bytes).
    Removing gd32f3x0_timer.o(i.timer_channel_output_fast_config), (78 bytes).
    Removing gd32f3x0_timer.o(i.timer_channel_output_mode_config), (78 bytes).
    Removing gd32f3x0_timer.o(i.timer_channel_output_polarity_config), (78 bytes).
    Removing gd32f3x0_timer.o(i.timer_channel_output_pulse_value_config), (30 bytes).
    Removing gd32f3x0_timer.o(i.timer_channel_output_shadow_config), (78 bytes).
    Removing gd32f3x0_timer.o(i.timer_channel_output_state_config), (78 bytes).
    Removing gd32f3x0_timer.o(i.timer_channel_output_struct_para_init), (16 bytes).
    Removing gd32f3x0_timer.o(i.timer_channel_remap_config), (4 bytes).
    Removing gd32f3x0_timer.o(i.timer_counter_alignment), (16 bytes).
    Removing gd32f3x0_timer.o(i.timer_counter_down_direction), (10 bytes).
    Removing gd32f3x0_timer.o(i.timer_counter_read), (4 bytes).
    Removing gd32f3x0_timer.o(i.timer_counter_up_direction), (10 bytes).
    Removing gd32f3x0_timer.o(i.timer_counter_value_config), (4 bytes).
    Removing gd32f3x0_timer.o(i.timer_deinit), (116 bytes).
    Removing gd32f3x0_timer.o(i.timer_disable), (10 bytes).
    Removing gd32f3x0_timer.o(i.timer_dma_disable), (8 bytes).
    Removing gd32f3x0_timer.o(i.timer_dma_enable), (8 bytes).
    Removing gd32f3x0_timer.o(i.timer_dma_transfer_config), (22 bytes).
    Removing gd32f3x0_timer.o(i.timer_enable), (10 bytes).
    Removing gd32f3x0_timer.o(i.timer_event_software_generate), (8 bytes).
    Removing gd32f3x0_timer.o(i.timer_external_clock_mode0_config), (26 bytes).
    Removing gd32f3x0_timer.o(i.timer_external_clock_mode1_config), (18 bytes).
    Removing gd32f3x0_timer.o(i.timer_external_clock_mode1_disable), (10 bytes).
    Removing gd32f3x0_timer.o(i.timer_external_trigger_as_external_clock_config), (156 bytes).
    Removing gd32f3x0_timer.o(i.timer_external_trigger_config), (28 bytes).
    Removing gd32f3x0_timer.o(i.timer_flag_clear), (6 bytes).
    Removing gd32f3x0_timer.o(i.timer_flag_get), (10 bytes).
    Removing gd32f3x0_timer.o(i.timer_hall_mode_config), (24 bytes).
    Removing gd32f3x0_timer.o(i.timer_init), (160 bytes).
    Removing gd32f3x0_timer.o(i.timer_input_capture_config), (300 bytes).
    Removing gd32f3x0_timer.o(i.timer_input_pwm_capture_config), (334 bytes).
    Removing gd32f3x0_timer.o(i.timer_input_trigger_source_select), (16 bytes).
    Removing gd32f3x0_timer.o(i.timer_internal_clock_config), (10 bytes).
    Removing gd32f3x0_timer.o(i.timer_internal_trigger_as_external_clock_config), (26 bytes).
    Removing gd32f3x0_timer.o(i.timer_interrupt_disable), (8 bytes).
    Removing gd32f3x0_timer.o(i.timer_interrupt_enable), (8 bytes).
    Removing gd32f3x0_timer.o(i.timer_interrupt_flag_clear), (6 bytes).
    Removing gd32f3x0_timer.o(i.timer_interrupt_flag_get), (20 bytes).
    Removing gd32f3x0_timer.o(i.timer_master_output_trigger_source_select), (16 bytes).
    Removing gd32f3x0_timer.o(i.timer_master_slave_mode_config), (24 bytes).
    Removing gd32f3x0_timer.o(i.timer_ocpre_clear_source_config), (26 bytes).
    Removing gd32f3x0_timer.o(i.timer_output_value_selection_config), (30 bytes).
    Removing gd32f3x0_timer.o(i.timer_prescaler_config), (16 bytes).
    Removing gd32f3x0_timer.o(i.timer_prescaler_read), (6 bytes).
    Removing gd32f3x0_timer.o(i.timer_primary_output_config), (20 bytes).
    Removing gd32f3x0_timer.o(i.timer_quadrature_decoder_mode_config), (64 bytes).
    Removing gd32f3x0_timer.o(i.timer_repetition_value_config), (4 bytes).
    Removing gd32f3x0_timer.o(i.timer_single_pulse_mode_config), (24 bytes).
    Removing gd32f3x0_timer.o(i.timer_slave_mode_select), (16 bytes).
    Removing gd32f3x0_timer.o(i.timer_struct_para_init), (20 bytes).
    Removing gd32f3x0_timer.o(i.timer_update_event_disable), (10 bytes).
    Removing gd32f3x0_timer.o(i.timer_update_event_enable), (10 bytes).
    Removing gd32f3x0_timer.o(i.timer_update_source_config), (24 bytes).
    Removing gd32f3x0_timer.o(i.timer_write_chxval_register_config), (30 bytes).
    Removing gd32f3x0_usart.o(.rev16_text), (4 bytes).
    Removing gd32f3x0_usart.o(.revsh_text), (4 bytes).
    Removing gd32f3x0_usart.o(.rrx_text), (6 bytes).
    Removing gd32f3x0_usart.o(i.usart_address_config), (26 bytes).
    Removing gd32f3x0_usart.o(i.usart_address_detection_mode_config), (28 bytes).
    Removing gd32f3x0_usart.o(i.usart_autobaud_detection_disable), (10 bytes).
    Removing gd32f3x0_usart.o(i.usart_autobaud_detection_enable), (10 bytes).
    Removing gd32f3x0_usart.o(i.usart_autobaud_detection_mode_config), (16 bytes).
    Removing gd32f3x0_usart.o(i.usart_block_length_config), (18 bytes).
    Removing gd32f3x0_usart.o(i.usart_clock_disable), (18 bytes).
    Removing gd32f3x0_usart.o(i.usart_clock_enable), (18 bytes).
    Removing gd32f3x0_usart.o(i.usart_command_enable), (8 bytes).
    Removing gd32f3x0_usart.o(i.usart_data_first_config), (28 bytes).
    Removing gd32f3x0_usart.o(i.usart_data_receive), (8 bytes).
    Removing gd32f3x0_usart.o(i.usart_depolarity_config), (28 bytes).
    Removing gd32f3x0_usart.o(i.usart_disable), (10 bytes).
    Removing gd32f3x0_usart.o(i.usart_dma_receive_config), (16 bytes).
    Removing gd32f3x0_usart.o(i.usart_dma_transmit_config), (16 bytes).
    Removing gd32f3x0_usart.o(i.usart_driver_assertime_config), (32 bytes).
    Removing gd32f3x0_usart.o(i.usart_driver_deassertime_config), (32 bytes).
    Removing gd32f3x0_usart.o(i.usart_flag_clear), (16 bytes).
    Removing gd32f3x0_usart.o(i.usart_guard_time_config), (32 bytes).
    Removing gd32f3x0_usart.o(i.usart_halfduplex_disable), (18 bytes).
    Removing gd32f3x0_usart.o(i.usart_halfduplex_enable), (18 bytes).
    Removing gd32f3x0_usart.o(i.usart_hardware_flow_cts_config), (24 bytes).
    Removing gd32f3x0_usart.o(i.usart_hardware_flow_rts_config), (24 bytes).
    Removing gd32f3x0_usart.o(i.usart_interrupt_disable), (20 bytes).
    Removing gd32f3x0_usart.o(i.usart_interrupt_enable), (20 bytes).
    Removing gd32f3x0_usart.o(i.usart_interrupt_flag_clear), (40 bytes).
    Removing gd32f3x0_usart.o(i.usart_interrupt_flag_get), (48 bytes).
    Removing gd32f3x0_usart.o(i.usart_invert_config), (90 bytes).
    Removing gd32f3x0_usart.o(i.usart_irda_lowpower_config), (28 bytes).
    Removing gd32f3x0_usart.o(i.usart_irda_mode_disable), (18 bytes).
    Removing gd32f3x0_usart.o(i.usart_irda_mode_enable), (18 bytes).
    Removing gd32f3x0_usart.o(i.usart_lin_break_detection_length_config), (28 bytes).
    Removing gd32f3x0_usart.o(i.usart_lin_mode_disable), (18 bytes).
    Removing gd32f3x0_usart.o(i.usart_lin_mode_enable), (18 bytes).
    Removing gd32f3x0_usart.o(i.usart_mute_mode_disable), (10 bytes).
    Removing gd32f3x0_usart.o(i.usart_mute_mode_enable), (10 bytes).
    Removing gd32f3x0_usart.o(i.usart_mute_mode_wakeup_config), (24 bytes).
    Removing gd32f3x0_usart.o(i.usart_overrun_disable), (18 bytes).
    Removing gd32f3x0_usart.o(i.usart_overrun_enable), (18 bytes).
    Removing gd32f3x0_usart.o(i.usart_oversample_config), (24 bytes).
    Removing gd32f3x0_usart.o(i.usart_prescaler_config), (24 bytes).
    Removing gd32f3x0_usart.o(i.usart_receive_fifo_counter_number), (10 bytes).
    Removing gd32f3x0_usart.o(i.usart_receive_fifo_disable), (12 bytes).
    Removing gd32f3x0_usart.o(i.usart_receive_fifo_enable), (12 bytes).
    Removing gd32f3x0_usart.o(i.usart_receiver_timeout_disable), (10 bytes).
    Removing gd32f3x0_usart.o(i.usart_receiver_timeout_enable), (10 bytes).
    Removing gd32f3x0_usart.o(i.usart_receiver_timeout_threshold_config), (16 bytes).
    Removing gd32f3x0_usart.o(i.usart_reception_error_dma_disable), (18 bytes).
    Removing gd32f3x0_usart.o(i.usart_reception_error_dma_enable), (18 bytes).
    Removing gd32f3x0_usart.o(i.usart_rs485_driver_disable), (18 bytes).
    Removing gd32f3x0_usart.o(i.usart_rs485_driver_enable), (18 bytes).
    Removing gd32f3x0_usart.o(i.usart_sample_bit_config), (24 bytes).
    Removing gd32f3x0_usart.o(i.usart_smartcard_autoretry_config), (32 bytes).
    Removing gd32f3x0_usart.o(i.usart_smartcard_mode_disable), (18 bytes).
    Removing gd32f3x0_usart.o(i.usart_smartcard_mode_early_nack_disable), (12 bytes).
    Removing gd32f3x0_usart.o(i.usart_smartcard_mode_early_nack_enable), (12 bytes).
    Removing gd32f3x0_usart.o(i.usart_smartcard_mode_enable), (18 bytes).
    Removing gd32f3x0_usart.o(i.usart_smartcard_mode_nack_disable), (18 bytes).
    Removing gd32f3x0_usart.o(i.usart_smartcard_mode_nack_enable), (18 bytes).
    Removing gd32f3x0_usart.o(i.usart_synchronous_clock_config), (50 bytes).
    Removing gd32f3x0_usart.o(i.usart_wakeup_disable), (10 bytes).
    Removing gd32f3x0_usart.o(i.usart_wakeup_enable), (10 bytes).
    Removing gd32f3x0_usart.o(i.usart_wakeup_mode_config), (28 bytes).
    Removing spi_port.o(.rev16_text), (4 bytes).
    Removing spi_port.o(.revsh_text), (4 bytes).
    Removing spi_port.o(.rrx_text), (6 bytes).
    Removing uart_print.o(.rev16_text), (4 bytes).
    Removing uart_print.o(.revsh_text), (4 bytes).
    Removing uart_print.o(.rrx_text), (6 bytes).
    Removing uart_print.o(i.debug_pin_clr), (10 bytes).
    Removing uart_print.o(i.debug_pin_set), (10 bytes).
    Removing uart_print.o(i.debug_pin_toggle), (10 bytes).
    Removing gd32f3x0_misc.o(.rev16_text), (4 bytes).
    Removing gd32f3x0_misc.o(.revsh_text), (4 bytes).
    Removing gd32f3x0_misc.o(.rrx_text), (6 bytes).
    Removing gd32f3x0_misc.o(i.nvic_irq_disable), (22 bytes).
    Removing gd32f3x0_misc.o(i.system_lowpower_reset), (16 bytes).
    Removing gd32f3x0_misc.o(i.system_lowpower_set), (16 bytes).
    Removing gd32f3x0_misc.o(i.systick_clksource_set), (24 bytes).
    Removing gd32f3x0_rcu.o(.rev16_text), (4 bytes).
    Removing gd32f3x0_rcu.o(.revsh_text), (4 bytes).
    Removing gd32f3x0_rcu.o(.rrx_text), (6 bytes).
    Removing gd32f3x0_rcu.o(i.rcu_adc_clock_config), (144 bytes).
    Removing gd32f3x0_rcu.o(i.rcu_ahb_clock_config), (20 bytes).
    Removing gd32f3x0_rcu.o(i.rcu_all_reset_flag_clear), (16 bytes).
    Removing gd32f3x0_rcu.o(i.rcu_apb1_clock_config), (20 bytes).
    Removing gd32f3x0_rcu.o(i.rcu_apb2_clock_config), (20 bytes).
    Removing gd32f3x0_rcu.o(i.rcu_bkp_reset_disable), (16 bytes).
    Removing gd32f3x0_rcu.o(i.rcu_bkp_reset_enable), (16 bytes).
    Removing gd32f3x0_rcu.o(i.rcu_cec_clock_config), (24 bytes).
    Removing gd32f3x0_rcu.o(i.rcu_ck48m_clock_config), (20 bytes).
    Removing gd32f3x0_rcu.o(i.rcu_ckout_config), (20 bytes).
    Removing gd32f3x0_rcu.o(i.rcu_deepsleep_voltage_set), (32 bytes).
    Removing gd32f3x0_rcu.o(i.rcu_deinit), (124 bytes).
    Removing gd32f3x0_rcu.o(i.rcu_flag_get), (32 bytes).
    Removing gd32f3x0_rcu.o(i.rcu_hxtal_clock_monitor_disable), (16 bytes).
    Removing gd32f3x0_rcu.o(i.rcu_hxtal_clock_monitor_enable), (16 bytes).
    Removing gd32f3x0_rcu.o(i.rcu_hxtal_prediv_config), (20 bytes).
    Removing gd32f3x0_rcu.o(i.rcu_interrupt_disable), (28 bytes).
    Removing gd32f3x0_rcu.o(i.rcu_interrupt_enable), (28 bytes).
    Removing gd32f3x0_rcu.o(i.rcu_interrupt_flag_clear), (28 bytes).
    Removing gd32f3x0_rcu.o(i.rcu_interrupt_flag_get), (32 bytes).
    Removing gd32f3x0_rcu.o(i.rcu_irc28m_adjust_value_set), (20 bytes).
    Removing gd32f3x0_rcu.o(i.rcu_irc8m_adjust_value_set), (20 bytes).
    Removing gd32f3x0_rcu.o(i.rcu_lxtal_drive_capability_config), (24 bytes).
    Removing gd32f3x0_rcu.o(i.rcu_osci_bypass_mode_disable), (60 bytes).
    Removing gd32f3x0_rcu.o(i.rcu_osci_bypass_mode_enable), (60 bytes).
    Removing gd32f3x0_rcu.o(i.rcu_osci_off), (28 bytes).
    Removing gd32f3x0_rcu.o(i.rcu_osci_on), (28 bytes).
    Removing gd32f3x0_rcu.o(i.rcu_osci_stab_wait), (220 bytes).
    Removing gd32f3x0_rcu.o(i.rcu_periph_clock_disable), (28 bytes).
    Removing gd32f3x0_rcu.o(i.rcu_periph_clock_sleep_disable), (28 bytes).
    Removing gd32f3x0_rcu.o(i.rcu_periph_clock_sleep_enable), (28 bytes).
    Removing gd32f3x0_rcu.o(i.rcu_pll_config), (52 bytes).
    Removing gd32f3x0_rcu.o(i.rcu_pll_preselection_config), (24 bytes).
    Removing gd32f3x0_rcu.o(i.rcu_rtc_clock_config), (24 bytes).
    Removing gd32f3x0_rcu.o(i.rcu_system_clock_source_config), (20 bytes).
    Removing gd32f3x0_rcu.o(i.rcu_system_clock_source_get), (16 bytes).
    Removing gd32f3x0_rcu.o(i.rcu_usart_clock_config), (24 bytes).
    Removing gd32f3x0_rcu.o(i.rcu_usbfs_clock_config), (44 bytes).
    Removing gd32f3x0_rcu.o(i.rcu_voltage_key_unlock), (36 bytes).
    Removing startup_gd32f3x0.o(HEAP), (16 bytes).
    Removing system_gd32f3x0.o(.rev16_text), (4 bytes).
    Removing system_gd32f3x0.o(.revsh_text), (4 bytes).
    Removing system_gd32f3x0.o(.rrx_text), (6 bytes).
    Removing system_gd32f3x0.o(i.SystemCoreClockUpdate), (144 bytes).
    Removing system_gd32f3x0.o(.data), (4 bytes).
    Removing dfixui.o(.text), (50 bytes).

336 unused section(s) (total 10108 bytes) removed from the image.

==============================================================================

Image Symbol Table

    Local Symbols

    Symbol Name                              Value     Ov Type        Size  Object(Section)

    ../clib/microlib/division.c              0x00000000   Number         0  uldiv.o ABSOLUTE
    ../clib/microlib/division.c              0x00000000   Number         0  uidiv.o ABSOLUTE
    ../clib/microlib/init/entry.s            0x00000000   Number         0  entry11b.o ABSOLUTE
    ../clib/microlib/init/entry.s            0x00000000   Number         0  entry9b.o ABSOLUTE
    ../clib/microlib/init/entry.s            0x00000000   Number         0  entry7a.o ABSOLUTE
    ../clib/microlib/init/entry.s            0x00000000   Number         0  entry9a.o ABSOLUTE
    ../clib/microlib/init/entry.s            0x00000000   Number         0  entry7b.o ABSOLUTE
    ../clib/microlib/init/entry.s            0x00000000   Number         0  entry11a.o ABSOLUTE
    ../clib/microlib/init/entry.s            0x00000000   Number         0  entry.o ABSOLUTE
    ../clib/microlib/init/entry.s            0x00000000   Number         0  entry8b.o ABSOLUTE
    ../clib/microlib/init/entry.s            0x00000000   Number         0  entry8a.o ABSOLUTE
    ../clib/microlib/init/entry.s            0x00000000   Number         0  entry2.o ABSOLUTE
    ../clib/microlib/init/entry.s            0x00000000   Number         0  entry10b.o ABSOLUTE
    ../clib/microlib/init/entry.s            0x00000000   Number         0  entry5.o ABSOLUTE
    ../clib/microlib/init/entry.s            0x00000000   Number         0  entry10a.o ABSOLUTE
    ../clib/microlib/longlong.c              0x00000000   Number         0  llushr.o ABSOLUTE
    ../clib/microlib/longlong.c              0x00000000   Number         0  llshl.o ABSOLUTE
    ../clib/microlib/longlong.c              0x00000000   Number         0  llsshr.o ABSOLUTE
    ../clib/microlib/printf/printf.c         0x00000000   Number         0  printf5.o ABSOLUTE
    ../clib/microlib/printf/printf.c         0x00000000   Number         0  printfb.o ABSOLUTE
    ../clib/microlib/printf/printf.c         0x00000000   Number         0  printf0.o ABSOLUTE
    ../clib/microlib/printf/printf.c         0x00000000   Number         0  printf6.o ABSOLUTE
    ../clib/microlib/printf/printf.c         0x00000000   Number         0  printf4.o ABSOLUTE
    ../clib/microlib/printf/printf.c         0x00000000   Number         0  printf7.o ABSOLUTE
    ../clib/microlib/printf/printf.c         0x00000000   Number         0  printf3.o ABSOLUTE
    ../clib/microlib/printf/printf.c         0x00000000   Number         0  printf2.o ABSOLUTE
    ../clib/microlib/printf/printf.c         0x00000000   Number         0  printf1.o ABSOLUTE
    ../clib/microlib/printf/printf.c         0x00000000   Number         0  printf8.o ABSOLUTE
    ../clib/microlib/printf/printf.c         0x00000000   Number         0  printfa.o ABSOLUTE
    ../clib/microlib/printf/stubs.s          0x00000000   Number         0  stubs.o ABSOLUTE
    ../clib/microlib/stdio/streams.c         0x00000000   Number         0  stdout.o ABSOLUTE
    ../clib/microlib/stubs.s                 0x00000000   Number         0  iusefp.o ABSOLUTE
    ../fplib/microlib/d2f.c                  0x00000000   Number         0  d2f.o ABSOLUTE
    ../fplib/microlib/f2d.c                  0x00000000   Number         0  f2d.o ABSOLUTE
    ../fplib/microlib/fpadd.c                0x00000000   Number         0  dadd.o ABSOLUTE
    ../fplib/microlib/fpdiv.c                0x00000000   Number         0  ddiv.o ABSOLUTE
    ../fplib/microlib/fpepilogue.c           0x00000000   Number         0  fepilogue.o ABSOLUTE
    ../fplib/microlib/fpepilogue.c           0x00000000   Number         0  depilogue.o ABSOLUTE
    ../fplib/microlib/fpfix.c                0x00000000   Number         0  dfixui.o ABSOLUTE
    ../fplib/microlib/fpfix.c                0x00000000   Number         0  dfixul.o ABSOLUTE
    ../fplib/microlib/fpflt.c                0x00000000   Number         0  dflti.o ABSOLUTE
    ../fplib/microlib/fpflt.c                0x00000000   Number         0  dfltui.o ABSOLUTE
    ../fplib/microlib/fpmul.c                0x00000000   Number         0  dmul.o ABSOLUTE
    ..\..\..\..\lh_lib\LH001_55.c            0x00000000   Number         0  lh001_55.o ABSOLUTE
    ..\..\..\..\mcu\gd32f330\lib\src\gd32f3x0_exti.c 0x00000000   Number         0  gd32f3x0_exti.o ABSOLUTE
    ..\..\..\..\mcu\gd32f330\lib\src\gd32f3x0_fmc.c 0x00000000   Number         0  gd32f3x0_fmc.o ABSOLUTE
    ..\..\..\..\mcu\gd32f330\lib\src\gd32f3x0_gpio.c 0x00000000   Number         0  gd32f3x0_gpio.o ABSOLUTE
    ..\..\..\..\mcu\gd32f330\lib\src\gd32f3x0_spi.c 0x00000000   Number         0  gd32f3x0_spi.o ABSOLUTE
    ..\..\..\..\mcu\gd32f330\lib\src\gd32f3x0_syscfg.c 0x00000000   Number         0  gd32f3x0_syscfg.o ABSOLUTE
    ..\..\..\..\mcu\gd32f330\lib\src\gd32f3x0_timer.c 0x00000000   Number         0  gd32f3x0_timer.o ABSOLUTE
    ..\..\..\..\mcu\gd32f330\lib\src\gd32f3x0_usart.c 0x00000000   Number         0  gd32f3x0_usart.o ABSOLUTE
    ..\..\..\..\mcu\gd32f330\port\spi_port.c 0x00000000   Number         0  spi_port.o ABSOLUTE
    ..\..\..\..\mcu\gd32f330\port\uart_print.c 0x00000000   Number         0  uart_print.o ABSOLUTE
    ..\\..\\..\\..\\lh_lib\\LH001_55.c       0x00000000   Number         0  lh001_55.o ABSOLUTE
    ..\\..\\..\\..\\mcu\\gd32f330\\lib\\src\\gd32f3x0_exti.c 0x00000000   Number         0  gd32f3x0_exti.o ABSOLUTE
    ..\\..\\..\\..\\mcu\\gd32f330\\lib\\src\\gd32f3x0_fmc.c 0x00000000   Number         0  gd32f3x0_fmc.o ABSOLUTE
    ..\\..\\..\\..\\mcu\\gd32f330\\lib\\src\\gd32f3x0_gpio.c 0x00000000   Number         0  gd32f3x0_gpio.o ABSOLUTE
    ..\\..\\..\\..\\mcu\\gd32f330\\lib\\src\\gd32f3x0_spi.c 0x00000000   Number         0  gd32f3x0_spi.o ABSOLUTE
    ..\\..\\..\\..\\mcu\\gd32f330\\lib\\src\\gd32f3x0_syscfg.c 0x00000000   Number         0  gd32f3x0_syscfg.o ABSOLUTE
    ..\\..\\..\\..\\mcu\\gd32f330\\lib\\src\\gd32f3x0_timer.c 0x00000000   Number         0  gd32f3x0_timer.o ABSOLUTE
    ..\\..\\..\\..\\mcu\\gd32f330\\lib\\src\\gd32f3x0_usart.c 0x00000000   Number         0  gd32f3x0_usart.o ABSOLUTE
    ..\\..\\..\\..\\mcu\\gd32f330\\port\\spi_port.c 0x00000000   Number         0  spi_port.o ABSOLUTE
    ..\\..\\..\\..\\mcu\\gd32f330\\port\\uart_print.c 0x00000000   Number         0  uart_print.o ABSOLUTE
    ..\\main.c                               0x00000000   Number         0  main.o ABSOLUTE
    ..\main.c                                0x00000000   Number         0  main.o ABSOLUTE
    RTE\Device\GD32F330F8\gd32f3x0_misc.c    0x00000000   Number         0  gd32f3x0_misc.o ABSOLUTE
    RTE\Device\GD32F330F8\gd32f3x0_rcu.c     0x00000000   Number         0  gd32f3x0_rcu.o ABSOLUTE
    RTE\Device\GD32F330F8\startup_gd32f3x0.s 0x00000000   Number         0  startup_gd32f3x0.o ABSOLUTE
    RTE\Device\GD32F330F8\system_gd32f3x0.c  0x00000000   Number         0  system_gd32f3x0.o ABSOLUTE
    RTE\\Device\\GD32F330F8\\gd32f3x0_misc.c 0x00000000   Number         0  gd32f3x0_misc.o ABSOLUTE
    RTE\\Device\\GD32F330F8\\gd32f3x0_rcu.c  0x00000000   Number         0  gd32f3x0_rcu.o ABSOLUTE
    RTE\\Device\\GD32F330F8\\system_gd32f3x0.c 0x00000000   Number         0  system_gd32f3x0.o ABSOLUTE
    cdrcmple.s                               0x00000000   Number         0  cdrcmple.o ABSOLUTE
    dc.s                                     0x00000000   Number         0  dc.o ABSOLUTE
    handlers.s                               0x00000000   Number         0  handlers.o ABSOLUTE
    init.s                                   0x00000000   Number         0  init.o ABSOLUTE
    RESET                                    0x08000000   Section      336  startup_gd32f3x0.o(RESET)
    .ARM.Collect$$$$00000000                 0x08000150   Section        0  entry.o(.ARM.Collect$$$$00000000)
    .ARM.Collect$$$$00000001                 0x08000150   Section        4  entry2.o(.ARM.Collect$$$$00000001)
    .ARM.Collect$$$$00000004                 0x08000154   Section        4  entry5.o(.ARM.Collect$$$$00000004)
    .ARM.Collect$$$$00000008                 0x08000158   Section        0  entry7b.o(.ARM.Collect$$$$00000008)
    .ARM.Collect$$$$0000000A                 0x08000158   Section        0  entry8b.o(.ARM.Collect$$$$0000000A)
    .ARM.Collect$$$$0000000B                 0x08000158   Section        8  entry9a.o(.ARM.Collect$$$$0000000B)
    .ARM.Collect$$$$0000000D                 0x08000160   Section        0  entry10a.o(.ARM.Collect$$$$0000000D)
    .ARM.Collect$$$$0000000F                 0x08000160   Section        0  entry11a.o(.ARM.Collect$$$$0000000F)
    .ARM.Collect$$$$00002712                 0x08000160   Section        4  entry2.o(.ARM.Collect$$$$00002712)
    __lit__00000000                          0x08000160   Data           4  entry2.o(.ARM.Collect$$$$00002712)
    .text                                    0x08000164   Section       36  startup_gd32f3x0.o(.text)
    $v0                                      0x08000164   Number         0  startup_gd32f3x0.o(.text)
    .text                                    0x08000188   Section        0  dmul.o(.text)
    .text                                    0x0800026c   Section        0  ddiv.o(.text)
    .text                                    0x0800034a   Section        0  dflti.o(.text)
    .text                                    0x0800036c   Section        0  dfltui.o(.text)
    .text                                    0x08000386   Section        0  f2d.o(.text)
    .text                                    0x080003ac   Section        0  d2f.o(.text)
    .text                                    0x080003e4   Section        0  uidiv.o(.text)
    .text                                    0x08000410   Section        0  uldiv.o(.text)
    .text                                    0x08000472   Section        0  llushr.o(.text)
    .text                                    0x08000492   Section        0  iusefp.o(.text)
    .text                                    0x08000492   Section        0  fepilogue.o(.text)
    .text                                    0x08000500   Section        0  depilogue.o(.text)
    .text                                    0x080005ba   Section        0  dadd.o(.text)
    .text                                    0x08000708   Section        0  dfixul.o(.text)
    .text                                    0x08000738   Section       48  cdrcmple.o(.text)
    .text                                    0x08000768   Section       36  init.o(.text)
    .text                                    0x0800078c   Section        0  llshl.o(.text)
    .text                                    0x080007aa   Section        0  llsshr.o(.text)
    i.EXTI4_15_IRQHandler                    0x080007d0   Section        0  main.o(i.EXTI4_15_IRQHandler)
    i.LH001_55_adc_channel                   0x08000844   Section        0  lh001_55.o(i.LH001_55_adc_channel)
    i.LH001_55_adc_code2mv                   0x0800085c   Section        0  lh001_55.o(i.LH001_55_adc_code2mv)
    i.LH001_55_adc_go                        0x080008bc   Section        0  lh001_55.o(i.LH001_55_adc_go)
    i.LH001_55_adc_init                      0x080008d0   Section        0  lh001_55.o(i.LH001_55_adc_init)
    i.LH001_55_adc_stop                      0x08000986   Section        0  lh001_55.o(i.LH001_55_adc_stop)
    i.LH001_55_init                          0x0800099c   Section        0  main.o(i.LH001_55_init)
    i.LH001_55_pga_init                      0x08000a28   Section        0  lh001_55.o(i.LH001_55_pga_init)
    i.LH001_55_post_setup                    0x08000a88   Section        0  lh001_55.o(i.LH001_55_post_setup)
    i.LH001_55_rdatac_start                  0x08000b06   Section        0  lh001_55.o(i.LH001_55_rdatac_start)
    i.LH001_55_rdatac_stop                   0x08000b1a   Section        0  lh001_55.o(i.LH001_55_rdatac_stop)
    i.LH001_55_read_data_nofifo              0x08000b2e   Section        0  lh001_55.o(i.LH001_55_read_data_nofifo)
    i.LH001_55_read_regs                     0x08000bb8   Section        0  lh001_55.o(i.LH001_55_read_regs)
    i.LH001_55_reg_dump                      0x08000cb8   Section        0  lh001_55.o(i.LH001_55_reg_dump)
    i.LH001_55_sw_reset                      0x08000ce2   Section        0  lh001_55.o(i.LH001_55_sw_reset)
    i.LH001_55_write_regs                    0x08000cf6   Section        0  lh001_55.o(i.LH001_55_write_regs)
    i.SystemInit                             0x08000e1c   Section        0  system_gd32f3x0.o(i.SystemInit)
    i.__0printf                              0x08000eb8   Section        0  printfa.o(i.__0printf)
    i.__scatterload_copy                     0x08000ed8   Section       14  handlers.o(i.__scatterload_copy)
    i.__scatterload_null                     0x08000ee6   Section        2  handlers.o(i.__scatterload_null)
    i.__scatterload_zeroinit                 0x08000ee8   Section       14  handlers.o(i.__scatterload_zeroinit)
    i._fp_digits                             0x08000ef8   Section        0  printfa.o(i._fp_digits)
    _fp_digits                               0x08000ef9   Thumb Code   334  printfa.o(i._fp_digits)
    i._printf_core                           0x0800105c   Section        0  printfa.o(i._printf_core)
    _printf_core                             0x0800105d   Thumb Code  1744  printfa.o(i._printf_core)
    i._printf_post_padding                   0x08001738   Section        0  printfa.o(i._printf_post_padding)
    _printf_post_padding                     0x08001739   Thumb Code    36  printfa.o(i._printf_post_padding)
    i._printf_pre_padding                    0x0800175c   Section        0  printfa.o(i._printf_pre_padding)
    _printf_pre_padding                      0x0800175d   Thumb Code    46  printfa.o(i._printf_pre_padding)
    i.debug_pin_init                         0x0800178a   Section        0  uart_print.o(i.debug_pin_init)
    i.exti_init                              0x080017b4   Section        0  gd32f3x0_exti.o(i.exti_init)
    i.exti_interrupt_flag_clear              0x0800181c   Section        0  gd32f3x0_exti.o(i.exti_interrupt_flag_clear)
    i.exti_interrupt_flag_get                0x08001828   Section        0  gd32f3x0_exti.o(i.exti_interrupt_flag_get)
    i.fputc                                  0x0800184c   Section        0  uart_print.o(i.fputc)
    i.gpio_af_set                            0x08001874   Section        0  gd32f3x0_gpio.o(i.gpio_af_set)
    i.gpio_mode_set                          0x080018ca   Section        0  gd32f3x0_gpio.o(i.gpio_mode_set)
    i.gpio_output_options_set                0x08001912   Section        0  gd32f3x0_gpio.o(i.gpio_output_options_set)
    i.main                                   0x08001980   Section        0  main.o(i.main)
    i.nvic_irq_enable                        0x08001a3c   Section        0  gd32f3x0_misc.o(i.nvic_irq_enable)
    i.nvic_priority_group_set                0x08001ac4   Section        0  gd32f3x0_misc.o(i.nvic_priority_group_set)
    i.nvic_vector_table_set                  0x08001ad8   Section        0  gd32f3x0_misc.o(i.nvic_vector_table_set)
    i.rcu_clock_freq_get                     0x08001aec   Section        0  gd32f3x0_rcu.o(i.rcu_clock_freq_get)
    i.rcu_periph_clock_enable                0x08001ca8   Section        0  gd32f3x0_rcu.o(i.rcu_periph_clock_enable)
    i.rcu_periph_reset_disable               0x08001cc4   Section        0  gd32f3x0_rcu.o(i.rcu_periph_reset_disable)
    i.rcu_periph_reset_enable                0x08001ce0   Section        0  gd32f3x0_rcu.o(i.rcu_periph_reset_enable)
    i.spi_enable                             0x08001cfc   Section        0  gd32f3x0_spi.o(i.spi_enable)
    i.spi_i2s_data_receive                   0x08001d06   Section        0  gd32f3x0_spi.o(i.spi_i2s_data_receive)
    i.spi_i2s_data_transmit                  0x08001d0c   Section        0  gd32f3x0_spi.o(i.spi_i2s_data_transmit)
    i.spi_i2s_deinit                         0x08001d10   Section        0  gd32f3x0_spi.o(i.spi_i2s_deinit)
    i.spi_i2s_flag_get                       0x08001d40   Section        0  gd32f3x0_spi.o(i.spi_i2s_flag_get)
    i.spi_init                               0x08001d4a   Section        0  gd32f3x0_spi.o(i.spi_init)
    i.spi_struct_para_init                   0x08001d78   Section        0  gd32f3x0_spi.o(i.spi_struct_para_init)
    i.stm_lh_delay_10us                      0x08001d88   Section        0  spi_port.o(i.stm_lh_delay_10us)
    i.stm_lh_spi_init                        0x08001d94   Section        0  spi_port.o(i.stm_lh_spi_init)
    i.stm_lh_spi_txrx8bit                    0x08001ea8   Section        0  spi_port.o(i.stm_lh_spi_txrx8bit)
    i.syscfg_exti_line_config                0x08001edc   Section        0  gd32f3x0_syscfg.o(i.syscfg_exti_line_config)
    i.system_clock_84m_irc8m                 0x08001f38   Section        0  system_gd32f3x0.o(i.system_clock_84m_irc8m)
    system_clock_84m_irc8m                   0x08001f39   Thumb Code    76  system_gd32f3x0.o(i.system_clock_84m_irc8m)
    i.uart_print_init                        0x08001f8c   Section        0  uart_print.o(i.uart_print_init)
    i.usart_baudrate_set                     0x08002030   Section        0  gd32f3x0_usart.o(i.usart_baudrate_set)
    i.usart_data_transmit                    0x08002084   Section        0  gd32f3x0_usart.o(i.usart_data_transmit)
    i.usart_deinit                           0x0800208c   Section        0  gd32f3x0_usart.o(i.usart_deinit)
    i.usart_enable                           0x080020bc   Section        0  gd32f3x0_usart.o(i.usart_enable)
    i.usart_flag_get                         0x080020c6   Section        0  gd32f3x0_usart.o(i.usart_flag_get)
    i.usart_parity_config                    0x080020dc   Section        0  gd32f3x0_usart.o(i.usart_parity_config)
    i.usart_receive_config                   0x080020f4   Section        0  gd32f3x0_usart.o(i.usart_receive_config)
    i.usart_stop_bit_set                     0x08002104   Section        0  gd32f3x0_usart.o(i.usart_stop_bit_set)
    i.usart_transmit_config                  0x0800211c   Section        0  gd32f3x0_usart.o(i.usart_transmit_config)
    i.usart_word_length_set                  0x0800212c   Section        0  gd32f3x0_usart.o(i.usart_word_length_set)
    .data                                    0x20000000   Section      152  main.o(.data)
    .data                                    0x20000098   Section        4  stdout.o(.data)
    STACK                                    0x200000a0   Section      512  startup_gd32f3x0.o(STACK)

    Global Symbols

    Symbol Name                              Value     Ov Type        Size  Object(Section)

    BuildAttributes$$THM_ISAv4$E$P$D$K$B$S$7EM$VFPi3$EXTD16$VFPS$VFMA$PE$A:L22UL41UL21$X:L11$S22US41US21$IEEE1$IW$USESV6$~STKCKD$USESV7$~SHL$OTIME$ROPI$EBA8$MICROLIB$REQ8$PRES8$EABIv2 0x00000000   Number         0  anon$$obj.o ABSOLUTE
    __ARM_use_no_argv                        0x00000000   Number         0  main.o ABSOLUTE
    _printf_a                                0x00000000   Number         0  stubs.o ABSOLUTE
    _printf_c                                0x00000000   Number         0  stubs.o ABSOLUTE
    _printf_charcount                        0x00000000   Number         0  stubs.o ABSOLUTE
    _printf_d                                0x00000000   Number         0  stubs.o ABSOLUTE
    _printf_e                                0x00000000   Number         0  stubs.o ABSOLUTE
    _printf_f                                0x00000000   Number         0  stubs.o ABSOLUTE
    _printf_flags                            0x00000000   Number         0  stubs.o ABSOLUTE
    _printf_fp_dec                           0x00000000   Number         0  stubs.o ABSOLUTE
    _printf_fp_hex                           0x00000000   Number         0  stubs.o ABSOLUTE
    _printf_g                                0x00000000   Number         0  stubs.o ABSOLUTE
    _printf_i                                0x00000000   Number         0  stubs.o ABSOLUTE
    _printf_int_dec                          0x00000000   Number         0  stubs.o ABSOLUTE
    _printf_l                                0x00000000   Number         0  stubs.o ABSOLUTE
    _printf_lc                               0x00000000   Number         0  stubs.o ABSOLUTE
    _printf_ll                               0x00000000   Number         0  stubs.o ABSOLUTE
    _printf_lld                              0x00000000   Number         0  stubs.o ABSOLUTE
    _printf_lli                              0x00000000   Number         0  stubs.o ABSOLUTE
    _printf_llo                              0x00000000   Number         0  stubs.o ABSOLUTE
    _printf_llu                              0x00000000   Number         0  stubs.o ABSOLUTE
    _printf_llx                              0x00000000   Number         0  stubs.o ABSOLUTE
    _printf_longlong_dec                     0x00000000   Number         0  stubs.o ABSOLUTE
    _printf_longlong_hex                     0x00000000   Number         0  stubs.o ABSOLUTE
    _printf_longlong_oct                     0x00000000   Number         0  stubs.o ABSOLUTE
    _printf_ls                               0x00000000   Number         0  stubs.o ABSOLUTE
    _printf_mbtowc                           0x00000000   Number         0  stubs.o ABSOLUTE
    _printf_n                                0x00000000   Number         0  stubs.o ABSOLUTE
    _printf_o                                0x00000000   Number         0  stubs.o ABSOLUTE
    _printf_p                                0x00000000   Number         0  stubs.o ABSOLUTE
    _printf_percent                          0x00000000   Number         0  stubs.o ABSOLUTE
    _printf_pre_padding                      0x00000000   Number         0  stubs.o ABSOLUTE
    _printf_return_value                     0x00000000   Number         0  stubs.o ABSOLUTE
    _printf_s                                0x00000000   Number         0  stubs.o ABSOLUTE
    _printf_sizespec                         0x00000000   Number         0  stubs.o ABSOLUTE
    _printf_str                              0x00000000   Number         0  stubs.o ABSOLUTE
    _printf_truncate_signed                  0x00000000   Number         0  stubs.o ABSOLUTE
    _printf_truncate_unsigned                0x00000000   Number         0  stubs.o ABSOLUTE
    _printf_u                                0x00000000   Number         0  stubs.o ABSOLUTE
    _printf_wc                               0x00000000   Number         0  stubs.o ABSOLUTE
    _printf_wctomb                           0x00000000   Number         0  stubs.o ABSOLUTE
    _printf_widthprec                        0x00000000   Number         0  stubs.o ABSOLUTE
    _printf_x                                0x00000000   Number         0  stubs.o ABSOLUTE
    __cpp_initialize__aeabi_                  - Undefined Weak Reference
    __cxa_finalize                            - Undefined Weak Reference
    __decompress                              - Undefined Weak Reference
    _clock_init                               - Undefined Weak Reference
    _microlib_exit                            - Undefined Weak Reference
    __Vectors_Size                           0x00000150   Number         0  startup_gd32f3x0.o ABSOLUTE
    __Vectors                                0x08000000   Data           4  startup_gd32f3x0.o(RESET)
    __Vectors_End                            0x08000150   Data           0  startup_gd32f3x0.o(RESET)
    __main                                   0x08000151   Thumb Code     0  entry.o(.ARM.Collect$$$$00000000)
    _main_stk                                0x08000151   Thumb Code     0  entry2.o(.ARM.Collect$$$$00000001)
    _main_scatterload                        0x08000155   Thumb Code     0  entry5.o(.ARM.Collect$$$$00000004)
    __main_after_scatterload                 0x08000159   Thumb Code     0  entry5.o(.ARM.Collect$$$$00000004)
    _main_clock                              0x08000159   Thumb Code     0  entry7b.o(.ARM.Collect$$$$00000008)
    _main_cpp_init                           0x08000159   Thumb Code     0  entry8b.o(.ARM.Collect$$$$0000000A)
    _main_init                               0x08000159   Thumb Code     0  entry9a.o(.ARM.Collect$$$$0000000B)
    __rt_final_cpp                           0x08000161   Thumb Code     0  entry10a.o(.ARM.Collect$$$$0000000D)
    __rt_final_exit                          0x08000161   Thumb Code     0  entry11a.o(.ARM.Collect$$$$0000000F)
    Reset_Handler                            0x08000165   Thumb Code     8  startup_gd32f3x0.o(.text)
    NMI_Handler                              0x0800016d   Thumb Code     2  startup_gd32f3x0.o(.text)
    HardFault_Handler                        0x0800016f   Thumb Code     2  startup_gd32f3x0.o(.text)
    MemManage_Handler                        0x08000171   Thumb Code     2  startup_gd32f3x0.o(.text)
    BusFault_Handler                         0x08000173   Thumb Code     2  startup_gd32f3x0.o(.text)
    UsageFault_Handler                       0x08000175   Thumb Code     2  startup_gd32f3x0.o(.text)
    SVC_Handler                              0x08000177   Thumb Code     2  startup_gd32f3x0.o(.text)
    DebugMon_Handler                         0x08000179   Thumb Code     2  startup_gd32f3x0.o(.text)
    PendSV_Handler                           0x0800017b   Thumb Code     2  startup_gd32f3x0.o(.text)
    SysTick_Handler                          0x0800017d   Thumb Code     2  startup_gd32f3x0.o(.text)
    ADC_CMP_IRQHandler                       0x0800017f   Thumb Code     0  startup_gd32f3x0.o(.text)
    CEC_IRQHandler                           0x0800017f   Thumb Code     0  startup_gd32f3x0.o(.text)
    DMA_Channel0_IRQHandler                  0x0800017f   Thumb Code     0  startup_gd32f3x0.o(.text)
    DMA_Channel1_2_IRQHandler                0x0800017f   Thumb Code     0  startup_gd32f3x0.o(.text)
    DMA_Channel3_4_IRQHandler                0x0800017f   Thumb Code     0  startup_gd32f3x0.o(.text)
    DMA_Channel5_6_IRQHandler                0x0800017f   Thumb Code     0  startup_gd32f3x0.o(.text)
    EXTI0_1_IRQHandler                       0x0800017f   Thumb Code     0  startup_gd32f3x0.o(.text)
    EXTI2_3_IRQHandler                       0x0800017f   Thumb Code     0  startup_gd32f3x0.o(.text)
    FMC_IRQHandler                           0x0800017f   Thumb Code     0  startup_gd32f3x0.o(.text)
    I2C0_ER_IRQHandler                       0x0800017f   Thumb Code     0  startup_gd32f3x0.o(.text)
    I2C0_EV_IRQHandler                       0x0800017f   Thumb Code     0  startup_gd32f3x0.o(.text)
    I2C1_ER_IRQHandler                       0x0800017f   Thumb Code     0  startup_gd32f3x0.o(.text)
    I2C1_EV_IRQHandler                       0x0800017f   Thumb Code     0  startup_gd32f3x0.o(.text)
    LVD_IRQHandler                           0x0800017f   Thumb Code     0  startup_gd32f3x0.o(.text)
    RCU_CTC_IRQHandler                       0x0800017f   Thumb Code     0  startup_gd32f3x0.o(.text)
    RTC_IRQHandler                           0x0800017f   Thumb Code     0  startup_gd32f3x0.o(.text)
    SPI0_IRQHandler                          0x0800017f   Thumb Code     0  startup_gd32f3x0.o(.text)
    SPI1_IRQHandler                          0x0800017f   Thumb Code     0  startup_gd32f3x0.o(.text)
    TIMER0_BRK_UP_TRG_COM_IRQHandler         0x0800017f   Thumb Code     0  startup_gd32f3x0.o(.text)
    TIMER0_Channel_IRQHandler                0x0800017f   Thumb Code     0  startup_gd32f3x0.o(.text)
    TIMER13_IRQHandler                       0x0800017f   Thumb Code     0  startup_gd32f3x0.o(.text)
    TIMER14_IRQHandler                       0x0800017f   Thumb Code     0  startup_gd32f3x0.o(.text)
    TIMER15_IRQHandler                       0x0800017f   Thumb Code     0  startup_gd32f3x0.o(.text)
    TIMER16_IRQHandler                       0x0800017f   Thumb Code     0  startup_gd32f3x0.o(.text)
    TIMER1_IRQHandler                        0x0800017f   Thumb Code     0  startup_gd32f3x0.o(.text)
    TIMER2_IRQHandler                        0x0800017f   Thumb Code     0  startup_gd32f3x0.o(.text)
    TIMER5_DAC_IRQHandler                    0x0800017f   Thumb Code     0  startup_gd32f3x0.o(.text)
    TSI_IRQHandler                           0x0800017f   Thumb Code     0  startup_gd32f3x0.o(.text)
    USART0_IRQHandler                        0x0800017f   Thumb Code     0  startup_gd32f3x0.o(.text)
    USART1_IRQHandler                        0x0800017f   Thumb Code     0  startup_gd32f3x0.o(.text)
    USBFS_IRQHandler                         0x0800017f   Thumb Code     0  startup_gd32f3x0.o(.text)
    USBFS_WKUP_IRQHandler                    0x0800017f   Thumb Code     0  startup_gd32f3x0.o(.text)
    WWDGT_IRQHandler                         0x0800017f   Thumb Code     0  startup_gd32f3x0.o(.text)
    __aeabi_dmul                             0x08000189   Thumb Code   228  dmul.o(.text)
    __aeabi_ddiv                             0x0800026d   Thumb Code   222  ddiv.o(.text)
    __aeabi_i2d                              0x0800034b   Thumb Code    34  dflti.o(.text)
    __aeabi_ui2d                             0x0800036d   Thumb Code    26  dfltui.o(.text)
    __aeabi_f2d                              0x08000387   Thumb Code    38  f2d.o(.text)
    __aeabi_d2f                              0x080003ad   Thumb Code    56  d2f.o(.text)
    __aeabi_uidiv                            0x080003e5   Thumb Code     0  uidiv.o(.text)
    __aeabi_uidivmod                         0x080003e5   Thumb Code    44  uidiv.o(.text)
    __aeabi_uldivmod                         0x08000411   Thumb Code    98  uldiv.o(.text)
    __aeabi_llsr                             0x08000473   Thumb Code    32  llushr.o(.text)
    _ll_ushift_r                             0x08000473   Thumb Code     0  llushr.o(.text)
    __I$use$fp                               0x08000493   Thumb Code     0  iusefp.o(.text)
    _float_round                             0x08000493   Thumb Code    18  fepilogue.o(.text)
    _float_epilogue                          0x080004a5   Thumb Code    92  fepilogue.o(.text)
    _double_round                            0x08000501   Thumb Code    30  depilogue.o(.text)
    _double_epilogue                         0x0800051f   Thumb Code   156  depilogue.o(.text)
    __aeabi_dadd                             0x080005bb   Thumb Code   322  dadd.o(.text)
    __aeabi_dsub                             0x080006fd   Thumb Code     6  dadd.o(.text)
    __aeabi_drsub                            0x08000703   Thumb Code     6  dadd.o(.text)
    __aeabi_d2ulz                            0x08000709   Thumb Code    48  dfixul.o(.text)
    __aeabi_cdrcmple                         0x08000739   Thumb Code    48  cdrcmple.o(.text)
    __scatterload                            0x08000769   Thumb Code    28  init.o(.text)
    __scatterload_rt2                        0x08000769   Thumb Code     0  init.o(.text)
    __aeabi_llsl                             0x0800078d   Thumb Code    30  llshl.o(.text)
    _ll_shift_l                              0x0800078d   Thumb Code     0  llshl.o(.text)
    __aeabi_lasr                             0x080007ab   Thumb Code    36  llsshr.o(.text)
    _ll_sshift_r                             0x080007ab   Thumb Code     0  llsshr.o(.text)
    EXTI4_15_IRQHandler                      0x080007d1   Thumb Code   110  main.o(i.EXTI4_15_IRQHandler)
    LH001_55_adc_channel                     0x08000845   Thumb Code    22  lh001_55.o(i.LH001_55_adc_channel)
    LH001_55_adc_code2mv                     0x0800085d   Thumb Code    80  lh001_55.o(i.LH001_55_adc_code2mv)
    LH001_55_adc_go                          0x080008bd   Thumb Code    20  lh001_55.o(i.LH001_55_adc_go)
    LH001_55_adc_init                        0x080008d1   Thumb Code   182  lh001_55.o(i.LH001_55_adc_init)
    LH001_55_adc_stop                        0x08000987   Thumb Code    20  lh001_55.o(i.LH001_55_adc_stop)
    LH001_55_init                            0x0800099d   Thumb Code   130  main.o(i.LH001_55_init)
    LH001_55_pga_init                        0x08000a29   Thumb Code    96  lh001_55.o(i.LH001_55_pga_init)
    LH001_55_post_setup                      0x08000a89   Thumb Code   126  lh001_55.o(i.LH001_55_post_setup)
    LH001_55_rdatac_start                    0x08000b07   Thumb Code    20  lh001_55.o(i.LH001_55_rdatac_start)
    LH001_55_rdatac_stop                     0x08000b1b   Thumb Code    20  lh001_55.o(i.LH001_55_rdatac_stop)
    LH001_55_read_data_nofifo                0x08000b2f   Thumb Code   138  lh001_55.o(i.LH001_55_read_data_nofifo)
    LH001_55_read_regs                       0x08000bb9   Thumb Code   256  lh001_55.o(i.LH001_55_read_regs)
    LH001_55_reg_dump                        0x08000cb9   Thumb Code    42  lh001_55.o(i.LH001_55_reg_dump)
    LH001_55_sw_reset                        0x08000ce3   Thumb Code    20  lh001_55.o(i.LH001_55_sw_reset)
    LH001_55_write_regs                      0x08000cf7   Thumb Code   292  lh001_55.o(i.LH001_55_write_regs)
    SystemInit                               0x08000e1d   Thumb Code   132  system_gd32f3x0.o(i.SystemInit)
    __0printf                                0x08000eb9   Thumb Code    22  printfa.o(i.__0printf)
    __1printf                                0x08000eb9   Thumb Code     0  printfa.o(i.__0printf)
    __2printf                                0x08000eb9   Thumb Code     0  printfa.o(i.__0printf)
    __c89printf                              0x08000eb9   Thumb Code     0  printfa.o(i.__0printf)
    printf                                   0x08000eb9   Thumb Code     0  printfa.o(i.__0printf)
    __scatterload_copy                       0x08000ed9   Thumb Code    14  handlers.o(i.__scatterload_copy)
    __scatterload_null                       0x08000ee7   Thumb Code     2  handlers.o(i.__scatterload_null)
    __scatterload_zeroinit                   0x08000ee9   Thumb Code    14  handlers.o(i.__scatterload_zeroinit)
    debug_pin_init                           0x0800178b   Thumb Code    42  uart_print.o(i.debug_pin_init)
    exti_init                                0x080017b5   Thumb Code    98  gd32f3x0_exti.o(i.exti_init)
    exti_interrupt_flag_clear                0x0800181d   Thumb Code     6  gd32f3x0_exti.o(i.exti_interrupt_flag_clear)
    exti_interrupt_flag_get                  0x08001829   Thumb Code    26  gd32f3x0_exti.o(i.exti_interrupt_flag_get)
    fputc                                    0x0800184d   Thumb Code    34  uart_print.o(i.fputc)
    gpio_af_set                              0x08001875   Thumb Code    86  gd32f3x0_gpio.o(i.gpio_af_set)
    gpio_mode_set                            0x080018cb   Thumb Code    72  gd32f3x0_gpio.o(i.gpio_mode_set)
    gpio_output_options_set                  0x08001913   Thumb Code   110  gd32f3x0_gpio.o(i.gpio_output_options_set)
    main                                     0x08001981   Thumb Code   130  main.o(i.main)
    nvic_irq_enable                          0x08001a3d   Thumb Code   132  gd32f3x0_misc.o(i.nvic_irq_enable)
    nvic_priority_group_set                  0x08001ac5   Thumb Code    10  gd32f3x0_misc.o(i.nvic_priority_group_set)
    nvic_vector_table_set                    0x08001ad9   Thumb Code    12  gd32f3x0_misc.o(i.nvic_vector_table_set)
    rcu_clock_freq_get                       0x08001aed   Thumb Code   404  gd32f3x0_rcu.o(i.rcu_clock_freq_get)
    rcu_periph_clock_enable                  0x08001ca9   Thumb Code    22  gd32f3x0_rcu.o(i.rcu_periph_clock_enable)
    rcu_periph_reset_disable                 0x08001cc5   Thumb Code    22  gd32f3x0_rcu.o(i.rcu_periph_reset_disable)
    rcu_periph_reset_enable                  0x08001ce1   Thumb Code    22  gd32f3x0_rcu.o(i.rcu_periph_reset_enable)
    spi_enable                               0x08001cfd   Thumb Code    10  gd32f3x0_spi.o(i.spi_enable)
    spi_i2s_data_receive                     0x08001d07   Thumb Code     6  gd32f3x0_spi.o(i.spi_i2s_data_receive)
    spi_i2s_data_transmit                    0x08001d0d   Thumb Code     4  gd32f3x0_spi.o(i.spi_i2s_data_transmit)
    spi_i2s_deinit                           0x08001d11   Thumb Code    42  gd32f3x0_spi.o(i.spi_i2s_deinit)
    spi_i2s_flag_get                         0x08001d41   Thumb Code    10  gd32f3x0_spi.o(i.spi_i2s_flag_get)
    spi_init                                 0x08001d4b   Thumb Code    46  gd32f3x0_spi.o(i.spi_init)
    spi_struct_para_init                     0x08001d79   Thumb Code    16  gd32f3x0_spi.o(i.spi_struct_para_init)
    stm_lh_delay_10us                        0x08001d89   Thumb Code    10  spi_port.o(i.stm_lh_delay_10us)
    stm_lh_spi_init                          0x08001d95   Thumb Code   268  spi_port.o(i.stm_lh_spi_init)
    stm_lh_spi_txrx8bit                      0x08001ea9   Thumb Code    48  spi_port.o(i.stm_lh_spi_txrx8bit)
    syscfg_exti_line_config                  0x08001edd   Thumb Code    86  gd32f3x0_syscfg.o(i.syscfg_exti_line_config)
    uart_print_init                          0x08001f8d   Thumb Code   156  uart_print.o(i.uart_print_init)
    usart_baudrate_set                       0x08002031   Thumb Code    78  gd32f3x0_usart.o(i.usart_baudrate_set)
    usart_data_transmit                      0x08002085   Thumb Code     8  gd32f3x0_usart.o(i.usart_data_transmit)
    usart_deinit                             0x0800208d   Thumb Code    42  gd32f3x0_usart.o(i.usart_deinit)
    usart_enable                             0x080020bd   Thumb Code    10  gd32f3x0_usart.o(i.usart_enable)
    usart_flag_get                           0x080020c7   Thumb Code    22  gd32f3x0_usart.o(i.usart_flag_get)
    usart_parity_config                      0x080020dd   Thumb Code    24  gd32f3x0_usart.o(i.usart_parity_config)
    usart_receive_config                     0x080020f5   Thumb Code    16  gd32f3x0_usart.o(i.usart_receive_config)
    usart_stop_bit_set                       0x08002105   Thumb Code    24  gd32f3x0_usart.o(i.usart_stop_bit_set)
    usart_transmit_config                    0x0800211d   Thumb Code    16  gd32f3x0_usart.o(i.usart_transmit_config)
    usart_word_length_set                    0x0800212d   Thumb Code    24  gd32f3x0_usart.o(i.usart_word_length_set)
    Region$$Table$$Base                      0x08002144   Number         0  anon$$obj.o(Region$$Table)
    Region$$Table$$Limit                     0x08002164   Number         0  anon$$obj.o(Region$$Table)
    show_ch                                  0x20000000   Data           4  main.o(.data)
    adc_data                                 0x20000004   Data           4  main.o(.data)
    adc_ch                                   0x20000008   Data           4  main.o(.data)
    data_ready_flag                          0x2000000c   Data           4  main.o(.data)
    pga_gain                                 0x20000010   Data           4  main.o(.data)
    reg                                      0x20000014   Data         100  main.o(.data)
    channel_p                                0x20000078   Data          16  main.o(.data)
    channel_n                                0x20000088   Data          16  main.o(.data)
    __stdout                                 0x20000098   Data           4  stdout.o(.data)
    __initial_sp                             0x200002a0   Data           0  startup_gd32f3x0.o(STACK)



==============================================================================

Memory Map of the image

  Image Entry point : 0x08000151

  Load Region LR_IROM1 (Base: 0x08000000, Size: 0x00002200, Max: 0x00010000, ABSOLUTE)

    Execution Region ER_IROM1 (Base: 0x08000000, Size: 0x00002164, Max: 0x00010000, ABSOLUTE)

    Base Addr    Size         Type   Attr      Idx    E Section Name        Object

    0x08000000   0x00000150   Data   RO         2376    RESET               startup_gd32f3x0.o
    0x08000150   0x00000000   Code   RO         2422  * .ARM.Collect$$$$00000000  mc_w.l(entry.o)
    0x08000150   0x00000004   Code   RO         2700    .ARM.Collect$$$$00000001  mc_w.l(entry2.o)
    0x08000154   0x00000004   Code   RO         2703    .ARM.Collect$$$$00000004  mc_w.l(entry5.o)
    0x08000158   0x00000000   Code   RO         2705    .ARM.Collect$$$$00000008  mc_w.l(entry7b.o)
    0x08000158   0x00000000   Code   RO         2707    .ARM.Collect$$$$0000000A  mc_w.l(entry8b.o)
    0x08000158   0x00000008   Code   RO         2708    .ARM.Collect$$$$0000000B  mc_w.l(entry9a.o)
    0x08000160   0x00000000   Code   RO         2710    .ARM.Collect$$$$0000000D  mc_w.l(entry10a.o)
    0x08000160   0x00000000   Code   RO         2712    .ARM.Collect$$$$0000000F  mc_w.l(entry11a.o)
    0x08000160   0x00000004   Code   RO         2701    .ARM.Collect$$$$00002712  mc_w.l(entry2.o)
    0x08000164   0x00000024   Code   RO         2377    .text               startup_gd32f3x0.o
    0x08000188   0x000000e4   Code   RO         2686    .text               mf_w.l(dmul.o)
    0x0800026c   0x000000de   Code   RO         2688    .text               mf_w.l(ddiv.o)
    0x0800034a   0x00000022   Code   RO         2690    .text               mf_w.l(dflti.o)
    0x0800036c   0x0000001a   Code   RO         2692    .text               mf_w.l(dfltui.o)
    0x08000386   0x00000026   Code   RO         2696    .text               mf_w.l(f2d.o)
    0x080003ac   0x00000038   Code   RO         2698    .text               mf_w.l(d2f.o)
    0x080003e4   0x0000002c   Code   RO         2715    .text               mc_w.l(uidiv.o)
    0x08000410   0x00000062   Code   RO         2717    .text               mc_w.l(uldiv.o)
    0x08000472   0x00000020   Code   RO         2719    .text               mc_w.l(llushr.o)
    0x08000492   0x00000000   Code   RO         2721    .text               mc_w.l(iusefp.o)
    0x08000492   0x0000006e   Code   RO         2722    .text               mf_w.l(fepilogue.o)
    0x08000500   0x000000ba   Code   RO         2724    .text               mf_w.l(depilogue.o)
    0x080005ba   0x0000014e   Code   RO         2726    .text               mf_w.l(dadd.o)
    0x08000708   0x00000030   Code   RO         2728    .text               mf_w.l(dfixul.o)
    0x08000738   0x00000030   Code   RO         2730    .text               mf_w.l(cdrcmple.o)
    0x08000768   0x00000024   Code   RO         2732    .text               mc_w.l(init.o)
    0x0800078c   0x0000001e   Code   RO         2734    .text               mc_w.l(llshl.o)
    0x080007aa   0x00000024   Code   RO         2736    .text               mc_w.l(llsshr.o)
    0x080007ce   0x00000002   PAD
    0x080007d0   0x00000074   Code   RO            4    i.EXTI4_15_IRQHandler  main.o
    0x08000844   0x00000016   Code   RO          122    i.LH001_55_adc_channel  lh001_55.o
    0x0800085a   0x00000002   PAD
    0x0800085c   0x00000060   Code   RO          123    i.LH001_55_adc_code2mv  lh001_55.o
    0x080008bc   0x00000014   Code   RO          124    i.LH001_55_adc_go   lh001_55.o
    0x080008d0   0x000000b6   Code   RO          125    i.LH001_55_adc_init  lh001_55.o
    0x08000986   0x00000014   Code   RO          126    i.LH001_55_adc_stop  lh001_55.o
    0x0800099a   0x00000002   PAD
    0x0800099c   0x0000008c   Code   RO            5    i.LH001_55_init     main.o
    0x08000a28   0x00000060   Code   RO          134    i.LH001_55_pga_init  lh001_55.o
    0x08000a88   0x0000007e   Code   RO          135    i.LH001_55_post_setup  lh001_55.o
    0x08000b06   0x00000014   Code   RO          136    i.LH001_55_rdatac_start  lh001_55.o
    0x08000b1a   0x00000014   Code   RO          137    i.LH001_55_rdatac_stop  lh001_55.o
    0x08000b2e   0x0000008a   Code   RO          140    i.LH001_55_read_data_nofifo  lh001_55.o
    0x08000bb8   0x00000100   Code   RO          141    i.LH001_55_read_regs  lh001_55.o
    0x08000cb8   0x0000002a   Code   RO          142    i.LH001_55_reg_dump  lh001_55.o
    0x08000ce2   0x00000014   Code   RO          146    i.LH001_55_sw_reset  lh001_55.o
    0x08000cf6   0x00000124   Code   RO          149    i.LH001_55_write_regs  lh001_55.o
    0x08000e1a   0x00000002   PAD
    0x08000e1c   0x0000009c   Code   RO         2385    i.SystemInit        system_gd32f3x0.o
    0x08000eb8   0x00000020   Code   RO         2658    i.__0printf         mc_w.l(printfa.o)
    0x08000ed8   0x0000000e   Code   RO         2740    i.__scatterload_copy  mc_w.l(handlers.o)
    0x08000ee6   0x00000002   Code   RO         2741    i.__scatterload_null  mc_w.l(handlers.o)
    0x08000ee8   0x0000000e   Code   RO         2742    i.__scatterload_zeroinit  mc_w.l(handlers.o)
    0x08000ef6   0x00000002   PAD
    0x08000ef8   0x00000164   Code   RO         2665    i._fp_digits        mc_w.l(printfa.o)
    0x0800105c   0x000006dc   Code   RO         2666    i._printf_core      mc_w.l(printfa.o)
    0x08001738   0x00000024   Code   RO         2667    i._printf_post_padding  mc_w.l(printfa.o)
    0x0800175c   0x0000002e   Code   RO         2668    i._printf_pre_padding  mc_w.l(printfa.o)
    0x0800178a   0x0000002a   Code   RO         1988    i.debug_pin_init    uart_print.o
    0x080017b4   0x00000068   Code   RO          316    i.exti_init         gd32f3x0_exti.o
    0x0800181c   0x0000000c   Code   RO          319    i.exti_interrupt_flag_clear  gd32f3x0_exti.o
    0x08001828   0x00000024   Code   RO          320    i.exti_interrupt_flag_get  gd32f3x0_exti.o
    0x0800184c   0x00000028   Code   RO         1991    i.fputc             uart_print.o
    0x08001874   0x00000056   Code   RO          611    i.gpio_af_set       gd32f3x0_gpio.o
    0x080018ca   0x00000048   Code   RO          619    i.gpio_mode_set     gd32f3x0_gpio.o
    0x08001912   0x0000006e   Code   RO          621    i.gpio_output_options_set  gd32f3x0_gpio.o
    0x08001980   0x000000bc   Code   RO            7    i.main              main.o
    0x08001a3c   0x00000088   Code   RO         2042    i.nvic_irq_enable   gd32f3x0_misc.o
    0x08001ac4   0x00000014   Code   RO         2043    i.nvic_priority_group_set  gd32f3x0_misc.o
    0x08001ad8   0x00000014   Code   RO         2044    i.nvic_vector_table_set  gd32f3x0_misc.o
    0x08001aec   0x000001bc   Code   RO         2111    i.rcu_clock_freq_get  gd32f3x0_rcu.o
    0x08001ca8   0x0000001c   Code   RO         2131    i.rcu_periph_clock_enable  gd32f3x0_rcu.o
    0x08001cc4   0x0000001c   Code   RO         2134    i.rcu_periph_reset_disable  gd32f3x0_rcu.o
    0x08001ce0   0x0000001c   Code   RO         2135    i.rcu_periph_reset_enable  gd32f3x0_rcu.o
    0x08001cfc   0x0000000a   Code   RO          736    i.spi_enable        gd32f3x0_spi.o
    0x08001d06   0x00000006   Code   RO          738    i.spi_i2s_data_receive  gd32f3x0_spi.o
    0x08001d0c   0x00000004   Code   RO          739    i.spi_i2s_data_transmit  gd32f3x0_spi.o
    0x08001d10   0x00000030   Code   RO          740    i.spi_i2s_deinit    gd32f3x0_spi.o
    0x08001d40   0x0000000a   Code   RO          741    i.spi_i2s_flag_get  gd32f3x0_spi.o
    0x08001d4a   0x0000002e   Code   RO          745    i.spi_init          gd32f3x0_spi.o
    0x08001d78   0x00000010   Code   RO          752    i.spi_struct_para_init  gd32f3x0_spi.o
    0x08001d88   0x0000000a   Code   RO         1951    i.stm_lh_delay_10us  spi_port.o
    0x08001d92   0x00000002   PAD
    0x08001d94   0x00000114   Code   RO         1952    i.stm_lh_spi_init   spi_port.o
    0x08001ea8   0x00000034   Code   RO         1953    i.stm_lh_spi_txrx8bit  spi_port.o
    0x08001edc   0x0000005c   Code   RO          958    i.syscfg_exti_line_config  gd32f3x0_syscfg.o
    0x08001f38   0x00000054   Code   RO         2386    i.system_clock_84m_irc8m  system_gd32f3x0.o
    0x08001f8c   0x000000a4   Code   RO         1992    i.uart_print_init   uart_print.o
    0x08002030   0x00000054   Code   RO         1500    i.usart_baudrate_set  gd32f3x0_usart.o
    0x08002084   0x00000008   Code   RO         1507    i.usart_data_transmit  gd32f3x0_usart.o
    0x0800208c   0x00000030   Code   RO         1508    i.usart_deinit      gd32f3x0_usart.o
    0x080020bc   0x0000000a   Code   RO         1515    i.usart_enable      gd32f3x0_usart.o
    0x080020c6   0x00000016   Code   RO         1517    i.usart_flag_get    gd32f3x0_usart.o
    0x080020dc   0x00000018   Code   RO         1540    i.usart_parity_config  gd32f3x0_usart.o
    0x080020f4   0x00000010   Code   RO         1542    i.usart_receive_config  gd32f3x0_usart.o
    0x08002104   0x00000018   Code   RO         1561    i.usart_stop_bit_set  gd32f3x0_usart.o
    0x0800211c   0x00000010   Code   RO         1563    i.usart_transmit_config  gd32f3x0_usart.o
    0x0800212c   0x00000018   Code   RO         1567    i.usart_word_length_set  gd32f3x0_usart.o
    0x08002144   0x00000020   Data   RO         2738    Region$$Table       anon$$obj.o


    Execution Region RW_IRAM1 (Base: 0x20000000, Size: 0x000002a0, Max: 0x00002000, ABSOLUTE)

    Base Addr    Size         Type   Attr      Idx    E Section Name        Object

    0x20000000   0x00000098   Data   RW            8    .data               main.o
    0x20000098   0x00000004   Data   RW         2714    .data               mc_w.l(stdout.o)
    0x2000009c   0x00000004   PAD
    0x200000a0   0x00000200   Zero   RW         2374    STACK               startup_gd32f3x0.o


==============================================================================

Image component sizes


      Code (inc. data)   RO Data    RW Data    ZI Data      Debug   Object Name

       152         22          0          0          0       2094   gd32f3x0_exti.o
       268          0          0          0          0       2600   gd32f3x0_gpio.o
       176         22          0          0          0       2488   gd32f3x0_misc.o
       528         66          0          0          0       4479   gd32f3x0_rcu.o
       140          6          0          0          0       4906   gd32f3x0_spi.o
        92          6          0          0          0        826   gd32f3x0_syscfg.o
       276         12          0          0          0       6664   gd32f3x0_usart.o
      1350         16          0          0          0      10586   lh001_55.o
       444         74          0        152          0      58552   main.o
       338         12          0          0          0       1968   spi_port.o
        36          8        336          0        512        872   startup_gd32f3x0.o
       240         32          0          0          0       1797   system_gd32f3x0.o
       246         14          0          0          0       1871   uart_print.o

    ----------------------------------------------------------------------
      4294        290        368        152        512      99703   Object Totals
         0          0         32          0          0          0   (incl. Generated)
         8          0          0          0          0          0   (incl. Padding)

    ----------------------------------------------------------------------

      Code (inc. data)   RO Data    RW Data    ZI Data      Debug   Library Member Name

         0          0          0          0          0          0   entry.o
         0          0          0          0          0          0   entry10a.o
         0          0          0          0          0          0   entry11a.o
         8          4          0          0          0          0   entry2.o
         4          0          0          0          0          0   entry5.o
         0          0          0          0          0          0   entry7b.o
         0          0          0          0          0          0   entry8b.o
         8          4          0          0          0          0   entry9a.o
        30          0          0          0          0          0   handlers.o
        36          8          0          0          0         68   init.o
         0          0          0          0          0          0   iusefp.o
        30          0          0          0          0         68   llshl.o
        36          0          0          0          0         68   llsshr.o
        32          0          0          0          0         68   llushr.o
      2226         90          0          0          0        444   printfa.o
         0          0          0          4          0          0   stdout.o
        44          0          0          0          0         80   uidiv.o
        98          0          0          0          0         92   uldiv.o
        48          0          0          0          0         68   cdrcmple.o
        56          0          0          0          0         88   d2f.o
       334          0          0          0          0        148   dadd.o
       222          0          0          0          0        100   ddiv.o
       186          0          0          0          0        176   depilogue.o
        48          0          0          0          0         68   dfixul.o
        34          0          0          0          0         76   dflti.o
        26          0          0          0          0         76   dfltui.o
       228          0          0          0          0         96   dmul.o
        38          0          0          0          0         68   f2d.o
       110          0          0          0          0        168   fepilogue.o

    ----------------------------------------------------------------------
      3886        106          0          4          4       2020   Library Totals
         4          0          0          0          4          0   (incl. Padding)

    ----------------------------------------------------------------------

      Code (inc. data)   RO Data    RW Data    ZI Data      Debug   Library Name

      2552        106          0          4          0        888   mc_w.l
      1330          0          0          0          0       1132   mf_w.l

    ----------------------------------------------------------------------
      3886        106          0          4          4       2020   Library Totals

    ----------------------------------------------------------------------

==============================================================================


      Code (inc. data)   RO Data    RW Data    ZI Data      Debug   

      8180        396        368        156        516      95939   Grand Totals
      8180        396        368        156        516      95939   ELF Image Totals
      8180        396        368        156          0          0   ROM Totals

==============================================================================

    Total RO  Size (Code + RO Data)                 8548 (   8.35kB)
    Total RW  Size (RW Data + ZI Data)               672 (   0.66kB)
    Total ROM Size (Code + RO Data + RW Data)       8704 (   8.50kB)

==============================================================================

